---
source: crates/bijux-dna-analyze/tests/contracts/pipeline/pipeline_e2e.rs
assertion_line: 149
expression: "bijux_testkit::snapshot_normalize_json(&json)"
---
{
  "adapter_inference": {
    "rationale": "Adapter detection ran before trimming.",
    "safety": "Inference only applies when adapters are not explicitly set.",
    "suggested_adapters": {}
  },
  "assets_provenance": [
    {
      "banks": {},
      "stage_id": "fastq.detect_adapters",
      "tool_id": "tool"
    },
    {
      "banks": {},
      "stage_id": "fastq.filter",
      "tool_id": "tool"
    },
    {
      "banks": {},
      "stage_id": "fastq.qc_post",
      "tool_id": "tool"
    },
    {
      "banks": {},
      "stage_id": "fastq.stats_neutral",
      "tool_id": "tool"
    },
    {
      "banks": {},
      "stage_id": "fastq.trim",
      "tool_id": "tool"
    },
    {
      "banks": {},
      "stage_id": "fastq.validate_pre",
      "tool_id": "tool"
    }
  ],
  "completeness": {
    "missing_metrics": [],
    "missing_reports": [
      "fastq.detect_adapters:metrics_path",
      "fastq.detect_adapters:retention_report",
      "fastq.filter:metrics_path",
      "fastq.filter:retention_report",
      "fastq.qc_post:metrics_path",
      "fastq.qc_post:retention_report",
      "fastq.stats_neutral:metrics_path",
      "fastq.stats_neutral:retention_report",
      "fastq.trim:metrics_path",
      "fastq.trim:retention_report",
      "fastq.validate_pre:metrics_path",
      "fastq.validate_pre:retention_report"
    ],
    "status": "incomplete"
  },
  "contract": {
    "required_provenance_fields": [
      "tool_id",
      "tool_version",
      "image_digest",
      "trace_id",
      "span_id",
      "params_hash",
      "bank_hashes"
    ],
    "required_sections": [
      "contract",
      "completeness",
      "stages",
      "provenance",
      "run_provenance",
      "decision_config",
      "analysis_selection_contract",
      "retention_definition",
      "retention_context",
      "assets_provenance",
      "metric_semantics",
      "telemetry",
      "qc_improvement",
      "final_qc_summary",
      "filter_interpretation",
      "adapter_inference",
      "claims_registry"
    ],
    "schema_version": "bijux.report_contract.v1"
  },
  "filter_interpretation": {},
  "final_qc_summary": {
    "adapter_inference": {
      "rationale": "Adapter detection ran before trimming.",
      "safety": "Inference only applies when adapters are not explicitly set.",
      "suggested_adapters": {}
    },
    "qc": {}
  },
  "metric_semantics": [
    {
      "direction": "LowerBetter",
      "influencing_params": [],
      "metric_id": "runtime_s",
      "missing_data_policy": "treat_as_infinite",
      "range": ">= 0",
      "units": "seconds"
    },
    {
      "direction": "LowerBetter",
      "influencing_params": [],
      "metric_id": "memory_mb",
      "missing_data_policy": "treat_as_infinite",
      "range": ">= 0",
      "units": "MB"
    },
    {
      "direction": "HigherBetter",
      "influencing_params": [
        "adapter_bank",
        "trim_settings",
        "filter_settings"
      ],
      "metric_id": "read_retention",
      "missing_data_policy": "treat_as_0.0",
      "range": "[0, 1]",
      "units": "ratio"
    },
    {
      "direction": "HigherBetter",
      "influencing_params": [
        "adapter_bank",
        "trim_settings",
        "filter_settings"
      ],
      "metric_id": "base_retention",
      "missing_data_policy": "treat_as_0.0",
      "range": "[0, 1]",
      "units": "ratio"
    },
    {
      "direction": "HigherBetter",
      "influencing_params": [
        "merge_policy"
      ],
      "metric_id": "merge_rate",
      "missing_data_policy": "treat_as_0.0",
      "range": "[0, 1]",
      "units": "ratio"
    },
    {
      "direction": "HigherBetter",
      "influencing_params": [
        "corrector_settings"
      ],
      "metric_id": "error_reduction_proxy",
      "missing_data_policy": "treat_as_0.0",
      "range": "[0, 45]",
      "units": "mean_q_delta"
    }
  ],
  "pipeline_verdict": {
    "reasons": [],
    "verdict": "pass"
  },
  "provenance": [
    {
      "bank_hashes": {},
      "image_digest": "sha256:img",
      "params_hash": "params",
      "span_id": "span-fastq.detect_adapters",
      "stage_id": "fastq.detect_adapters",
      "tool_id": "tool",
      "tool_version": "0.0.0",
      "trace_id": "trace-1"
    },
    {
      "bank_hashes": {},
      "image_digest": "sha256:img",
      "params_hash": "params",
      "span_id": "span-fastq.filter",
      "stage_id": "fastq.filter",
      "tool_id": "tool",
      "tool_version": "0.0.0",
      "trace_id": "trace-1"
    },
    {
      "bank_hashes": {},
      "image_digest": "sha256:img",
      "params_hash": "params",
      "span_id": "span-fastq.qc_post",
      "stage_id": "fastq.qc_post",
      "tool_id": "tool",
      "tool_version": "0.0.0",
      "trace_id": "trace-1"
    },
    {
      "bank_hashes": {},
      "image_digest": "sha256:img",
      "params_hash": "params",
      "span_id": "span-fastq.stats_neutral",
      "stage_id": "fastq.stats_neutral",
      "tool_id": "tool",
      "tool_version": "0.0.0",
      "trace_id": "trace-1"
    },
    {
      "bank_hashes": {},
      "image_digest": "sha256:img",
      "params_hash": "params",
      "span_id": "span-fastq.trim",
      "stage_id": "fastq.trim",
      "tool_id": "tool",
      "tool_version": "0.0.0",
      "trace_id": "trace-1"
    },
    {
      "bank_hashes": {},
      "image_digest": "sha256:img",
      "params_hash": "params",
      "span_id": "span-fastq.validate_pre",
      "stage_id": "fastq.validate_pre",
      "tool_id": "tool",
      "tool_version": "0.0.0",
      "trace_id": "trace-1"
    }
  ],
  "qc_improvement": {},
  "retention_context": [],
  "retention_definition": [],
  "run_id": "fastq-to-fastq__default__v1",
  "schema_version": "bijux.report.v1",
  "sections": {
    "accounting": {
      "stages": [
        {
          "bases": 800,
          "reads": 80,
          "stage_id": "fastq.detect_adapters",
          "tool_id": "tool"
        },
        {
          "bases": 800,
          "reads": 80,
          "stage_id": "fastq.filter",
          "tool_id": "tool"
        },
        {
          "bases": 800,
          "reads": 80,
          "stage_id": "fastq.qc_post",
          "tool_id": "tool"
        },
        {
          "bases": 800,
          "reads": 80,
          "stage_id": "fastq.stats_neutral",
          "tool_id": "tool"
        },
        {
          "bases": 800,
          "reads": 80,
          "stage_id": "fastq.trim",
          "tool_id": "tool"
        },
        {
          "bases": 800,
          "reads": 80,
          "stage_id": "fastq.validate_pre",
          "tool_id": "tool"
        }
      ]
    },
    "adapter_config": {},
    "analysis_selection_contract": {
      "criteria": [
        "runtime_s",
        "memory_mb",
        "retention_ratio"
      ],
      "notes": "Selection uses bench medians per tool and the configured objective weights.",
      "objectives": [
        {
          "objective": "speed",
          "ranking": "lower score is better",
          "scoring": "weighted_sum(runtime, memory, retention)",
          "weights": {
            "memory": 0.0,
            "retention": 0.0,
            "runtime": 1.0
          }
        },
        {
          "objective": "memory",
          "ranking": "lower score is better",
          "scoring": "weighted_sum(runtime, memory, retention)",
          "weights": {
            "memory": 1.0,
            "retention": 0.0,
            "runtime": 0.0
          }
        },
        {
          "objective": "retention",
          "ranking": "lower score is better",
          "scoring": "weighted_sum(runtime, memory, retention)",
          "weights": {
            "memory": 0.0,
            "retention": -1.0,
            "runtime": 0.0
          }
        },
        {
          "objective": "balanced",
          "ranking": "lower score is better",
          "scoring": "weighted_sum(runtime, memory, retention)",
          "weights": {
            "memory": 1.0,
            "retention": -100.0,
            "runtime": 1.0
          }
        }
      ],
      "selection_strategy": "objective_weights"
    },
    "assertions": {
      "entries": [
        {
          "results": [],
          "stage_id": "fastq.detect_adapters",
          "tool_id": "tool"
        },
        {
          "results": [],
          "stage_id": "fastq.filter",
          "tool_id": "tool"
        },
        {
          "results": [],
          "stage_id": "fastq.qc_post",
          "tool_id": "tool"
        },
        {
          "results": [],
          "stage_id": "fastq.stats_neutral",
          "tool_id": "tool"
        },
        {
          "results": [],
          "stage_id": "fastq.trim",
          "tool_id": "tool"
        },
        {
          "results": [],
          "stage_id": "fastq.validate_pre",
          "tool_id": "tool"
        }
      ]
    },
    "bench_summary": {},
    "claims_registry": {
      "claims": []
    },
    "comparison_view": {
      "stages": []
    },
    "contaminant_summary": {
      "kmer_percent_removed": null,
      "kmer_reads_removed": null,
      "percent_removed": null,
      "reads_removed": null,
      "top_taxa": {}
    },
    "contamination": {
      "assets": [
        {
          "banks": {},
          "stage_id": "fastq.detect_adapters",
          "tool_id": "tool"
        },
        {
          "banks": {},
          "stage_id": "fastq.filter",
          "tool_id": "tool"
        },
        {
          "banks": {},
          "stage_id": "fastq.qc_post",
          "tool_id": "tool"
        },
        {
          "banks": {},
          "stage_id": "fastq.stats_neutral",
          "tool_id": "tool"
        },
        {
          "banks": {},
          "stage_id": "fastq.trim",
          "tool_id": "tool"
        },
        {
          "banks": {},
          "stage_id": "fastq.validate_pre",
          "tool_id": "tool"
        }
      ]
    },
    "data_contract_validation": {
      "missing_metrics": [],
      "missing_reports": [
        "fastq.detect_adapters:metrics_path",
        "fastq.detect_adapters:retention_report",
        "fastq.filter:metrics_path",
        "fastq.filter:retention_report",
        "fastq.qc_post:metrics_path",
        "fastq.qc_post:retention_report",
        "fastq.stats_neutral:metrics_path",
        "fastq.stats_neutral:retention_report",
        "fastq.trim:metrics_path",
        "fastq.trim:retention_report",
        "fastq.validate_pre:metrics_path",
        "fastq.validate_pre:retention_report"
      ],
      "status": "incomplete"
    },
    "decision_config": {
      "bootstrap_policy": {
        "enabled": false,
        "min_samples": 5,
        "samples": null
      },
      "compare_objective": "balanced_default",
      "objective_spec": {
        "name": "balanced",
        "weights": {
          "memory": 1.0,
          "retention": -100.0,
          "runtime": 1.0
        }
      },
      "outlier_policy": {
        "method": "mad",
        "threshold": 3.5
      },
      "schema_version": "bijux.decision_config.v1",
      "tie_break_policy": [
        "tool_id"
      ]
    },
    "decision_trace": {
      "entries": [
        {
          "adapter_validation": {},
          "contaminant_action": false,
          "input_hash": "input",
          "missing_metrics": [],
          "missing_reports": [
            "metrics_path",
            "retention_report"
          ],
          "params_hash": "params",
          "quality_gate": {},
          "stage_id": "fastq.detect_adapters",
          "telemetry_decisions": [],
          "tool_id": "tool",
          "tool_version": "0.0.0"
        },
        {
          "adapter_validation": {},
          "contaminant_action": false,
          "input_hash": "input",
          "missing_metrics": [],
          "missing_reports": [
            "metrics_path",
            "retention_report"
          ],
          "params_hash": "params",
          "quality_gate": {},
          "stage_id": "fastq.filter",
          "telemetry_decisions": [],
          "tool_id": "tool",
          "tool_version": "0.0.0"
        },
        {
          "adapter_validation": {},
          "contaminant_action": false,
          "input_hash": "input",
          "missing_metrics": [],
          "missing_reports": [
            "metrics_path",
            "retention_report"
          ],
          "params_hash": "params",
          "quality_gate": {},
          "stage_id": "fastq.qc_post",
          "telemetry_decisions": [],
          "tool_id": "tool",
          "tool_version": "0.0.0"
        },
        {
          "adapter_validation": {},
          "contaminant_action": false,
          "input_hash": "input",
          "missing_metrics": [],
          "missing_reports": [
            "metrics_path",
            "retention_report"
          ],
          "params_hash": "params",
          "quality_gate": {},
          "stage_id": "fastq.stats_neutral",
          "telemetry_decisions": [],
          "tool_id": "tool",
          "tool_version": "0.0.0"
        },
        {
          "adapter_validation": {},
          "contaminant_action": false,
          "input_hash": "input",
          "missing_metrics": [],
          "missing_reports": [
            "metrics_path",
            "retention_report"
          ],
          "params_hash": "params",
          "quality_gate": {},
          "stage_id": "fastq.trim",
          "telemetry_decisions": [],
          "tool_id": "tool",
          "tool_version": "0.0.0"
        },
        {
          "adapter_validation": {},
          "contaminant_action": false,
          "input_hash": "input",
          "missing_metrics": [],
          "missing_reports": [
            "metrics_path",
            "retention_report"
          ],
          "params_hash": "params",
          "quality_gate": {},
          "stage_id": "fastq.validate_pre",
          "telemetry_decisions": [],
          "tool_id": "tool",
          "tool_version": "0.0.0"
        }
      ]
    },
    "failure_hints": {
      "count": 0,
      "failures": []
    },
    "failures": {
      "completeness": {
        "missing_metrics": [],
        "missing_reports": [
          "fastq.detect_adapters:metrics_path",
          "fastq.detect_adapters:retention_report",
          "fastq.filter:metrics_path",
          "fastq.filter:retention_report",
          "fastq.qc_post:metrics_path",
          "fastq.qc_post:retention_report",
          "fastq.stats_neutral:metrics_path",
          "fastq.stats_neutral:retention_report",
          "fastq.trim:metrics_path",
          "fastq.trim:retention_report",
          "fastq.validate_pre:metrics_path",
          "fastq.validate_pre:retention_report"
        ],
        "status": "incomplete"
      }
    },
    "filtering": {},
    "final_qc_summary": {
      "adapter_inference": {
        "rationale": "Adapter detection ran before trimming.",
        "safety": "Inference only applies when adapters are not explicitly set.",
        "suggested_adapters": {}
      },
      "qc": {}
    },
    "findings": {
      "claims": [],
      "recommendations": [],
      "suspected_issues": [],
      "warnings": []
    },
    "handoff": {},
    "impact_metrics": {
      "impact": [
        {
          "bases_dropped": 200,
          "reads_dropped": 20,
          "stage_id": "fastq.filter",
          "tool_id": "tool"
        },
        {
          "bases_dropped": 200,
          "reads_dropped": 20,
          "stage_id": "fastq.trim",
          "tool_id": "tool"
        }
      ]
    },
    "key_findings": [
      {
        "count": 12,
        "items": [
          "fastq.detect_adapters:metrics_path",
          "fastq.detect_adapters:retention_report",
          "fastq.filter:metrics_path",
          "fastq.filter:retention_report",
          "fastq.qc_post:metrics_path",
          "fastq.qc_post:retention_report",
          "fastq.stats_neutral:metrics_path",
          "fastq.stats_neutral:retention_report",
          "fastq.trim:metrics_path",
          "fastq.trim:retention_report",
          "fastq.validate_pre:metrics_path",
          "fastq.validate_pre:retention_report"
        ],
        "kind": "missing_reports"
      }
    ],
    "method_assumptions": {
      "assumptions": [
        "compare_objective defaults to balanced when not specified",
        "effect_size uses absolute/relative thresholds for practical significance",
        "outliers use MAD threshold 3.5",
        "bootstrap confidence intervals are disabled by default",
        "tie-breaks are resolved by tool_id when scores are equal"
      ],
      "bootstrap_policy": {
        "enabled": false,
        "min_samples": 5,
        "samples": null
      },
      "compare_objective": "balanced_default",
      "decision_policy_version": "bijux.decision_policy.v1",
      "effect_thresholds": {
        "absolute": 0.05,
        "relative": 0.05
      },
      "objective_spec": {
        "name": "balanced",
        "weights": {
          "memory": 1.0,
          "retention": -100.0,
          "runtime": 1.0
        }
      },
      "outlier_policy": {
        "method": "mad",
        "threshold": 3.5
      },
      "presets": [
        {
          "effective_config_path": "",
          "params_hash": "params",
          "stage_id": "fastq.detect_adapters",
          "tool_id": "tool",
          "tool_version": "0.0.0"
        },
        {
          "effective_config_path": "",
          "params_hash": "params",
          "stage_id": "fastq.filter",
          "tool_id": "tool",
          "tool_version": "0.0.0"
        },
        {
          "effective_config_path": "",
          "params_hash": "params",
          "stage_id": "fastq.qc_post",
          "tool_id": "tool",
          "tool_version": "0.0.0"
        },
        {
          "effective_config_path": "",
          "params_hash": "params",
          "stage_id": "fastq.stats_neutral",
          "tool_id": "tool",
          "tool_version": "0.0.0"
        },
        {
          "effective_config_path": "",
          "params_hash": "params",
          "stage_id": "fastq.trim",
          "tool_id": "tool",
          "tool_version": "0.0.0"
        },
        {
          "effective_config_path": "",
          "params_hash": "params",
          "stage_id": "fastq.validate_pre",
          "tool_id": "tool",
          "tool_version": "0.0.0"
        }
      ],
      "tie_break_policy": [
        "tool_id"
      ],
      "tools": [
        {
          "image_digest": "sha256:img",
          "params_hash": "params",
          "stage_id": "fastq.detect_adapters",
          "tool_id": "tool",
          "tool_version": "0.0.0"
        },
        {
          "image_digest": "sha256:img",
          "params_hash": "params",
          "stage_id": "fastq.filter",
          "tool_id": "tool",
          "tool_version": "0.0.0"
        },
        {
          "image_digest": "sha256:img",
          "params_hash": "params",
          "stage_id": "fastq.qc_post",
          "tool_id": "tool",
          "tool_version": "0.0.0"
        },
        {
          "image_digest": "sha256:img",
          "params_hash": "params",
          "stage_id": "fastq.stats_neutral",
          "tool_id": "tool",
          "tool_version": "0.0.0"
        },
        {
          "image_digest": "sha256:img",
          "params_hash": "params",
          "stage_id": "fastq.trim",
          "tool_id": "tool",
          "tool_version": "0.0.0"
        },
        {
          "image_digest": "sha256:img",
          "params_hash": "params",
          "stage_id": "fastq.validate_pre",
          "tool_id": "tool",
          "tool_version": "0.0.0"
        }
      ]
    },
    "metric_provenance": {},
    "pipeline_defaults": {
      "defaults_ledger": {
        "assumptions": [],
        "citations": {},
        "param_provenance": {
          "fastq.correct": {
            "assumptions": [],
            "citations": [],
            "comparability_implications": [],
            "rationale": "pipeline default"
          },
          "fastq.detect_adapters": {
            "assumptions": [],
            "citations": [],
            "comparability_implications": [],
            "rationale": "pipeline default"
          },
          "fastq.filter": {
            "assumptions": [],
            "citations": [],
            "comparability_implications": [],
            "rationale": "pipeline default"
          },
          "fastq.merge": {
            "assumptions": [],
            "citations": [],
            "comparability_implications": [],
            "rationale": "pipeline default"
          },
          "fastq.preprocess": {
            "assumptions": [],
            "citations": [],
            "comparability_implications": [],
            "rationale": "pipeline default"
          },
          "fastq.qc_post": {
            "assumptions": [],
            "citations": [],
            "comparability_implications": [],
            "rationale": "pipeline default"
          },
          "fastq.screen": {
            "assumptions": [],
            "citations": [],
            "comparability_implications": [],
            "rationale": "pipeline default"
          },
          "fastq.stats_neutral": {
            "assumptions": [],
            "citations": [],
            "comparability_implications": [],
            "rationale": "pipeline default"
          },
          "fastq.trim": {
            "assumptions": [],
            "citations": [],
            "comparability_implications": [],
            "rationale": "pipeline default"
          },
          "fastq.umi": {
            "assumptions": [],
            "citations": [],
            "comparability_implications": [],
            "rationale": "pipeline default"
          },
          "fastq.validate_pre": {
            "assumptions": [],
            "citations": [],
            "comparability_implications": [],
            "rationale": "pipeline default"
          }
        },
        "params": {
          "fastq.correct": {
            "paired_mode": "single_end",
            "q_cutoff": null,
            "threads": 1
          },
          "fastq.detect_adapters": {
            "paired_mode": "single_end",
            "sample_reads": null,
            "threads": 1
          },
          "fastq.filter": {
            "contaminant_db": null,
            "entropy_threshold": null,
            "low_complexity_threshold": null,
            "max_n": null,
            "max_n_count": null,
            "max_n_fraction": null,
            "n_policy": null,
            "paired_mode": "single_end",
            "polyx_policy": null,
            "threads": 1
          },
          "fastq.merge": {
            "merge_overlap": null,
            "min_len": null,
            "paired_mode": "single_end",
            "threads": 1
          },
          "fastq.preprocess": {
            "enable_contaminant_removal": false,
            "paired_mode": "single_end",
            "stages": [
              "fastq.validate_pre",
              "fastq.detect_adapters",
              "fastq.trim",
              "fastq.filter",
              "fastq.stats_neutral",
              "fastq.qc_post"
            ],
            "threads": 1
          },
          "fastq.qc_post": {
            "paired_mode": "single_end",
            "threads": 1
          },
          "fastq.screen": {
            "contaminant_db": null,
            "paired_mode": "single_end",
            "threads": 1
          },
          "fastq.stats_neutral": {
            "paired_mode": "single_end",
            "q_cutoff": null,
            "threads": 1
          },
          "fastq.trim": {
            "adapter_policy": "none",
            "contaminant_policy": null,
            "min_len": 0,
            "n_policy": null,
            "paired_mode": "single_end",
            "polyx_policy": null,
            "q_cutoff": null,
            "threads": 1
          },
          "fastq.umi": {
            "paired_mode": "single_end",
            "q_cutoff": null,
            "threads": 1
          },
          "fastq.validate_pre": {
            "paired_mode": "single_end",
            "q_cutoff": null,
            "threads": 1
          }
        },
        "pipeline_id": "fastq-to-fastq__default__v1",
        "thresholds": {},
        "tool_provenance": {},
        "tools": {}
      },
      "overrides": []
    },
    "pipeline_overview": {
      "stages": [
        {
          "image_digest": "sha256:img",
          "input_hash": "input",
          "output_hashes": [
            "out"
          ],
          "params_hash": "params",
          "scientific_preset": null,
          "stage_id": "fastq.detect_adapters",
          "tier_rationale": "unknown_tool",
          "tool_id": "tool",
          "tool_tier": "experimental",
          "tool_version": "0.0.0"
        },
        {
          "image_digest": "sha256:img",
          "input_hash": "input",
          "output_hashes": [
            "out"
          ],
          "params_hash": "params",
          "scientific_preset": null,
          "stage_id": "fastq.filter",
          "tier_rationale": "unknown_tool",
          "tool_id": "tool",
          "tool_tier": "experimental",
          "tool_version": "0.0.0"
        },
        {
          "image_digest": "sha256:img",
          "input_hash": "input",
          "output_hashes": [
            "out"
          ],
          "params_hash": "params",
          "scientific_preset": null,
          "stage_id": "fastq.qc_post",
          "tier_rationale": "unknown_tool",
          "tool_id": "tool",
          "tool_tier": "experimental",
          "tool_version": "0.0.0"
        },
        {
          "image_digest": "sha256:img",
          "input_hash": "input",
          "output_hashes": [
            "out"
          ],
          "params_hash": "params",
          "scientific_preset": null,
          "stage_id": "fastq.stats_neutral",
          "tier_rationale": "unknown_tool",
          "tool_id": "tool",
          "tool_tier": "experimental",
          "tool_version": "0.0.0"
        },
        {
          "image_digest": "sha256:img",
          "input_hash": "input",
          "output_hashes": [
            "out"
          ],
          "params_hash": "params",
          "scientific_preset": null,
          "stage_id": "fastq.trim",
          "tier_rationale": "unknown_tool",
          "tool_id": "tool",
          "tool_tier": "experimental",
          "tool_version": "0.0.0"
        },
        {
          "image_digest": "sha256:img",
          "input_hash": "input",
          "output_hashes": [
            "out"
          ],
          "params_hash": "params",
          "scientific_preset": null,
          "stage_id": "fastq.validate_pre",
          "tier_rationale": "unknown_tool",
          "tool_id": "tool",
          "tool_tier": "experimental",
          "tool_version": "0.0.0"
        }
      ]
    },
    "pipeline_verdict": {
      "aggregation_policy": {
        "fail_condition": "any stage fail",
        "pass_condition": "all stages pass",
        "rule": "worst_status",
        "schema_version": "bijux.pipeline_verdict_policy.v1",
        "warn_condition": "any stage warn and no stage fail"
      },
      "reasons": [],
      "verdict": "pass"
    },
    "qc": {},
    "qc_artifacts": {},
    "qc_delta": {
      "mean_q_delta": null,
      "qc_post_mean_q": null,
      "validate_pre_mean_q": null
    },
    "reproducibility": {
      "command": "unknown",
      "determinism_policy": {
        "float_format": "fixed_3",
        "html_table_order": "stage_id,tool_id",
        "json_canonicalization": "sorted_keys",
        "timestamp_format": "rfc3339_utc"
      },
      "finished_at": null,
      "image_digests": [
        "sha256:img"
      ],
      "input_hashes": [
        "input"
      ],
      "params_hashes": [
        "params"
      ],
      "tool_versions": [
        "0.0.0"
      ]
    },
    "retention": {
      "contexts": [],
      "definitions": []
    },
    "run_provenance": {
      "graph_hash": "unknown",
      "input_hashes": [],
      "stage_contracts": {}
    },
    "scientific_provenance": {
      "entries": [
        {
          "effective_params": {},
          "image_digest": "sha256:img",
          "input_hash": "input",
          "output_hashes": [
            "out"
          ],
          "params_hash": "params",
          "raw_params": {},
          "resolved_tool_version": null,
          "stage_id": "fastq.detect_adapters",
          "tool_id": "tool",
          "tool_version": "0.0.0"
        },
        {
          "effective_params": {},
          "image_digest": "sha256:img",
          "input_hash": "input",
          "output_hashes": [
            "out"
          ],
          "params_hash": "params",
          "raw_params": {},
          "resolved_tool_version": null,
          "stage_id": "fastq.filter",
          "tool_id": "tool",
          "tool_version": "0.0.0"
        },
        {
          "effective_params": {},
          "image_digest": "sha256:img",
          "input_hash": "input",
          "output_hashes": [
            "out"
          ],
          "params_hash": "params",
          "raw_params": {},
          "resolved_tool_version": null,
          "stage_id": "fastq.qc_post",
          "tool_id": "tool",
          "tool_version": "0.0.0"
        },
        {
          "effective_params": {},
          "image_digest": "sha256:img",
          "input_hash": "input",
          "output_hashes": [
            "out"
          ],
          "params_hash": "params",
          "raw_params": {},
          "resolved_tool_version": null,
          "stage_id": "fastq.stats_neutral",
          "tool_id": "tool",
          "tool_version": "0.0.0"
        },
        {
          "effective_params": {},
          "image_digest": "sha256:img",
          "input_hash": "input",
          "output_hashes": [
            "out"
          ],
          "params_hash": "params",
          "raw_params": {},
          "resolved_tool_version": null,
          "stage_id": "fastq.trim",
          "tool_id": "tool",
          "tool_version": "0.0.0"
        },
        {
          "effective_params": {},
          "image_digest": "sha256:img",
          "input_hash": "input",
          "output_hashes": [
            "out"
          ],
          "params_hash": "params",
          "raw_params": {},
          "resolved_tool_version": null,
          "stage_id": "fastq.validate_pre",
          "tool_id": "tool",
          "tool_version": "0.0.0"
        }
      ]
    },
    "stage_completeness": {
      "rows": [
        {
          "missing_metrics": [],
          "missing_reports": [
            "metrics_path",
            "retention_report"
          ],
          "stage_id": "fastq.detect_adapters",
          "status": "incomplete"
        },
        {
          "missing_metrics": [],
          "missing_reports": [
            "metrics_path",
            "retention_report"
          ],
          "stage_id": "fastq.filter",
          "status": "incomplete"
        },
        {
          "missing_metrics": [],
          "missing_reports": [
            "metrics_path",
            "retention_report"
          ],
          "stage_id": "fastq.qc_post",
          "status": "incomplete"
        },
        {
          "missing_metrics": [],
          "missing_reports": [
            "metrics_path",
            "retention_report"
          ],
          "stage_id": "fastq.stats_neutral",
          "status": "incomplete"
        },
        {
          "missing_metrics": [],
          "missing_reports": [
            "metrics_path",
            "retention_report"
          ],
          "stage_id": "fastq.trim",
          "status": "incomplete"
        },
        {
          "missing_metrics": [],
          "missing_reports": [
            "metrics_path",
            "retention_report"
          ],
          "stage_id": "fastq.validate_pre",
          "status": "incomplete"
        }
      ]
    },
    "stage_confidence": {
      "entries": [
        {
          "bucket": "high",
          "reasons": [],
          "score": 1.0,
          "stage_id": "fastq.detect_adapters",
          "tool_id": "tool"
        },
        {
          "bucket": "high",
          "reasons": [],
          "score": 1.0,
          "stage_id": "fastq.filter",
          "tool_id": "tool"
        },
        {
          "bucket": "high",
          "reasons": [],
          "score": 1.0,
          "stage_id": "fastq.qc_post",
          "tool_id": "tool"
        },
        {
          "bucket": "high",
          "reasons": [],
          "score": 1.0,
          "stage_id": "fastq.stats_neutral",
          "tool_id": "tool"
        },
        {
          "bucket": "high",
          "reasons": [],
          "score": 1.0,
          "stage_id": "fastq.trim",
          "tool_id": "tool"
        },
        {
          "bucket": "high",
          "reasons": [],
          "score": 1.0,
          "stage_id": "fastq.validate_pre",
          "tool_id": "tool"
        }
      ]
    },
    "stage_plots": {
      "entries": [
        {
          "base_retention": 0.8,
          "gc_delta": null,
          "mean_q_delta": null,
          "read_retention": 0.8,
          "stage_id": "fastq.detect_adapters",
          "tool_id": "tool"
        },
        {
          "base_retention": 0.8,
          "gc_delta": null,
          "mean_q_delta": null,
          "read_retention": 0.8,
          "stage_id": "fastq.filter",
          "tool_id": "tool"
        },
        {
          "base_retention": 0.8,
          "gc_delta": null,
          "mean_q_delta": null,
          "read_retention": 0.8,
          "stage_id": "fastq.qc_post",
          "tool_id": "tool"
        },
        {
          "base_retention": 0.8,
          "gc_delta": null,
          "mean_q_delta": null,
          "read_retention": 0.8,
          "stage_id": "fastq.stats_neutral",
          "tool_id": "tool"
        },
        {
          "base_retention": 0.8,
          "gc_delta": null,
          "mean_q_delta": null,
          "read_retention": 0.8,
          "stage_id": "fastq.trim",
          "tool_id": "tool"
        },
        {
          "base_retention": 0.8,
          "gc_delta": null,
          "mean_q_delta": null,
          "read_retention": 0.8,
          "stage_id": "fastq.validate_pre",
          "tool_id": "tool"
        }
      ],
      "waterfall": [
        {
          "read_retention": 0.8,
          "stage_id": "fastq.detect_adapters"
        },
        {
          "read_retention": 0.8,
          "stage_id": "fastq.filter"
        },
        {
          "read_retention": 0.8,
          "stage_id": "fastq.qc_post"
        },
        {
          "read_retention": 0.8,
          "stage_id": "fastq.stats_neutral"
        },
        {
          "read_retention": 0.8,
          "stage_id": "fastq.trim"
        },
        {
          "read_retention": 0.8,
          "stage_id": "fastq.validate_pre"
        }
      ]
    },
    "trimming": {
      "retention_context": [],
      "retention_definition": []
    }
  },
  "stages": [
    {
      "bank_report_path": null,
      "effective_config_path": "",
      "exit_code": 0,
      "input_hash": "input",
      "memory_mb": 64.0,
      "metrics_path": "",
      "params_hash": "params",
      "retention_report_path": null,
      "runtime_s": 1.0,
      "stage_id": "fastq.detect_adapters",
      "stage_report_path": "fastq.detect_adapters/stage_report.json",
      "tool_id": "tool",
      "tool_invocation_path": "",
      "tool_version": "0.0.0"
    },
    {
      "bank_report_path": null,
      "effective_config_path": "",
      "exit_code": 0,
      "input_hash": "input",
      "memory_mb": 64.0,
      "metrics_path": "",
      "params_hash": "params",
      "retention_report_path": null,
      "runtime_s": 1.0,
      "stage_id": "fastq.filter",
      "stage_report_path": "fastq.filter/stage_report.json",
      "tool_id": "tool",
      "tool_invocation_path": "",
      "tool_version": "0.0.0"
    },
    {
      "bank_report_path": null,
      "effective_config_path": "",
      "exit_code": 0,
      "input_hash": "input",
      "memory_mb": 64.0,
      "metrics_path": "",
      "params_hash": "params",
      "retention_report_path": null,
      "runtime_s": 1.0,
      "stage_id": "fastq.qc_post",
      "stage_report_path": "fastq.qc_post/stage_report.json",
      "tool_id": "tool",
      "tool_invocation_path": "",
      "tool_version": "0.0.0"
    },
    {
      "bank_report_path": null,
      "effective_config_path": "",
      "exit_code": 0,
      "input_hash": "input",
      "memory_mb": 64.0,
      "metrics_path": "",
      "params_hash": "params",
      "retention_report_path": null,
      "runtime_s": 1.0,
      "stage_id": "fastq.stats_neutral",
      "stage_report_path": "fastq.stats_neutral/stage_report.json",
      "tool_id": "tool",
      "tool_invocation_path": "",
      "tool_version": "0.0.0"
    },
    {
      "bank_report_path": null,
      "effective_config_path": "",
      "exit_code": 0,
      "input_hash": "input",
      "memory_mb": 64.0,
      "metrics_path": "",
      "params_hash": "params",
      "retention_report_path": null,
      "runtime_s": 1.0,
      "stage_id": "fastq.trim",
      "stage_report_path": "fastq.trim/stage_report.json",
      "tool_id": "tool",
      "tool_invocation_path": "",
      "tool_version": "0.0.0"
    },
    {
      "bank_report_path": null,
      "effective_config_path": "",
      "exit_code": 0,
      "input_hash": "input",
      "memory_mb": 64.0,
      "metrics_path": "",
      "params_hash": "params",
      "retention_report_path": null,
      "runtime_s": 1.0,
      "stage_id": "fastq.validate_pre",
      "stage_report_path": "fastq.validate_pre/stage_report.json",
      "tool_id": "tool",
      "tool_invocation_path": "",
      "tool_version": "0.0.0"
    }
  ],
  "telemetry": {
    "error_count": 0,
    "event_count": 0,
    "events": [
      "fastq.detect_adapters/telemetry/events.jsonl",
      "fastq.filter/telemetry/events.jsonl",
      "fastq.qc_post/telemetry/events.jsonl",
      "fastq.stats_neutral/telemetry/events.jsonl",
      "fastq.trim/telemetry/events.jsonl",
      "fastq.validate_pre/telemetry/events.jsonl"
    ]
  }
}
