---
source: crates/bijux-api/tests/public_surface.rs
expression: snapshot
---
pub mod\n  args\n  bam_plan\n  bam_router\n  bam_support\n  cross_router\n  fastq_router\n  fastq_stats_neutral\n  run\n  run_index\n\npub use\n  pub use args::{\n  pub use bijux_analyze::compare::compare_runs_with_baseline;\n  pub use bijux_analyze::export::write_stage_summary_csv;\n  pub use bijux_analyze::{\n  pub use bijux_core::run_index::*;\n  pub use bijux_core::selection::{objective_spec, Objective};\n  pub use bijux_core::{\n  pub use bijux_core::{FactsRowV1, StagePlanV1};\n  pub use bijux_domain_bam::{bam_stage_completeness, BamStage};\n  pub use bijux_domain_fastq::banks as fastq_banks;\n  pub use bijux_domain_fastq::{\n  pub use bijux_engine::api::{\n  pub use bijux_env_builder::image_qa::run_image_qa;\n  pub use bijux_env_runtime::api::{\n  pub use bijux_infra::normalize_run_base_dir;\n  pub use bijux_pipelines::registry::PipelineRegistry;\n  pub use bijux_pipelines::{Domain, PipelineProfile};\n  pub use bijux_stages_fastq::args as fastq_args;\n  pub use run::{
