---
source: crates/bijux-api/tests/schema/api_stability.rs
expression: json
---
{
  "guardrails": {
    "bijux-api": {
      "error": "<error>",
      "status": "fail"
    },
    "bijux-core": {
      "error": "<error>",
      "status": "fail"
    },
    "bijux-engine": {
      "error": "<error>",
      "status": "fail"
    }
  }
}
