---
source: crates/bijux-planner-bam/tests/plan_snapshots.rs
expression: json
---
{
  "edges": [
    {
      "from": "bam.qc_pre",
      "to": "bam.qc_post"
    }
  ],
  "pipeline_id": "bam.qc.v1",
  "planner_version": "bijux-planner-bam.v1",
  "policy": "prefer_accuracy",
  "schema_version": "bijux.execution_graph.v1",
  "steps": [
    {
      "aux_images": {},
      "command": {
        "template": [
          "mosdepth"
        ]
      },
      "expected_artifact_ids": [],
      "image": {
        "digest": null,
        "image": "mosdepth:latest"
      },
      "io": {
        "inputs": [
          {
            "name": "input",
            "path": "input.bam"
          }
        ],
        "outputs": [
          {
            "name": "output",
            "path": "output.bam"
          }
        ]
      },
      "metrics_schema_ids": [],
      "out_dir": "out",
      "resources": {
        "mem_gb": 1,
        "runtime": "docker",
        "threads": 1,
        "tmp_gb": 1
      },
      "step_id": "bam.qc_post"
    },
    {
      "aux_images": {},
      "command": {
        "template": [
          "samtools"
        ]
      },
      "expected_artifact_ids": [],
      "image": {
        "digest": null,
        "image": "samtools:latest"
      },
      "io": {
        "inputs": [
          {
            "name": "input",
            "path": "input.bam"
          }
        ],
        "outputs": [
          {
            "name": "output",
            "path": "output.bam"
          }
        ]
      },
      "metrics_schema_ids": [],
      "out_dir": "out",
      "resources": {
        "mem_gb": 1,
        "runtime": "docker",
        "threads": 1,
        "tmp_gb": 1
      },
      "step_id": "bam.qc_pre"
    }
  ]
}
