---
source: crates/bijux-dna-planner-fastq/tests/contracts/explain/explainability.rs
expression: reason_json
---
{
  "details": {
    "contract_hash": "97b06c6717a0a7970725500fbab15646efc387063d9f329a1408bdda638f62c1",
    "defaults_diff": {}
  },
  "kind": "default",
  "summary": "default selection for fastq.screen_taxonomy"
}
