---
source: crates/bijux-dna-planner-fastq/tests/contracts/explain/explainability.rs
expression: reason_json
---
{
  "details": {
    "contract_hash": "f71bce7140707166641421ea8ed5d9f1732682201075f457b2acb90c95588abe",
    "defaults_diff": {}
  },
  "kind": "default",
  "summary": "default selection for fastq.profile_reads"
}
