---
source: crates/bijux-dna-planner-fastq/tests/contracts/explain/explainability.rs
assertion_line: 166
expression: reason_json
---
{
  "details": {
    "contract_hash": "4bfdd820e4d4b9a8d1cf696b5476a58882328786a834cad2372ee28176069907",
    "defaults_diff": {}
  },
  "kind": "default",
  "summary": "default selection for fastq.screen_taxonomy"
}
