---
source: crates/bijux-dna-planner-fastq/tests/contracts/explain/explainability.rs
assertion_line: 166
expression: reason_json
---
{
  "details": {
    "contract_hash": "dbaadeecc2611c37d4e9e8147973eed27844cf713cf4490cb8265374673446c3",
    "defaults_diff": {}
  },
  "kind": "default",
  "summary": "default selection for fastq.trim_reads"
}
