---
source: crates/bijux-policies/tests/boundaries/surface/crate_tree_contract.rs
assertion_line: 47
expression: "lines.join(\"\\n\")"
---
[bijux-analyze]
Cargo.toml
README.md
docs/ARCHITECTURE.md
docs/CHANGE_RULES.md
docs/DATA_MODEL.md
docs/DECISIONS.md
docs/DETERMINISM.md
docs/EFFECTS.md
docs/FAILURE_ANALYSIS.md
docs/FAILURE_TAXONOMY.md
docs/INDEX.md
docs/INTERPRETATION.md
docs/PERFORMANCE_BUDGET.md
docs/REPORT_CONTRACT.md
docs/SCHEMA.md
docs/SCOPE.md
docs/TESTS.md
src/aggregate/OWNER.md
src/aggregate/metrics/bench.rs
src/aggregate/metrics/fastq.rs
src/aggregate/metrics/metrics_base.rs
src/aggregate/metrics/mod.rs
src/aggregate/mod.rs
src/aggregate/schema/defs.rs
src/aggregate/schema/fields/bench.rs
src/aggregate/schema/fields/field_catalog.rs
src/aggregate/schema/fields/mod.rs
src/aggregate/schema/fields/stage_metrics.rs
src/aggregate/schema/lookup.rs
src/aggregate/schema/mod.rs
src/aggregate/stats.rs
src/contract.rs
src/decision/OWNER.md
src/decision/compare.rs
src/decision/effect.rs
src/decision/mod.rs
src/decision/score.rs
src/decision/score_helpers/mod.rs
src/decision/score_helpers/normalization.rs
src/decision/score_helpers/ties.rs
src/decision/score_helpers/weights.rs
src/export.rs
src/failure.rs
src/lib.rs
src/load/OWNER.md
src/load/facts.rs
src/load/mod.rs
src/load/run_index.rs
src/load/run_summary.rs
src/load/sqlite/mod.rs
src/load/sqlite/queries/bench.rs
src/load/sqlite/queries/bench_results_fastq.rs
src/load/sqlite/queries/core_other.rs
src/load/sqlite/queries/core_trim.rs
src/load/sqlite/queries/mod.rs
src/load/sqlite/queries/quality.rs
src/load/sqlite/queries/query_shared.rs
src/load/sqlite/queries/reports.rs
src/load/sqlite/rows.rs
src/model/OWNER.md
src/model/dashboard.rs
src/model/facts.rs
src/model/json.rs
src/model/mod.rs
src/model/run.rs
src/pipeline/OWNER.md
src/pipeline/compute_step.rs
src/pipeline/load_step.rs
src/pipeline/mod.rs
src/pipeline/render_step.rs
src/pipeline/report_step.rs
src/pipeline/validate_step.rs
src/report/OWNER.md
src/report/bench.rs
src/report/bench/export.rs
src/report/bench/recommendations.rs
src/report/bench/summary.rs
src/report/build.rs
src/report/build/builder.rs
src/report/build/render.rs
src/report/mod.rs
src/report/model.rs
src/report/render/bundle.rs
src/report/render/html/mod.rs
src/report/render/html/sections.rs
src/report/render/html/template.rs
src/report/render/json.rs
src/report/render/markdown.rs
src/report/render/mod.rs
src/report/sections/mod.rs
src/report/sections/qc.rs
src/report/sections/schema.rs
src/report/sections_core.rs
src/report/sections_findings.rs
src/report/sections_metrics.rs
src/semantics/OWNER.md
src/semantics/metrics.rs
src/semantics/mod.rs
tests/boundaries.rs
tests/boundaries/guardrails.rs
tests/contracts.rs
tests/contracts/aggregate_metrics.rs
tests/contracts/analyze_contract.rs
tests/contracts/architecture.rs
tests/contracts/bench_integration.rs
tests/contracts/contract_handshake.rs
tests/contracts/contracts.rs
tests/contracts/core_contract_tests.rs
tests/contracts/core_metric_spine.rs
tests/contracts/dashboard_contract.rs
tests/contracts/dashboard_facts.rs
tests/contracts/fact_table.rs
tests/contracts/facts.rs
tests/contracts/facts_schema.rs
tests/contracts/failure_hints.rs
tests/contracts/fastq_trim.rs
tests/contracts/fastq_validate.rs
tests/contracts/golden_spine.rs
tests/contracts/load_large_facts.rs
tests/contracts/loader_contract.rs
tests/contracts/metric_schema.rs
tests/contracts/metric_semantics.rs
tests/contracts/no_raw_json.rs
tests/contracts/pipeline.rs
tests/contracts/pipeline/cross_handoff.rs
tests/contracts/pipeline/pipeline_e2e.rs
tests/contracts/pipeline/ssot_stage_ids.rs
tests/contracts/pipeline/stable_ordering.rs
tests/contracts/pipeline/stage_boundaries.rs
tests/contracts/public_api.rs
tests/contracts/report.rs
tests/contracts/report/docs_report_sections.rs
tests/contracts/report/performance_budget.rs
tests/contracts/report/report.rs
tests/contracts/report/report_build.rs
tests/contracts/report/report_completeness_blessed.rs
tests/contracts/report/report_completeness_contract.rs
tests/contracts/report/report_contract.rs
tests/contracts/report/report_determinism.rs
tests/contracts/report/report_privacy.rs
tests/contracts/report/report_size_budget.rs
tests/determinism.rs
tests/determinism/fixture_stability.rs
tests/fixtures/bench_compare/default/CASE.md
tests/fixtures/bench_compare/default/run_index.jsonl
tests/fixtures/bench_compare/run-a/CASE.md
tests/fixtures/bench_compare/run-a/manifest.json
tests/fixtures/bench_compare/run-a/metrics.json
tests/fixtures/bench_compare/run-b/CASE.md
tests/fixtures/bench_compare/run-b/manifest.json
tests/fixtures/bench_compare/run-b/metrics.json
tests/fixtures/compare_ranking/default/run_a/summary/CASE.md
tests/fixtures/compare_ranking/default/run_a/summary/metrics_deltas.json
tests/fixtures/compare_ranking/default/run_b/summary/CASE.md
tests/fixtures/compare_ranking/default/run_b/summary/metrics_deltas.json
tests/fixtures/compare_ranking/run_a/summary/CASE.md
tests/fixtures/compare_ranking/run_a/summary/metrics_deltas.json
tests/fixtures/compare_ranking/run_b/summary/CASE.md
tests/fixtures/compare_ranking/run_b/summary/metrics_deltas.json
tests/fixtures/golden_spine/bam-to-bam__adna_shotgun__v1/runs/bam-to-bam__adna_shotgun__v1/artifacts/defaults_ledger.json
tests/fixtures/golden_spine/bam-to-bam__adna_shotgun__v1/runs/bam-to-bam__adna_shotgun__v1/artifacts/facts.jsonl
tests/fixtures/golden_spine/bam-to-bam__adna_shotgun__v1/runs/bam-to-bam__adna_shotgun__v1/artifacts/report.html
tests/fixtures/golden_spine/bam-to-bam__adna_shotgun__v1/runs/bam-to-bam__adna_shotgun__v1/artifacts/report.json
tests/fixtures/golden_spine/bam-to-bam__adna_shotgun__v1/runs/bam-to-bam__adna_shotgun__v1/artifacts/report.md
tests/fixtures/golden_spine/bam-to-bam__adna_shotgun__v1/runs/bam-to-bam__adna_shotgun__v1/artifacts/report_bundle/assets/CASE.md
tests/fixtures/golden_spine/bam-to-bam__adna_shotgun__v1/runs/bam-to-bam__adna_shotgun__v1/artifacts/report_bundle/assets/style.css
tests/fixtures/golden_spine/bam-to-bam__adna_shotgun__v1/runs/bam-to-bam__adna_shotgun__v1/artifacts/report_bundle/index.html
tests/fixtures/golden_spine/bam-to-bam__adna_shotgun__v1/runs/bam-to-bam__adna_shotgun__v1/artifacts/report_bundle/report.json
tests/fixtures/golden_spine/bam-to-bam__adna_shotgun__v1/runs/bam-to-bam__adna_shotgun__v1/artifacts/run_manifest.json
tests/fixtures/golden_spine/bam-to-bam__adna_shotgun__v1/runs/bam-to-bam__adna_shotgun__v1/artifacts/run_summary.json
tests/fixtures/golden_spine/bam-to-bam__adna_shotgun__v1/runs/bam-to-bam__adna_shotgun__v1/artifacts/stage_0/CASE.md
tests/fixtures/golden_spine/bam-to-bam__adna_shotgun__v1/runs/bam-to-bam__adna_shotgun__v1/artifacts/stage_0/effective_config.json
tests/fixtures/golden_spine/bam-to-bam__adna_shotgun__v1/runs/bam-to-bam__adna_shotgun__v1/artifacts/stage_0/metrics.json
tests/fixtures/golden_spine/bam-to-bam__adna_shotgun__v1/runs/bam-to-bam__adna_shotgun__v1/artifacts/stage_0/stage_report.json
tests/fixtures/golden_spine/bam-to-bam__adna_shotgun__v1/runs/bam-to-bam__adna_shotgun__v1/artifacts/stage_0/tool_invocation.json
tests/fixtures/golden_spine/bam-to-bam__adna_shotgun__v1/runs/bam-to-bam__adna_shotgun__v1/artifacts/stage_1/CASE.md
tests/fixtures/golden_spine/bam-to-bam__adna_shotgun__v1/runs/bam-to-bam__adna_shotgun__v1/artifacts/stage_1/effective_config.json
tests/fixtures/golden_spine/bam-to-bam__adna_shotgun__v1/runs/bam-to-bam__adna_shotgun__v1/artifacts/stage_1/metrics.json
tests/fixtures/golden_spine/bam-to-bam__adna_shotgun__v1/runs/bam-to-bam__adna_shotgun__v1/artifacts/stage_1/stage_report.json
tests/fixtures/golden_spine/bam-to-bam__adna_shotgun__v1/runs/bam-to-bam__adna_shotgun__v1/artifacts/stage_1/tool_invocation.json
tests/fixtures/golden_spine/bam-to-bam__adna_shotgun__v1/runs/bam-to-bam__adna_shotgun__v1/artifacts/stage_2/CASE.md
tests/fixtures/golden_spine/bam-to-bam__adna_shotgun__v1/runs/bam-to-bam__adna_shotgun__v1/artifacts/stage_2/effective_config.json
tests/fixtures/golden_spine/bam-to-bam__adna_shotgun__v1/runs/bam-to-bam__adna_shotgun__v1/artifacts/stage_2/metrics.json
tests/fixtures/golden_spine/bam-to-bam__adna_shotgun__v1/runs/bam-to-bam__adna_shotgun__v1/artifacts/stage_2/stage_report.json
tests/fixtures/golden_spine/bam-to-bam__adna_shotgun__v1/runs/bam-to-bam__adna_shotgun__v1/artifacts/stage_2/tool_invocation.json
tests/fixtures/golden_spine/bam-to-bam__adna_shotgun__v1/runs/bam-to-bam__adna_shotgun__v1/artifacts/stage_3/CASE.md
tests/fixtures/golden_spine/bam-to-bam__adna_shotgun__v1/runs/bam-to-bam__adna_shotgun__v1/artifacts/stage_3/effective_config.json
tests/fixtures/golden_spine/bam-to-bam__adna_shotgun__v1/runs/bam-to-bam__adna_shotgun__v1/artifacts/stage_3/metrics.json
tests/fixtures/golden_spine/bam-to-bam__adna_shotgun__v1/runs/bam-to-bam__adna_shotgun__v1/artifacts/stage_3/stage_report.json
tests/fixtures/golden_spine/bam-to-bam__adna_shotgun__v1/runs/bam-to-bam__adna_shotgun__v1/artifacts/stage_3/tool_invocation.json
tests/fixtures/golden_spine/bam-to-bam__adna_shotgun__v1/runs/bam-to-bam__adna_shotgun__v1/artifacts/stage_4/CASE.md
tests/fixtures/golden_spine/bam-to-bam__adna_shotgun__v1/runs/bam-to-bam__adna_shotgun__v1/artifacts/stage_4/effective_config.json
tests/fixtures/golden_spine/bam-to-bam__adna_shotgun__v1/runs/bam-to-bam__adna_shotgun__v1/artifacts/stage_4/metrics.json
tests/fixtures/golden_spine/bam-to-bam__adna_shotgun__v1/runs/bam-to-bam__adna_shotgun__v1/artifacts/stage_4/stage_report.json
tests/fixtures/golden_spine/bam-to-bam__adna_shotgun__v1/runs/bam-to-bam__adna_shotgun__v1/artifacts/stage_4/tool_invocation.json
tests/fixtures/golden_spine/bam-to-bam__adna_shotgun__v1/runs/bam-to-bam__adna_shotgun__v1/artifacts/stage_5/CASE.md
tests/fixtures/golden_spine/bam-to-bam__adna_shotgun__v1/runs/bam-to-bam__adna_shotgun__v1/artifacts/stage_5/effective_config.json
tests/fixtures/golden_spine/bam-to-bam__adna_shotgun__v1/runs/bam-to-bam__adna_shotgun__v1/artifacts/stage_5/metrics.json
tests/fixtures/golden_spine/bam-to-bam__adna_shotgun__v1/runs/bam-to-bam__adna_shotgun__v1/artifacts/stage_5/stage_report.json
tests/fixtures/golden_spine/bam-to-bam__adna_shotgun__v1/runs/bam-to-bam__adna_shotgun__v1/artifacts/stage_5/tool_invocation.json
tests/fixtures/golden_spine/bam-to-bam__adna_shotgun__v1/runs/bam-to-bam__adna_shotgun__v1/artifacts/stage_6/CASE.md
tests/fixtures/golden_spine/bam-to-bam__adna_shotgun__v1/runs/bam-to-bam__adna_shotgun__v1/artifacts/stage_6/effective_config.json
tests/fixtures/golden_spine/bam-to-bam__adna_shotgun__v1/runs/bam-to-bam__adna_shotgun__v1/artifacts/stage_6/metrics.json
tests/fixtures/golden_spine/bam-to-bam__adna_shotgun__v1/runs/bam-to-bam__adna_shotgun__v1/artifacts/stage_6/stage_report.json
tests/fixtures/golden_spine/bam-to-bam__adna_shotgun__v1/runs/bam-to-bam__adna_shotgun__v1/artifacts/stage_6/tool_invocation.json
tests/fixtures/golden_spine/bam-to-bam__adna_shotgun__v1/runs/bam-to-bam__adna_shotgun__v1/artifacts/stage_7/CASE.md
tests/fixtures/golden_spine/bam-to-bam__adna_shotgun__v1/runs/bam-to-bam__adna_shotgun__v1/artifacts/stage_7/effective_config.json
tests/fixtures/golden_spine/bam-to-bam__adna_shotgun__v1/runs/bam-to-bam__adna_shotgun__v1/artifacts/stage_7/metrics.json
tests/fixtures/golden_spine/bam-to-bam__adna_shotgun__v1/runs/bam-to-bam__adna_shotgun__v1/artifacts/stage_7/stage_report.json
tests/fixtures/golden_spine/bam-to-bam__adna_shotgun__v1/runs/bam-to-bam__adna_shotgun__v1/artifacts/stage_7/tool_invocation.json
tests/fixtures/golden_spine/bam-to-bam__adna_shotgun__v1/runs/bam-to-bam__adna_shotgun__v1/artifacts/stage_8/CASE.md
tests/fixtures/golden_spine/bam-to-bam__adna_shotgun__v1/runs/bam-to-bam__adna_shotgun__v1/artifacts/stage_8/effective_config.json
tests/fixtures/golden_spine/bam-to-bam__adna_shotgun__v1/runs/bam-to-bam__adna_shotgun__v1/artifacts/stage_8/metrics.json
tests/fixtures/golden_spine/bam-to-bam__adna_shotgun__v1/runs/bam-to-bam__adna_shotgun__v1/artifacts/stage_8/stage_report.json
tests/fixtures/golden_spine/bam-to-bam__adna_shotgun__v1/runs/bam-to-bam__adna_shotgun__v1/artifacts/stage_8/tool_invocation.json
tests/fixtures/golden_spine/bam-to-bam__adna_shotgun__v1/runs/bam-to-bam__adna_shotgun__v1/artifacts/stage_9/CASE.md
tests/fixtures/golden_spine/bam-to-bam__adna_shotgun__v1/runs/bam-to-bam__adna_shotgun__v1/artifacts/stage_9/effective_config.json
tests/fixtures/golden_spine/bam-to-bam__adna_shotgun__v1/runs/bam-to-bam__adna_shotgun__v1/artifacts/stage_9/metrics.json
tests/fixtures/golden_spine/bam-to-bam__adna_shotgun__v1/runs/bam-to-bam__adna_shotgun__v1/artifacts/stage_9/stage_report.json
tests/fixtures/golden_spine/bam-to-bam__adna_shotgun__v1/runs/bam-to-bam__adna_shotgun__v1/artifacts/stage_9/tool_invocation.json
tests/fixtures/golden_spine/bam-to-bam__adna_shotgun__v1/runs/bam-to-bam__adna_shotgun__v1/logs/CASE.md
tests/fixtures/golden_spine/bam-to-bam__adna_shotgun__v1/runs/bam-to-bam__adna_shotgun__v1/tmp/CASE.md
tests/fixtures/golden_spine/fastq-to-bam__default__v1/runs/fastq-to-bam__default__v1/artifacts/defaults_ledger.json
tests/fixtures/golden_spine/fastq-to-bam__default__v1/runs/fastq-to-bam__default__v1/artifacts/facts.jsonl
tests/fixtures/golden_spine/fastq-to-bam__default__v1/runs/fastq-to-bam__default__v1/artifacts/report.html
tests/fixtures/golden_spine/fastq-to-bam__default__v1/runs/fastq-to-bam__default__v1/artifacts/report.json
tests/fixtures/golden_spine/fastq-to-bam__default__v1/runs/fastq-to-bam__default__v1/artifacts/report.md
tests/fixtures/golden_spine/fastq-to-bam__default__v1/runs/fastq-to-bam__default__v1/artifacts/report_bundle/assets/CASE.md
tests/fixtures/golden_spine/fastq-to-bam__default__v1/runs/fastq-to-bam__default__v1/artifacts/report_bundle/assets/style.css
tests/fixtures/golden_spine/fastq-to-bam__default__v1/runs/fastq-to-bam__default__v1/artifacts/report_bundle/index.html
tests/fixtures/golden_spine/fastq-to-bam__default__v1/runs/fastq-to-bam__default__v1/artifacts/report_bundle/report.json
tests/fixtures/golden_spine/fastq-to-bam__default__v1/runs/fastq-to-bam__default__v1/artifacts/run_manifest.json
tests/fixtures/golden_spine/fastq-to-bam__default__v1/runs/fastq-to-bam__default__v1/artifacts/run_summary.json
tests/fixtures/golden_spine/fastq-to-bam__default__v1/runs/fastq-to-bam__default__v1/artifacts/stage_0/CASE.md
tests/fixtures/golden_spine/fastq-to-bam__default__v1/runs/fastq-to-bam__default__v1/artifacts/stage_0/effective_config.json
tests/fixtures/golden_spine/fastq-to-bam__default__v1/runs/fastq-to-bam__default__v1/artifacts/stage_0/metrics.json
tests/fixtures/golden_spine/fastq-to-bam__default__v1/runs/fastq-to-bam__default__v1/artifacts/stage_0/stage_report.json
tests/fixtures/golden_spine/fastq-to-bam__default__v1/runs/fastq-to-bam__default__v1/artifacts/stage_0/tool_invocation.json
tests/fixtures/golden_spine/fastq-to-bam__default__v1/runs/fastq-to-bam__default__v1/artifacts/stage_1/CASE.md
tests/fixtures/golden_spine/fastq-to-bam__default__v1/runs/fastq-to-bam__default__v1/artifacts/stage_1/effective_config.json
tests/fixtures/golden_spine/fastq-to-bam__default__v1/runs/fastq-to-bam__default__v1/artifacts/stage_1/metrics.json
tests/fixtures/golden_spine/fastq-to-bam__default__v1/runs/fastq-to-bam__default__v1/artifacts/stage_1/stage_report.json
tests/fixtures/golden_spine/fastq-to-bam__default__v1/runs/fastq-to-bam__default__v1/artifacts/stage_1/tool_invocation.json
tests/fixtures/golden_spine/fastq-to-bam__default__v1/runs/fastq-to-bam__default__v1/artifacts/stage_2/CASE.md
tests/fixtures/golden_spine/fastq-to-bam__default__v1/runs/fastq-to-bam__default__v1/artifacts/stage_2/effective_config.json
tests/fixtures/golden_spine/fastq-to-bam__default__v1/runs/fastq-to-bam__default__v1/artifacts/stage_2/metrics.json
tests/fixtures/golden_spine/fastq-to-bam__default__v1/runs/fastq-to-bam__default__v1/artifacts/stage_2/stage_report.json
tests/fixtures/golden_spine/fastq-to-bam__default__v1/runs/fastq-to-bam__default__v1/artifacts/stage_2/tool_invocation.json
tests/fixtures/golden_spine/fastq-to-bam__default__v1/runs/fastq-to-bam__default__v1/artifacts/stage_3/CASE.md
tests/fixtures/golden_spine/fastq-to-bam__default__v1/runs/fastq-to-bam__default__v1/artifacts/stage_3/effective_config.json
tests/fixtures/golden_spine/fastq-to-bam__default__v1/runs/fastq-to-bam__default__v1/artifacts/stage_3/metrics.json
tests/fixtures/golden_spine/fastq-to-bam__default__v1/runs/fastq-to-bam__default__v1/artifacts/stage_3/stage_report.json
tests/fixtures/golden_spine/fastq-to-bam__default__v1/runs/fastq-to-bam__default__v1/artifacts/stage_3/tool_invocation.json
tests/fixtures/golden_spine/fastq-to-bam__default__v1/runs/fastq-to-bam__default__v1/artifacts/stage_4/CASE.md
tests/fixtures/golden_spine/fastq-to-bam__default__v1/runs/fastq-to-bam__default__v1/artifacts/stage_4/effective_config.json
tests/fixtures/golden_spine/fastq-to-bam__default__v1/runs/fastq-to-bam__default__v1/artifacts/stage_4/metrics.json
tests/fixtures/golden_spine/fastq-to-bam__default__v1/runs/fastq-to-bam__default__v1/artifacts/stage_4/stage_report.json
tests/fixtures/golden_spine/fastq-to-bam__default__v1/runs/fastq-to-bam__default__v1/artifacts/stage_4/tool_invocation.json
tests/fixtures/golden_spine/fastq-to-bam__default__v1/runs/fastq-to-bam__default__v1/logs/CASE.md
tests/fixtures/golden_spine/fastq-to-bam__default__v1/runs/fastq-to-bam__default__v1/tmp/CASE.md
tests/fixtures/golden_spine/fastq-to-fastq__default__v1/runs/fastq-to-fastq__default__v1/artifacts/defaults_ledger.json
tests/fixtures/golden_spine/fastq-to-fastq__default__v1/runs/fastq-to-fastq__default__v1/artifacts/facts.jsonl
tests/fixtures/golden_spine/fastq-to-fastq__default__v1/runs/fastq-to-fastq__default__v1/artifacts/report.html
tests/fixtures/golden_spine/fastq-to-fastq__default__v1/runs/fastq-to-fastq__default__v1/artifacts/report.json
tests/fixtures/golden_spine/fastq-to-fastq__default__v1/runs/fastq-to-fastq__default__v1/artifacts/report.md
tests/fixtures/golden_spine/fastq-to-fastq__default__v1/runs/fastq-to-fastq__default__v1/artifacts/report_bundle/assets/CASE.md
tests/fixtures/golden_spine/fastq-to-fastq__default__v1/runs/fastq-to-fastq__default__v1/artifacts/report_bundle/assets/style.css
tests/fixtures/golden_spine/fastq-to-fastq__default__v1/runs/fastq-to-fastq__default__v1/artifacts/report_bundle/index.html
tests/fixtures/golden_spine/fastq-to-fastq__default__v1/runs/fastq-to-fastq__default__v1/artifacts/report_bundle/report.json
tests/fixtures/golden_spine/fastq-to-fastq__default__v1/runs/fastq-to-fastq__default__v1/artifacts/run_manifest.json
tests/fixtures/golden_spine/fastq-to-fastq__default__v1/runs/fastq-to-fastq__default__v1/artifacts/run_summary.json
tests/fixtures/golden_spine/fastq-to-fastq__default__v1/runs/fastq-to-fastq__default__v1/artifacts/stage_0/CASE.md
tests/fixtures/golden_spine/fastq-to-fastq__default__v1/runs/fastq-to-fastq__default__v1/artifacts/stage_0/effective_config.json
tests/fixtures/golden_spine/fastq-to-fastq__default__v1/runs/fastq-to-fastq__default__v1/artifacts/stage_0/metrics.json
tests/fixtures/golden_spine/fastq-to-fastq__default__v1/runs/fastq-to-fastq__default__v1/artifacts/stage_0/stage_report.json
tests/fixtures/golden_spine/fastq-to-fastq__default__v1/runs/fastq-to-fastq__default__v1/artifacts/stage_0/tool_invocation.json
tests/fixtures/golden_spine/fastq-to-fastq__default__v1/runs/fastq-to-fastq__default__v1/artifacts/stage_1/CASE.md
tests/fixtures/golden_spine/fastq-to-fastq__default__v1/runs/fastq-to-fastq__default__v1/artifacts/stage_1/effective_config.json
tests/fixtures/golden_spine/fastq-to-fastq__default__v1/runs/fastq-to-fastq__default__v1/artifacts/stage_1/metrics.json
tests/fixtures/golden_spine/fastq-to-fastq__default__v1/runs/fastq-to-fastq__default__v1/artifacts/stage_1/stage_report.json
tests/fixtures/golden_spine/fastq-to-fastq__default__v1/runs/fastq-to-fastq__default__v1/artifacts/stage_1/tool_invocation.json
tests/fixtures/golden_spine/fastq-to-fastq__default__v1/runs/fastq-to-fastq__default__v1/artifacts/stage_2/CASE.md
tests/fixtures/golden_spine/fastq-to-fastq__default__v1/runs/fastq-to-fastq__default__v1/artifacts/stage_2/effective_config.json
tests/fixtures/golden_spine/fastq-to-fastq__default__v1/runs/fastq-to-fastq__default__v1/artifacts/stage_2/metrics.json
tests/fixtures/golden_spine/fastq-to-fastq__default__v1/runs/fastq-to-fastq__default__v1/artifacts/stage_2/stage_report.json
tests/fixtures/golden_spine/fastq-to-fastq__default__v1/runs/fastq-to-fastq__default__v1/artifacts/stage_2/tool_invocation.json
tests/fixtures/golden_spine/fastq-to-fastq__default__v1/runs/fastq-to-fastq__default__v1/artifacts/stage_3/CASE.md
tests/fixtures/golden_spine/fastq-to-fastq__default__v1/runs/fastq-to-fastq__default__v1/artifacts/stage_3/effective_config.json
tests/fixtures/golden_spine/fastq-to-fastq__default__v1/runs/fastq-to-fastq__default__v1/artifacts/stage_3/metrics.json
tests/fixtures/golden_spine/fastq-to-fastq__default__v1/runs/fastq-to-fastq__default__v1/artifacts/stage_3/stage_report.json
tests/fixtures/golden_spine/fastq-to-fastq__default__v1/runs/fastq-to-fastq__default__v1/artifacts/stage_3/tool_invocation.json
tests/fixtures/golden_spine/fastq-to-fastq__default__v1/runs/fastq-to-fastq__default__v1/artifacts/stage_4/CASE.md
tests/fixtures/golden_spine/fastq-to-fastq__default__v1/runs/fastq-to-fastq__default__v1/artifacts/stage_4/effective_config.json
tests/fixtures/golden_spine/fastq-to-fastq__default__v1/runs/fastq-to-fastq__default__v1/artifacts/stage_4/metrics.json
tests/fixtures/golden_spine/fastq-to-fastq__default__v1/runs/fastq-to-fastq__default__v1/artifacts/stage_4/stage_report.json
tests/fixtures/golden_spine/fastq-to-fastq__default__v1/runs/fastq-to-fastq__default__v1/artifacts/stage_4/tool_invocation.json
tests/fixtures/golden_spine/fastq-to-fastq__default__v1/runs/fastq-to-fastq__default__v1/artifacts/stage_5/CASE.md
tests/fixtures/golden_spine/fastq-to-fastq__default__v1/runs/fastq-to-fastq__default__v1/artifacts/stage_5/effective_config.json
tests/fixtures/golden_spine/fastq-to-fastq__default__v1/runs/fastq-to-fastq__default__v1/artifacts/stage_5/metrics.json
tests/fixtures/golden_spine/fastq-to-fastq__default__v1/runs/fastq-to-fastq__default__v1/artifacts/stage_5/stage_report.json
tests/fixtures/golden_spine/fastq-to-fastq__default__v1/runs/fastq-to-fastq__default__v1/artifacts/stage_5/tool_invocation.json
tests/fixtures/golden_spine/fastq-to-fastq__default__v1/runs/fastq-to-fastq__default__v1/logs/CASE.md
tests/fixtures/golden_spine/fastq-to-fastq__default__v1/runs/fastq-to-fastq__default__v1/tmp/CASE.md
tests/fixtures/pipelines/bam-to-bam__adna_capture__v1/CASE.md
tests/fixtures/pipelines/bam-to-bam__adna_capture__v1/defaults_ledger.json
tests/fixtures/pipelines/bam-to-bam__adna_capture__v1/facts.jsonl
tests/fixtures/pipelines/bam-to-bam__adna_capture__v1/report.json
tests/fixtures/pipelines/bam-to-bam__adna_shotgun__v1/CASE.md
tests/fixtures/pipelines/bam-to-bam__adna_shotgun__v1/defaults_ledger.json
tests/fixtures/pipelines/bam-to-bam__adna_shotgun__v1/facts.jsonl
tests/fixtures/pipelines/bam-to-bam__adna_shotgun__v1/report.json
tests/fixtures/pipelines/fastq-to-bam__default__v1/CASE.md
tests/fixtures/pipelines/fastq-to-bam__default__v1/defaults_ledger.json
tests/fixtures/pipelines/fastq-to-bam__default__v1/facts.jsonl
tests/fixtures/pipelines/fastq-to-bam__default__v1/report.json
tests/fixtures/pipelines/fastq-to-fastq__default__v1/CASE.md
tests/fixtures/pipelines/fastq-to-fastq__default__v1/defaults_ledger.json
tests/fixtures/pipelines/fastq-to-fastq__default__v1/facts.jsonl
tests/fixtures/pipelines/fastq-to-fastq__default__v1/report.html
tests/fixtures/pipelines/fastq-to-fastq__default__v1/report.json
tests/fixtures/pipelines/fastq-to-fastq__default__v1/report.md
tests/fixtures/pipelines/fastq-to-fastq__default__v1/run_manifest.json
tests/fixtures/report/bank_report.json
tests/fixtures/report/default/CASE.md
tests/fixtures/report/default/bank_report.json
tests/fixtures/report/default/effective_config.json
tests/fixtures/report/default/retention_report.json
tests/fixtures/report/default/stage_report.json
tests/fixtures/report/default/tool_invocation.json
tests/fixtures/report/effective_config.json
tests/fixtures/report/failure/CASE.md
tests/fixtures/report/failure/defaults_ledger.json
tests/fixtures/report/failure/facts.jsonl
tests/fixtures/report/failure/report.html
tests/fixtures/report/failure/report.json
tests/fixtures/report/failure/report.md
tests/fixtures/report/happy/CASE.md
tests/fixtures/report/happy/defaults_ledger.json
tests/fixtures/report/happy/facts.jsonl
tests/fixtures/report/happy/report.html
tests/fixtures/report/happy/report.json
tests/fixtures/report/happy/report.md
tests/fixtures/report/missing/CASE.md
tests/fixtures/report/missing/defaults_ledger.json
tests/fixtures/report/missing/facts.jsonl
tests/fixtures/report/missing/report.html
tests/fixtures/report/missing/report.json
tests/fixtures/report/missing/report.md
tests/fixtures/report/perf_budget/CASE.md
tests/fixtures/report/perf_budget/defaults_ledger.json
tests/fixtures/report/perf_budget/report.html
tests/fixtures/report/perf_budget/report.json
tests/fixtures/report/perf_budget/report.md
tests/fixtures/report/provenance/CASE.md
tests/fixtures/report/provenance/defaults_ledger.json
tests/fixtures/report/provenance/facts.jsonl
tests/fixtures/report/provenance/report.html
tests/fixtures/report/provenance/report.json
tests/fixtures/report/provenance/report.md
tests/fixtures/report/retention_report.json
tests/fixtures/report/sections/CASE.md
tests/fixtures/report/sections/defaults_ledger.json
tests/fixtures/report/sections/facts.jsonl
tests/fixtures/report/sections/report.html
tests/fixtures/report/sections/report.json
tests/fixtures/report/sections/report.md
tests/fixtures/report/stage_report.json
tests/fixtures/report/tool_invocation.json
tests/guardrails.rs
tests/schemas.rs
tests/schemas/sqlite.rs
tests/schemas/sqlite/sql_query_lint.rs
tests/schemas/sqlite/sqlite_determinism.rs
tests/schemas/sqlite/sqlite_latest.rs
tests/schemas/sqlite/sqlite_migration.rs
tests/semantics.rs
tests/semantics/decision/compare_ranking.rs
tests/semantics/decision/compare_stats.rs
tests/semantics/decision/decision_trace.rs
tests/semantics/decision/ranking_ties.rs
tests/semantics/decision/selection_fastq.rs
tests/semantics/semantics.rs
tests/snapshots/bijux-analyze__contracts__dashboard_facts.jsonl
tests/snapshots/bijux-analyze__contracts__pipeline__bam-to-bam__adna_capture__v1.snap
tests/snapshots/bijux-analyze__contracts__pipeline__bam-to-bam__adna_shotgun__v1.snap
tests/snapshots/bijux-analyze__contracts__pipeline__fastq-to-bam__default__v1.snap
tests/snapshots/bijux-analyze__contracts__pipeline__fastq-to-fastq__default__v1.snap
tests/snapshots/bijux-analyze__contracts__run_report_bundle_index.html
tests/snapshots/bijux-analyze__schemas__failure_hint_adapter.json
tests/snapshots/bijux-analyze__schemas__failure_hint_adapter.snap
tests/snapshots/bijux-analyze__schemas__failure_hint_invalid.json
tests/snapshots/bijux-analyze__schemas__failure_hint_invalid.snap
tests/snapshots/bijux-analyze__schemas__failure_hint_timeout.json
tests/snapshots/bijux-analyze__schemas__failure_hint_timeout.snap
tests/snapshots/bijux-analyze__schemas__public_api.txt
tests/snapshots/bijux-analyze__schemas__run_report.json
tests/snapshots/bijux-analyze__schemas__run_summary.json
tests/snapshots/bijux-analyze__semantics__compare_ranking.snap
tests/snapshots/bijux-analyze__semantics__decision_trace_missing.json
tests/snapshots/bijux-analyze__semantics__decision_trace_outliers.json
[bijux-api]
Cargo.toml
README.md
docs/API.md
docs/API_STABILITY.md
docs/ARCHITECTURE.md
docs/BOUNDARIES.md
docs/BOUNDARY_CONTRACT.md
docs/CHANGE_RULES.md
docs/COMPATIBILITY_POLICY.md
docs/EFFECTS.md
docs/ENDPOINT_GUIDES.md
docs/INDEX.md
docs/LIFECYCLE.md
docs/REQUEST_FLOW.md
docs/SCOPE.md
docs/SECURITY.md
docs/TESTS.md
src/explain.rs
src/fastq_stats_neutral.rs
src/internal/api_internal.rs
src/internal/fastq/filter.rs
src/internal/fastq/merge.rs
src/internal/fastq/mod.rs
src/internal/fastq/preprocess.rs
src/internal/fastq/qc_post.rs
src/internal/fastq/screen.rs
src/internal/fastq/stages/correct.rs
src/internal/fastq/stages/mod.rs
src/internal/fastq/trim.rs
src/internal/fastq/umi.rs
src/internal/fastq/validate_pre.rs
src/internal/handlers/bam.rs
src/internal/handlers/bam_summary.rs
src/internal/handlers/cross/bam_exec.rs
src/internal/handlers/cross/fastq_to_bam.rs
src/internal/handlers/cross/manifests.rs
src/internal/handlers/cross/mod.rs
src/internal/handlers/fastq/explain.rs
src/internal/handlers/fastq/jobs.rs
src/internal/handlers/fastq/mod.rs
src/internal/handlers/fastq/summary.rs
src/internal/handlers/mod.rs
src/internal/mod.rs
src/lib.rs
src/qa.rs
src/request_args.rs
src/run.rs
src/tooling.rs
src/v1/api.rs
src/v1/bam/feature_flags.rs
src/v1/bam/mod.rs
src/v1/bam/plan.rs
src/v1/bench.rs
src/v1/env.rs
src/v1/fastq.rs
src/v1/mod.rs
src/v1/pipelines.rs
src/v1/plan.rs
src/v1/report.rs
src/v1/run.rs
src/v1/shared.rs
tests/boundaries.rs
tests/boundaries/guardrails.rs
tests/boundaries/guardrails/args_module.rs
tests/boundaries/guardrails/policies.rs
tests/boundaries/v1_cross_guardrails.rs
tests/contracts.rs
tests/contracts/v1_cross_contract_spine.rs
tests/contracts/v1_cross_explain_roundtrip.rs
tests/contracts/v1_cross_public_contract.rs
tests/guardrails.rs
tests/schemas.rs
tests/schemas/v1_cross_api_stability.rs
tests/schemas/v1_cross_contract_handshake.rs
tests/schemas/v1_cross_docs_schema_snapshots.rs
tests/schemas/v1_cross_public_surface.rs
tests/snapshots/bijux-api__schemas__dry_run_response_schema.snap
tests/snapshots/bijux-api__schemas__execute_response_schema.snap
tests/snapshots/bijux-api__schemas__explain_schema.snap
tests/snapshots/bijux-api__schemas__plan_response_schema.snap
tests/snapshots/bijux-api__schemas__policy_audit_schema.snap
tests/snapshots/bijux-api__schemas__public_surface.snap
tests/snapshots/bijux-api__schemas__scientific_provenance_contract.snap
tests/snapshots/bijux-api__schemas__status_schema.snap
[bijux-benchmark]
Cargo.toml
README.md
docs/ARCHITECTURE.md
docs/BENCH_CONTRACT.md
docs/BENCH_FORMAT.md
docs/CHANGE_RULES.md
docs/EFFECTS.md
docs/EXPLAINABILITY.md
docs/INDEX.md
docs/LEGACY.md
docs/REPRODUCIBILITY.md
docs/SCOPE.md
docs/SUITE_DESIGN.md
docs/TESTS.md
src/artifacts/mod.rs
src/artifacts/writer.rs
src/legacy/fastq.rs
src/legacy/mod.rs
src/lib.rs
src/repo/mod.rs
src/repo/run_repo.rs
src/repo/sqlite/catalog.rs
src/repo/sqlite/mod.rs
src/repo/sqlite/queries/mod.rs
src/repo/sqlite/queries/run_index.rs
src/summary.rs
tests/boundaries.rs
tests/boundaries/guardrails.rs
tests/contracts.rs
tests/contracts/architecture.rs
tests/contracts/bench_contract.rs
tests/contracts/contract_handshake.rs
tests/contracts/contracts.rs
tests/contracts/docs_fixtures.rs
tests/contracts/gate.rs
tests/contracts/no_panics_in_public_api.rs
tests/contracts/no_raw_json.rs
tests/contracts/owner_guardrail.rs
tests/contracts/public_api.rs
tests/contracts/public_api_owner.rs
tests/contracts/ssot_ids.rs
tests/determinism.rs
tests/determinism/bench_realistic_snapshot.rs
tests/determinism/compare.rs
tests/determinism/determinism.rs
tests/determinism/stable_ordering.rs
tests/fixtures/bench_artifacts/decision.json
tests/fixtures/bench_artifacts/default/CASE.md
tests/fixtures/bench_artifacts/default/decision.json
tests/fixtures/bench_artifacts/default/observations.jsonl
tests/fixtures/bench_artifacts/default/summary.json
tests/fixtures/bench_artifacts/observations.jsonl
tests/fixtures/bench_artifacts/summary.json
tests/fixtures/bench_bundle/decision.json
tests/fixtures/bench_bundle/default/CASE.md
tests/fixtures/bench_bundle/default/decision.json
tests/fixtures/bench_bundle/default/observations.jsonl
tests/fixtures/bench_bundle/default/summary.json
tests/fixtures/bench_bundle/observations.jsonl
tests/fixtures/bench_bundle/summary.json
tests/fixtures/handshake/default/CASE.md
tests/fixtures/handshake/default/run_record.json
tests/guardrails.rs
tests/semantics.rs
tests/semantics/gate/gate.rs
tests/semantics/gate/rejects_unknown_metric.rs
tests/snapshots/bijux-benchmark__contracts__bench_compare.json
tests/snapshots/bijux-benchmark__schemas__public_api.txt
[bijux-benchmark-model]
Cargo.toml
README.md
docs/ARCHITECTURE.md
docs/CHANGE_MODEL.md
docs/CHANGE_RULES.md
docs/COMPATIBILITY.md
docs/DECISION_EXPLAINABILITY.md
docs/DETERMINISM.md
docs/EFFECTS.md
docs/GATE_POLICY.md
docs/INDEX.md
docs/MODEL_GLOSSARY.md
docs/SCOPE.md
docs/STAT_ASSUMPTIONS.md
docs/TESTS.md
src/compare/diff.rs
src/compare/mod.rs
src/compare/stratify.rs
src/contract/mod.rs
src/contract/schemas.rs
src/error.rs
src/lib.rs
src/model/decision.rs
src/model/mod.rs
src/model/observation.rs
src/model/suite.rs
src/model/summary.rs
src/policy/gate_decision.rs
src/policy/gate_policy.rs
src/policy/mod.rs
src/stats/bootstrap.rs
src/stats/mod.rs
src/stats/outlier_detection.rs
src/stats/robust_estimators.rs
tests/boundaries.rs
tests/boundaries/guardrails.rs
tests/determinism.rs
tests/determinism/determinism.rs
tests/determinism/no_randomness.rs
tests/fixtures/public_surface/default/CASE.md
tests/fixtures/public_surface/default/public_surface.txt
tests/guardrails.rs
tests/schemas.rs
tests/schemas/public_api.rs
tests/schemas/public_api/docs_public_api.rs
tests/schemas/public_api/public_api.rs
tests/semantics.rs
tests/semantics/decision_explainability.rs
tests/semantics/semantics.rs
tests/semantics/ssot_metrics.rs
tests/snapshots/bijux-benchmark-model__schemas__public_api.txt
[bijux-cli]
Cargo.toml
README.md
docs/ARCHITECTURE.md
docs/BUG_REPORT.md
docs/CHANGE_RULES.md
docs/CLI_CONVENTIONS.md
docs/COMMANDS.md
docs/DRY_RUN.md
docs/EFFECTS.md
docs/HELP_STABILITY.md
docs/INDEX.md
docs/OUTPUT_FORMATS.md
docs/SCOPE.md
docs/TESTS.md
docs/UX_ERRORS.md
src/commands/bam.rs
src/commands/bench.rs
src/commands/cli/env.rs
src/commands/cli/execute.rs
src/commands/cli/mod.rs
src/commands/cli/parse.rs
src/commands/cli/parse/bam.rs
src/commands/cli/parse/common.rs
src/commands/cli/parse/fastq.rs
src/commands/cli/plan.rs
src/commands/cli/render/json.rs
src/commands/cli/render/mod.rs
src/commands/cli/validate.rs
src/commands/command_prelude.rs
src/commands/entry.rs
src/commands/fastq.rs
src/commands/mod.rs
src/commands/policies.rs
src/commands/report_inputs.rs
src/commands/run_plan.rs
src/commands/validation.rs
src/lib.rs
src/main.rs
tests/boundaries.rs
tests/boundaries/guardrails.rs
tests/boundaries/guardrails/architecture.rs
tests/boundaries/guardrails/architecture_guardrail.rs
tests/boundaries/guardrails/ci_contract.rs
tests/boundaries/guardrails/deps.rs
tests/boundaries/guardrails/no_process_spawn.rs
tests/boundaries/guardrails/policies.rs
tests/boundaries/guardrails/public_surface.rs
tests/contracts.rs
tests/contracts/banks.rs
tests/contracts/banks/adapter_bank_schema.rs
tests/contracts/banks/bank_fixtures.rs
tests/contracts/banks/bank_preset_resolution.rs
tests/contracts/banks/cli_preset_interaction.rs
tests/contracts/banks/contaminant_bank_schema.rs
tests/contracts/banks/polyx_bank_schema.rs
tests/contracts/dry_run.rs
tests/contracts/dry_run/fastq_golden.rs
tests/contracts/dry_run/fastq_pipeline.rs
tests/contracts/dry_run/fastq_run.rs
tests/guardrails.rs
tests/snapshots/bijux__contracts__bank_preset_resolution.json
tests/snapshots/bijux__schemas__public_surface.snap
tests/snapshots/bijux__snapshots__bam_run_help.txt
tests/snapshots/bijux__snapshots__fastq_filter_help.txt
tests/snapshots/bijux__snapshots__fastq_merge_help.txt
tests/snapshots/bijux__snapshots__fastq_preprocess_help.txt
tests/snapshots/bijux__snapshots__fastq_stats_help.txt
tests/snapshots/bijux__snapshots__fastq_trim_help.txt
tests/snapshots/bijux__snapshots__fastq_validate_help.txt
tests/snapshots/bijux__snapshots__preprocess_artifacts_tree.txt
tests/snapshots/help.rs
tests/snapshots/help/docs_help_snapshots.rs
[bijux-core]
Cargo.toml
README.md
docs/ARCHITECTURE.md
docs/BOUNDARIES.md
docs/CHANGE_RULES.md
docs/CONTRACTS.md
docs/CONTRACT_MAP.md
docs/CONTRACT_VERSIONING.md
docs/EFFECTS.md
docs/INDEX.md
docs/INVARIANTS.md
docs/PUBLIC_API.md
docs/SCOPE.md
docs/SERIALIZATION.md
docs/SSOT.md
docs/TESTS.md
src/contract/canonical.rs
src/contract/execution.rs
src/contract/execution/contract.rs
src/contract/execution/graph.rs
src/contract/execution/io.rs
src/contract/execution/manifest.rs
src/contract/execution/policy.rs
src/contract/execution/record.rs
src/contract/mod.rs
src/contract/run.rs
src/contract/run/domain.rs
src/contract/run/index.rs
src/contract/run/metadata.rs
src/contract/run/provenance.rs
src/contract/run/spec.rs
src/contract/tooling/mod.rs
src/contract/tooling/selection.rs
src/contract/version.rs
src/foundation/cache.rs
src/foundation/canonical.rs
src/foundation/command.rs
src/foundation/errors.rs
src/foundation/hashing.rs
src/foundation/input_assessment.rs
src/foundation/invariants.rs
src/foundation/measure.rs
src/foundation/mod.rs
src/foundation/version.rs
src/id_catalog.rs
src/ids.rs
src/lib.rs
src/metrics/mod.rs
src/metrics/registry.rs
src/metrics/semantics.rs
src/metrics/types.rs
src/prelude.rs
tests/boundaries.rs
tests/boundaries/core_scope_guardrail.rs
tests/boundaries/execution_graph_purity.rs
tests/boundaries/guardrails.rs
tests/boundaries/layering.rs
tests/contracts.rs
tests/contracts/canonicalization.rs
tests/contracts/contracts.rs
tests/contracts/execution_graph_validate.rs
tests/contracts/execution_plan_contract.rs
tests/contracts/prelude_snapshot.rs
tests/contracts/run_index.rs
tests/contracts/run_metadata.rs
tests/contracts/sanity.rs
tests/fixtures/prelude_exports/default/CASE.md
tests/fixtures/prelude_exports/default/prelude_exports.txt
tests/guardrails.rs
tests/schemas.rs
tests/schemas/docs_public_api.rs
tests/schemas/public_api_lock.rs
tests/schemas/public_module_tree.rs
tests/schemas/public_surface.rs
tests/schemas/public_surface_lock.rs
tests/semantics.rs
tests/semantics/ids.rs
tests/semantics/ids/smoke.rs
tests/semantics/input_assessment.rs
tests/semantics/metrics.rs
tests/semantics/metrics/registry.rs
tests/snapshots/bijux-core__schemas__public_module_tree.txt
tests/snapshots/bijux-core__schemas__public_surface.snap
[bijux-domain-bam]
Cargo.toml
README.md
docs/ARCHITECTURE.md
docs/CHANGE_RULES.md
docs/DOMAIN_MODEL.md
docs/EFFECTS.md
docs/FIXTURES.md
docs/INDEX.md
docs/INTERPRETATION.md
docs/METRICS.md
docs/METRICS_GLOSSARY.md
docs/PARAMS.md
docs/PHASES.md
docs/REFERENCES.md
docs/SCOPE.md
docs/TESTS.md
src/alignment.rs
src/defaults.rs
src/invariants/mod.rs
src/invariants/model.rs
src/invariants/specs.rs
src/lib.rs
src/metrics/catalog.rs
src/metrics/core/bundle.rs
src/metrics/core/complexity.rs
src/metrics/core/coverage.rs
src/metrics/core/damage.rs
src/metrics/core/mod.rs
src/metrics/downstream/authenticity.rs
src/metrics/downstream/contamination.rs
src/metrics/downstream/genotyping.rs
src/metrics/downstream/mod.rs
src/metrics/downstream/sex.rs
src/metrics/downstream/sufficiency.rs
src/metrics/downstream/verdict.rs
src/metrics/mod.rs
src/metrics/pre/alignment.rs
src/metrics/pre/fragment.rs
src/metrics/pre/idxstats.rs
src/metrics/pre/mapq.rs
src/metrics/pre/mod.rs
src/params/catalog.rs
src/params/core/common.rs
src/params/core/complexity.rs
src/params/core/damage.rs
src/params/core/markdup.rs
src/params/core/mod.rs
src/params/downstream/authenticity.rs
src/params/downstream/bias_mitigation.rs
src/params/downstream/contamination.rs
src/params/downstream/coverage.rs
src/params/downstream/genotyping.rs
src/params/downstream/haplogroups.rs
src/params/downstream/kinship.rs
src/params/downstream/mod.rs
src/params/downstream/recalibration.rs
src/params/downstream/sex.rs
src/params/mod.rs
src/params/pre/align.rs
src/params/pre/filter.rs
src/params/pre/mod.rs
src/params/pre/qc_pre.rs
src/params/pre/validate.rs
src/pipeline_contract.rs
src/prelude.rs
src/stage_specs/mod.rs
src/stage_specs/specs.rs
src/stage_specs/stage_specs_core.rs
src/stage_specs/stage_specs_downstream.rs
src/types/contig.rs
src/types/mod.rs
src/types/paths.rs
src/types/sample_meta.rs
tests/boundaries.rs
tests/boundaries/guardrails.rs
tests/boundaries/purity.rs
tests/contracts.rs
tests/contracts/canonical_serialization.rs
tests/contracts/completeness_contract.rs
tests/contracts/contract_docs.rs
tests/contracts/contract_harness.rs
tests/contracts/contracts.rs
tests/contracts/metrics_contract.rs
tests/contracts/parsers.rs
tests/contracts/parsers/bam_parsers.rs
tests/contracts/parsers/parsers.rs
tests/contracts/public_surface.rs
tests/contracts/reference_suite.rs
tests/contracts/reference_suite/reference_suite.rs
tests/contracts/ssot_literals.rs
tests/contracts/stage_contract_snapshots.rs
tests/determinism.rs
tests/determinism/fixture_stability.rs
tests/fixtures/bam/default/CASE.md
tests/fixtures/bam/default/contamination.json
tests/fixtures/bam/default/damageprofiler.json
tests/fixtures/bam/default/depth.txt
tests/fixtures/bam/default/flagstat.txt
tests/fixtures/bam/default/idxstats.txt
tests/fixtures/bam/default/mapdamage2.txt
tests/fixtures/bam/default/mosdepth.summary.txt
tests/fixtures/bam/default/preseq.txt
tests/fixtures/bam/default/pydamage.json
tests/fixtures/bam/default/samtools_stats.txt
tests/fixtures/bam/default/sex.json
tests/fixtures/reference/default/CASE.md
tests/fixtures/reference/default/authentic_adna.json
tests/fixtures/reference/default/kinship_pair_a.json
tests/fixtures/reference/default/kinship_pair_b.json
tests/fixtures/reference/default/low_complexity.json
tests/fixtures/reference/default/modern_contaminated.json
tests/guardrails.rs
tests/semantics.rs
tests/semantics/invariants.rs
tests/semantics/invariants/invariant_specs.rs
tests/semantics/invariants/phase_semantics.rs
tests/snapshots/bijux-domain-bam__contracts__stage_contract__bam_align.snap
tests/snapshots/bijux-domain-bam__contracts__stage_contract__bam_authenticity.snap
tests/snapshots/bijux-domain-bam__contracts__stage_contract__bam_bias_mitigation.snap
tests/snapshots/bijux-domain-bam__contracts__stage_contract__bam_complexity.snap
tests/snapshots/bijux-domain-bam__contracts__stage_contract__bam_contamination.snap
tests/snapshots/bijux-domain-bam__contracts__stage_contract__bam_coverage.snap
tests/snapshots/bijux-domain-bam__contracts__stage_contract__bam_damage.snap
tests/snapshots/bijux-domain-bam__contracts__stage_contract__bam_filter.snap
tests/snapshots/bijux-domain-bam__contracts__stage_contract__bam_genotyping.snap
tests/snapshots/bijux-domain-bam__contracts__stage_contract__bam_haplogroups.snap
tests/snapshots/bijux-domain-bam__contracts__stage_contract__bam_kinship.snap
tests/snapshots/bijux-domain-bam__contracts__stage_contract__bam_markdup.snap
tests/snapshots/bijux-domain-bam__contracts__stage_contract__bam_qc_pre.snap
tests/snapshots/bijux-domain-bam__contracts__stage_contract__bam_recalibration.snap
tests/snapshots/bijux-domain-bam__contracts__stage_contract__bam_sex.snap
tests/snapshots/bijux-domain-bam__contracts__stage_contract__bam_validate.snap
tests/support/README.md
tests/support/mod.rs
[bijux-domain-fastq]
Cargo.toml
README.md
docs/ARCHITECTURE.md
docs/BANKS.md
docs/CHANGE_RULES.md
docs/DOMAIN_MODEL.md
docs/EFFECTS.md
docs/FAILURE_PATTERNS.md
docs/INDEX.md
docs/METRICS.md
docs/PARAMS.md
docs/REFERENCES.md
docs/SCOPE.md
docs/STAGES.md
docs/TESTS.md
src/banks/adapter.rs
src/banks/contaminant.rs
src/banks/mod.rs
src/banks/polyx.rs
src/banks/selection.rs
src/bench_repository.rs
src/domain_adapter.rs
src/id_catalog.rs
src/invariants/evaluation.rs
src/invariants/metrics.rs
src/invariants/metrics/evaluate.rs
src/invariants/metrics/thresholds.rs
src/invariants/mod.rs
src/invariants/specs.rs
src/invariants/verdicts.rs
src/lib.rs
src/metrics/deltas.rs
src/metrics/mod.rs
src/metrics/spec.rs
src/metrics/types.rs
src/params/defaults.rs
src/params/detect_adapters.rs
src/params/filter.rs
src/params/merge.rs
src/params/mod.rs
src/params/preprocess.rs
src/params/qc_post.rs
src/params/screen.rs
src/params/trim.rs
src/params/validate.rs
src/pipeline_contract.rs
src/prelude.rs
src/run/corpus.rs
src/run/mod.rs
src/stage_contract.rs
src/stage_ids.rs
src/stage_semantics.rs
src/stage_specs.rs
src/stages/analyze.rs
src/stages/contract.rs
src/stages/ids.rs
src/stages/mod.rs
src/stages/semantics.rs
src/stages/specs.rs
src/types/adapter.rs
src/types/artifacts.rs
src/types/mod.rs
src/types/retention.rs
src/types/tool.rs
tests/boundaries.rs
tests/boundaries/guardrails.rs
tests/boundaries/purity.rs
tests/boundaries/purity/architecture.rs
tests/boundaries/purity/determinism.rs
tests/boundaries/purity/guardrails.rs
tests/boundaries/purity/purity.rs
tests/contracts.rs
tests/contracts/contract_docs.rs
tests/contracts/contract_harness.rs
tests/contracts/contracts.rs
tests/contracts/public_surface.rs
tests/contracts/ssot_literals.rs
tests/contracts/stage_contract_snapshots.rs
tests/determinism.rs
tests/determinism/fixture_stability.rs
tests/fixtures/trim_params/default/CASE.md
tests/fixtures/trim_params/default/trim_params.json
tests/guardrails.rs
tests/semantics.rs
tests/semantics/invariants.rs
tests/semantics/invariants/invariant_specs.rs
tests/semantics/invariants/invariants.rs
tests/semantics/observability.rs
tests/semantics/params_canonical.rs
tests/semantics/retention_semantics.rs
tests/semantics/retention_truth_table.rs
tests/semantics/semantics.rs
tests/snapshots/bijux-domain-fastq__contracts__stage_contract__fastq_correct.snap
tests/snapshots/bijux-domain-fastq__contracts__stage_contract__fastq_detect_adapters.snap
tests/snapshots/bijux-domain-fastq__contracts__stage_contract__fastq_filter.snap
tests/snapshots/bijux-domain-fastq__contracts__stage_contract__fastq_merge.snap
tests/snapshots/bijux-domain-fastq__contracts__stage_contract__fastq_preprocess.snap
tests/snapshots/bijux-domain-fastq__contracts__stage_contract__fastq_qc_post.snap
tests/snapshots/bijux-domain-fastq__contracts__stage_contract__fastq_screen.snap
tests/snapshots/bijux-domain-fastq__contracts__stage_contract__fastq_stats_neutral.snap
tests/snapshots/bijux-domain-fastq__contracts__stage_contract__fastq_trim.snap
tests/snapshots/bijux-domain-fastq__contracts__stage_contract__fastq_umi.snap
tests/snapshots/bijux-domain-fastq__contracts__stage_contract__fastq_validate_pre.snap
tests/support/README.md
tests/support/mod.rs
[bijux-engine]
Cargo.toml
README.md
clippy.toml
docs/ARCHITECTURE.md
docs/CHANGE_RULES.md
docs/DETERMINISM.md
docs/EFFECTS.md
docs/EFFECT_BOUNDARY.md
docs/ENGINE_CONTRACT.md
docs/ENGINE_MODEL.md
docs/ERRORS.md
docs/ERROR_TAXONOMY.md
docs/EXTENSION_POINTS.md
docs/INDEX.md
docs/RECORDING_TRUTH_SET.md
docs/SCOPE.md
docs/TESTS.md
src/errors.rs
src/executor.rs
src/lib.rs
src/runtime_facade.rs
tests/boundaries.rs
tests/boundaries/effect_boundary.rs
tests/boundaries/guardrails.rs
tests/contracts.rs
tests/contracts/architecture.rs
tests/contracts/contracts.rs
tests/contracts/params_hash.rs
tests/contracts/recording.rs
tests/contracts/recording/docs_recording_truth_set.rs
tests/contracts/recording/recording_completeness.rs
tests/contracts/recording/run_manifest.rs
tests/contracts/runner_tests.rs
tests/contracts/support_naming.rs
tests/determinism.rs
tests/determinism/determinism.rs
tests/determinism/manifest_layout_snapshot.rs
tests/determinism/replay_determinism.rs
tests/guardrails.rs
tests/support/README.md
tests/support/execution_setup.rs
tests/support/manifest_fixture.rs
tests/support/mod.rs
tests/support/plan_factory.rs
tests/support/runner_stub.rs
[bijux-environment]
Cargo.toml
README.md
docs/ARCHITECTURE.md
docs/BOUNDARY.md
docs/CACHE_SEMANTICS.md
docs/CHANGE_RULES.md
docs/EFFECTS.md
docs/ENV_MATRIX.md
docs/ENV_REFERENCE.md
docs/EXTENSION_GUIDE.md
docs/INDEX.md
docs/SCHEMAS.md
docs/SCOPE.md
docs/TESTS.md
docs/THREAT_MODEL.md
src/build.rs
src/lib.rs
src/resolve/commands.rs
src/resolve/mod.rs
src/runtime_spec.rs
tests/boundaries.rs
tests/boundaries/guardrails.rs
tests/boundaries/guardrails/guardrails.rs
tests/boundaries/guardrails/guardrails_runtime.rs
tests/boundaries/guardrails/no_runner_usage.rs
tests/contracts.rs
tests/contracts/matrix.rs
tests/contracts/matrix/docs_reference_matrix.rs
tests/contracts/matrix/reference_matrix.rs
tests/determinism.rs
tests/determinism/fixture_stability.rs
tests/fixtures/env_schema/default/CASE.md
tests/fixtures/env_schema/default/platform_spec.json
tests/fixtures/env_schema/default/tool_image_spec.json
tests/guardrails.rs
tests/schemas.rs
tests/schemas/schema.rs
tests/schemas/schema/schema_snapshots.rs
[bijux-environment-qa]
Cargo.toml
README.md
docs/APPTAINER_PLAN.md
docs/ARCHITECTURE.md
docs/ARTIFACT_CONTRACT.md
docs/CHANGE_RULES.md
docs/DATASETS.md
docs/EFFECTS.md
docs/INDEX.md
docs/OFFLINE_POLICY.md
docs/QA_MATRIX.md
docs/RUNBOOK.md
docs/SCOPE.md
docs/TESTS.md
src/bin/build_docker_images.rs
src/bin/image_qa.rs
src/bin/qa_docker_images.rs
src/image_qa/INDEX.md
src/image_qa/apptainer.rs
src/image_qa/behavioral/mod.rs
src/image_qa/behavioral/runner.rs
src/image_qa/behavioral/scenarios.rs
src/image_qa/datasets.rs
src/image_qa/fs.rs
src/image_qa/logging.rs
src/image_qa/mod.rs
src/image_qa/qa_docker_images.rs
src/image_qa/records.rs
src/image_qa/runner.rs
src/image_qa/static_qa.rs
src/image_qa/support/checks.rs
src/image_qa/support/logs.rs
src/image_qa/support/mod.rs
src/image_qa/support/validation.rs
src/image_qa/validation.rs
src/lib.rs
tests/boundaries.rs
tests/boundaries/guardrails.rs
tests/boundaries/guardrails/guardrails.rs
tests/boundaries/guardrails/offline_guardrails.rs
tests/contracts.rs
tests/contracts/artifacts.rs
tests/contracts/artifacts/qa_artifact_contract.rs
tests/contracts/qa_contracts.rs
tests/determinism.rs
tests/determinism/fixture_stability.rs
tests/fixtures/qa_artifacts/default/CASE.md
tests/fixtures/qa_artifacts/default/manifest.json
tests/fixtures/qa_artifacts/default/report.json
tests/guardrails.rs
tests/support/README.md
tests/support/image_qa_support.rs
[bijux-infra]
Cargo.toml
README.md
docs/ARCHITECTURE.md
docs/CHANGE_RULES.md
docs/EFFECTS.md
docs/INDEX.md
docs/LOGGING.md
docs/NO_DOMAIN.md
docs/PATHS.md
docs/SCOPE.md
docs/STABILITY.md
docs/TESTS.md
docs/WHY_YAML.md
src/formats/json.rs
src/formats/mod.rs
src/formats/yaml.rs
src/lib.rs
src/logging/fmt.rs
src/logging/mod.rs
src/paths/bench.rs
src/paths/mod.rs
tests/boundaries.rs
tests/boundaries/guardrails.rs
tests/boundaries/guardrails/canonical_owner.rs
tests/boundaries/guardrails/no_generic_helpers.rs
tests/boundaries/guardrails/policies.rs
tests/boundaries/guardrails/public_surface.rs
tests/determinism.rs
tests/determinism/determinism.rs
tests/determinism/hash.rs
tests/guardrails.rs
tests/snapshots/bijux-infra__schemas__public_surface.snap
[bijux-pipelines]
Cargo.toml
README.md
docs/ADD_PIPELINE_PROFILE.md
docs/ARCHITECTURE.md
docs/AUDIT_CHECKLIST.md
docs/CHANGE_RULES.md
docs/DEFAULTS_LEDGER.md
docs/EFFECTS.md
docs/INDEX.md
docs/PIPELINES.md
docs/PIPELINE_CHANGE_RULES.md
docs/PIPELINE_MODEL.md
docs/PIPELINE_VERSIONING.md
docs/PROFILE_RATIONALE.md
docs/SCOPE.md
docs/TESTS.md
src/bam/invariants.rs
src/bam/mod.rs
src/bam/profiles.rs
src/cross/fastq_to_bam_adna.rs
src/cross/mod.rs
src/defaults/ledger.rs
src/defaults/mod.rs
src/fastq/invariants.rs
src/fastq/mod.rs
src/fastq/profiles.rs
src/lib.rs
src/registry/id.rs
src/registry/mod.rs
tests/boundaries.rs
tests/boundaries/guardrails.rs
tests/boundaries/guardrails/guardrails.rs
tests/boundaries/guardrails/no_stage_contracts.rs
tests/contracts.rs
tests/contracts/defaults.rs
tests/contracts/defaults/defaults_compile_check.rs
tests/contracts/defaults/defaults_ledger.rs
tests/contracts/defaults/override_precedence.rs
tests/contracts/profiles.rs
tests/contracts/profiles/pipeline_completeness.rs
tests/contracts/profiles/pipeline_contract.rs
tests/contracts/profiles/pipeline_id.rs
tests/contracts/profiles/pipeline_ids_unique.rs
tests/contracts/profiles/profiles.rs
tests/contracts/registry.rs
tests/contracts/registry/docs_registry_order.rs
tests/contracts/registry/pipeline_registry_snapshot.rs
tests/guardrails.rs
tests/snapshots/bijux-pipelines__contracts__bam_adna_capture_profile.snap
tests/snapshots/bijux-pipelines__contracts__bam_adna_shotgun_profile.snap
tests/snapshots/bijux-pipelines__contracts__bam_default_profile.snap
tests/snapshots/bijux-pipelines__contracts__defaults__bam-to-bam__adna_capture__v1.snap
tests/snapshots/bijux-pipelines__contracts__defaults__bam-to-bam__adna_shotgun__v1.snap
tests/snapshots/bijux-pipelines__contracts__defaults__bam-to-bam__default__v1.snap
tests/snapshots/bijux-pipelines__contracts__defaults__fastq-to-bam__adna_shotgun__v1.snap
tests/snapshots/bijux-pipelines__contracts__defaults__fastq-to-bam__default__v1.snap
tests/snapshots/bijux-pipelines__contracts__defaults__fastq-to-fastq__default__v1.snap
tests/snapshots/bijux-pipelines__contracts__defaults__fastq-to-fastq__minimal__v1.snap
tests/snapshots/bijux-pipelines__contracts__fastq_default_profile.snap
tests/snapshots/bijux-pipelines__contracts__fastq_minimal_profile.snap
tests/snapshots/bijux-pipelines__contracts__fastq_to_bam_adna_profile.snap
tests/snapshots/bijux-pipelines__contracts__fastq_to_bam_adna_shotgun_profile.snap
tests/snapshots/bijux-pipelines__contracts__fastq_to_bam_default_profile.snap
tests/snapshots/bijux-pipelines__contracts__override_precedence.snap
[bijux-planner-bam]
Cargo.toml
README.md
docs/ADD_TOOL.md
docs/ARCHITECTURE.md
docs/CHANGE_RULES.md
docs/DETERMINISM.md
docs/EFFECTS.md
docs/EXPLAIN_OUTPUT.md
docs/INDEX.md
docs/PLANNER_MODEL.md
docs/SCOPE.md
docs/STAGE_MAPPING.md
docs/TESTS.md
docs/TOOL_ROSTER.md
docs/TOOL_SELECTION.md
src/lib.rs
src/report_stage.rs
src/selection/mod.rs
src/selection/tool_registry.rs
src/selection/tool_selection.rs
src/stages/mod.rs
src/stages/stage_catalog.rs
src/tool_adapters/bam.rs
src/tool_adapters/mod.rs
src/tool_adapters/stages_adna.rs
src/tool_adapters/stages_downstream.rs
src/tool_adapters/stages_post.rs
src/tool_adapters/stages_pre.rs
src/tool_adapters/stages_support.rs
src/tool_adapters/tools/catalog.rs
src/tool_adapters/tools/core/mapdamage2.rs
src/tool_adapters/tools/core/mod.rs
src/tool_adapters/tools/core/mosdepth.rs
src/tool_adapters/tools/core/preseq.rs
src/tool_adapters/tools/core/pydamage.rs
src/tool_adapters/tools/downstream/authenticity.rs
src/tool_adapters/tools/downstream/gatk.rs
src/tool_adapters/tools/downstream/mod.rs
src/tool_adapters/tools/downstream/rxy.rs
src/tool_adapters/tools/mod.rs
src/tool_adapters/tools/pre/bowtie2.rs
src/tool_adapters/tools/pre/bwa.rs
src/tool_adapters/tools/pre/mod.rs
src/tool_adapters/tools/pre/samtools.rs
tests/boundaries.rs
tests/boundaries/guardrails.rs
tests/boundaries/plan/guardrails.rs
tests/contracts.rs
tests/contracts/explain.rs
tests/contracts/explain/explainability.rs
tests/contracts/graph.rs
tests/contracts/graph/docs_graph_snapshots.rs
tests/contracts/graph/graph_snapshots.rs
tests/contracts/plan.rs
tests/contracts/plan/artifacts_contract.rs
tests/contracts/plan/contract_handshake.rs
tests/contracts/plan/no_parsing_execution.rs
tests/contracts/plan/params_complete.rs
tests/contracts/plan/pipeline_plan_snapshot.rs
tests/contracts/plan/plan_integration.rs
tests/contracts/plan/plan_json.rs
tests/contracts/plan/plan_snapshots.rs
tests/determinism.rs
tests/determinism/determinism.rs
tests/fixtures/plan_inputs/default/CASE.md
tests/fixtures/plan_inputs/default/reads_R1.fastq.gz
tests/fixtures/plan_inputs/default/reads_R2.fastq.gz
tests/fixtures/plan_inputs/default/reference.dict
tests/fixtures/plan_inputs/default/reference.fai
tests/fixtures/plan_inputs/default/reference.fasta
tests/fixtures/plan_inputs/default/reference.fasta.fai
tests/fixtures/plan_inputs/default/sample.bam
tests/fixtures/plan_inputs/default/sample.bam.bai
tests/guardrails.rs
tests/snapshots/bijux-planner-bam__contracts__bam_adna_capture_plan.snap
tests/snapshots/bijux-planner-bam__contracts__bam_adna_shotgun_graph.snap
tests/snapshots/bijux-planner-bam__contracts__bam_adna_shotgun_plan.snap
tests/snapshots/bijux-planner-bam__contracts__bam_plan_snapshot.snap
tests/snapshots/bijux-planner-bam__contracts__pipeline__bam__bam-to-bam__adna_capture__v1.snap
tests/snapshots/bijux-planner-bam__contracts__pipeline__bam__bam-to-bam__adna_shotgun__v1.snap
tests/snapshots/bijux-planner-bam__contracts__stage__bam__bam.align.json
tests/snapshots/bijux-planner-bam__contracts__stage__bam__bam.authenticity.json
tests/snapshots/bijux-planner-bam__contracts__stage__bam__bam.complexity.json
tests/snapshots/bijux-planner-bam__contracts__stage__bam__bam.contamination.json
tests/snapshots/bijux-planner-bam__contracts__stage__bam__bam.coverage.json
tests/snapshots/bijux-planner-bam__contracts__stage__bam__bam.damage.json
tests/snapshots/bijux-planner-bam__contracts__stage__bam__bam.filter.json
tests/snapshots/bijux-planner-bam__contracts__stage__bam__bam.markdup.json
tests/snapshots/bijux-planner-bam__contracts__stage__bam__bam.qc_pre.json
tests/snapshots/bijux-planner-bam__contracts__stage__bam__bam.recalibration.json
tests/snapshots/bijux-planner-bam__contracts__stage__bam__bam.sex.json
tests/snapshots/bijux-planner-bam__contracts__stage__bam__bam.validate.json
[bijux-planner-fastq]
Cargo.toml
README.md
docs/ADD_TOOL.md
docs/ARCHITECTURE.md
docs/CHANGE_RULES.md
docs/DETERMINISM.md
docs/EFFECTS.md
docs/EXPLAIN_OUTPUT.md
docs/INDEX.md
docs/PLANNER_MODEL.md
docs/SCOPE.md
docs/STAGE_MAPPING.md
docs/TESTS.md
docs/TOOL_SELECTION.md
src/lib.rs
src/report_stage.rs
src/selection/args.rs
src/selection/mod.rs
src/selection/tool_registry.rs
src/selection/tool_selection.rs
src/stage_api.rs
src/tool_adapters/fastq.rs
src/tool_adapters/mod.rs
src/tool_adapters/stages/catalog.rs
src/tool_adapters/stages/mod.rs
src/tool_adapters/stages/pre/detect_adapters.rs
src/tool_adapters/stages/pre/mod.rs
src/tool_adapters/stages/pre/plan_preprocess.rs
src/tool_adapters/stages/pre/preprocess.rs
src/tool_adapters/stages/pre/validate_pre.rs
src/tool_adapters/stages/qc/mod.rs
src/tool_adapters/stages/qc/qc_post.rs
src/tool_adapters/stages/qc/screen.rs
src/tool_adapters/stages/qc/stats_neutral.rs
src/tool_adapters/stages/transform/correct.rs
src/tool_adapters/stages/transform/filter.rs
src/tool_adapters/stages/transform/merge.rs
src/tool_adapters/stages/transform/mod.rs
src/tool_adapters/stages/transform/trim.rs
src/tool_adapters/stages/transform/umi.rs
tests/boundaries.rs
tests/boundaries/guardrails.rs
tests/boundaries/plan/guardrails.rs
tests/contracts.rs
tests/contracts/explain.rs
tests/contracts/explain/docs_explainability.rs
tests/contracts/explain/explainability.rs
tests/contracts/graph.rs
tests/contracts/graph/graph_snapshots.rs
tests/contracts/plan.rs
tests/contracts/plan/contract_handshake.rs
tests/contracts/plan/no_parsing.rs
tests/contracts/plan/plan_json.rs
tests/contracts/plan/plan_snapshots.rs
tests/contracts/plan/trim_params.rs
tests/contracts/plan/trim_plan.rs
tests/determinism.rs
tests/determinism/determinism.rs
tests/fixtures/fastqvalidator/default/CASE.md
tests/fixtures/fastqvalidator/default/fastqvalidator_v1.txt
tests/guardrails.rs
tests/snapshots/bijux-planner-fastq__contracts__fastq_default_graph.snap
tests/snapshots/bijux-planner-fastq__contracts__fastq_default_pipeline_plan.snap
tests/snapshots/bijux-planner-fastq__contracts__fastq_plan_snapshot.snap
tests/snapshots/bijux-planner-fastq__contracts__stage__fastq__fastq.correct.json
tests/snapshots/bijux-planner-fastq__contracts__stage__fastq__fastq.filter.json
tests/snapshots/bijux-planner-fastq__contracts__stage__fastq__fastq.merge.json
tests/snapshots/bijux-planner-fastq__contracts__stage__fastq__fastq.preprocess.json
tests/snapshots/bijux-planner-fastq__contracts__stage__fastq__fastq.qc_post.json
tests/snapshots/bijux-planner-fastq__contracts__stage__fastq__fastq.screen.json
tests/snapshots/bijux-planner-fastq__contracts__stage__fastq__fastq.stats_neutral.json
tests/snapshots/bijux-planner-fastq__contracts__stage__fastq__fastq.trim.json
tests/snapshots/bijux-planner-fastq__contracts__stage__fastq__fastq.umi.json
tests/snapshots/bijux-planner-fastq__contracts__stage__fastq__fastq.validate_pre.json
[bijux-policies]
Cargo.toml
README.md
docs/ARCHITECTURE.md
docs/BLESS_WORKFLOW.md
docs/CHANGE_RULES.md
docs/EFFECTS.md
docs/ENFORCEMENT.md
docs/EVOLUTION.md
docs/EXCEPTIONS.md
docs/INDEX.md
docs/POLICIES.md
docs/POLICY_DIAGNOSTICS.md
docs/POLICY_MATRIX.md
docs/SCOPE.md
docs/TESTS.md
src/lib.rs
tests/README.md
tests/boundaries.rs
tests/boundaries/deps/benchmark_dependency_policy.rs
tests/boundaries/deps/cli_dependency_policy.rs
tests/boundaries/deps/core_layering.rs
tests/boundaries/deps/dependency_boundaries.rs
tests/boundaries/deps/dependency_budgets.rs
tests/boundaries/deps/dependency_graph.rs
tests/boundaries/deps/dev_deps_policy.rs
tests/boundaries/deps/domain_dependency_policy.rs
tests/boundaries/deps/effect_boundary_map.rs
tests/boundaries/deps/heavy_deps_policy.rs
tests/boundaries/deps/infra_boundaries.rs
tests/boundaries/deps/pipelines_dependency_policy.rs
tests/boundaries/deps/qa_dependency_policy.rs
tests/boundaries/fixtures_policy.rs
tests/boundaries/guardrails.rs
tests/boundaries/hashmap_policy.rs
tests/boundaries/ignored_tests_policy.rs
tests/boundaries/no_duplicate_policy_checks.rs
tests/boundaries/purity_scans.rs
tests/boundaries/snapshot_policy.rs
tests/boundaries/surface/api_boundaries.rs
tests/boundaries/surface/architecture_pointer_policy.rs
tests/boundaries/surface/core_purity.rs
tests/boundaries/surface/crate_tree_contract.rs
tests/boundaries/surface/deep_imports.rs
tests/boundaries/surface/docs_index_quality.rs
tests/boundaries/surface/docs_required_policy.rs
tests/boundaries/surface/docs_spine.rs
tests/boundaries/surface/docs_spine_contract.rs
tests/boundaries/surface/docs_tree_contract.rs
tests/boundaries/surface/domain_purity.rs
tests/boundaries/surface/guardrails.rs
tests/boundaries/surface/id_literal_policy.rs
tests/boundaries/surface/mod_naming_policy.rs
tests/boundaries/surface/no_duplicate_canonicalizers.rs
tests/boundaries/surface/no_empty_dirs_policy.rs
tests/boundaries/surface/no_helpers_policy.rs
tests/boundaries/surface/no_policy_duplication.rs
tests/boundaries/surface/no_serde_json_writer.rs
tests/boundaries/surface/no_src_crowd_policy.rs
tests/boundaries/surface/no_thin_modules_policy.rs
tests/boundaries/surface/ownership_contract.rs
tests/boundaries/surface/path_policies.rs
tests/boundaries/surface/planner_purity.rs
tests/boundaries/surface/policy_docs_anchor.rs
tests/boundaries/surface/readme_policy.rs
tests/boundaries/surface/runner_tree_policy.rs
tests/boundaries/surface/ssot_catalog_authority.rs
tests/boundaries/surface/stage_specs_purity.rs
tests/boundaries/surface/style_policy.rs
tests/boundaries/surface/test_grouping_policy.rs
tests/boundaries/surface/tool_id_uniqueness.rs
tests/boundaries/surface/workspace.rs
tests/boundaries/tests_taxonomy_policy.rs
tests/contracts.rs
tests/contracts/data/contract_handshake.rs
tests/contracts/data/defaults_policy.rs
tests/contracts/data/policy_snapshot.rs
tests/contracts/data/test_data_policies.rs
tests/contracts/policy_snapshot.rs
tests/contracts/tooling/ci_tools_policy.rs
tests/contracts/tooling/command_spawn_policy.rs
tests/contracts/tooling/docs_links.rs
tests/contracts/tooling/makefile_policies.rs
tests/contracts/tooling/no_appledouble.rs
tests/contracts/tooling/policies.rs
tests/contracts/workspace.rs
tests/determinism.rs
tests/determinism/fixture_stability.rs
tests/fixtures/handshake/default/CASE.md
tests/fixtures/handshake/default/manifest.json
tests/fixtures/handshake/default/plan.json
tests/fixtures/handshake/default/report.json
tests/fixtures/handshake/manifest/default/CASE.md
tests/fixtures/handshake/manifest/default/manifest.json
tests/fixtures/handshake/plan/default/CASE.md
tests/fixtures/handshake/plan/default/plan.json
tests/fixtures/handshake/report/default/CASE.md
tests/fixtures/handshake/report/default/report.json
tests/guardrails.rs
tests/snapshots/bijux-policies__contracts__guardrail_default.json
tests/snapshots/bijux-policies__schemas__guardrail_default.json
tests/snapshots/bijux-policies__snapshots__crate_docs_spine_contract.snap
tests/snapshots/bijux-policies__snapshots__crate_docs_tree_contract.snap
tests/snapshots/bijux-policies__snapshots__crate_tree_contract.snap
tests/snapshots/bijux-policies__snapshots__docs_tree_contract.snap
tests/support/README.md
tests/support/fs.rs
[bijux-runner]
Cargo.toml
README.md
docs/ARCHITECTURE.md
docs/BACKENDS.md
docs/CHANGE_RULES.md
docs/EFFECTS.md
docs/EXECUTION_SPEC.md
docs/FAILURES.md
docs/INDEX.md
docs/REPLAY.md
docs/SCOPE.md
docs/SECURITY.md
docs/TESTS.md
src/backend/docker/execution_spec.rs
src/backend/docker/executor.rs
src/backend/docker/mod.rs
src/backend/docker/replay.rs
src/backend/kinds.rs
src/backend/local/execution_spec.rs
src/backend/local/executor.rs
src/backend/local/mod.rs
src/backend/local/replay.rs
src/backend/mod.rs
src/execute.rs
src/lib.rs
src/runner_core.rs
tests/boundaries.rs
tests/boundaries/architecture.rs
tests/boundaries/backend/backend_invariants.rs
tests/boundaries/backend/fixture_parity.rs
tests/boundaries/backend/invocation_hash.rs
tests/boundaries/backend/process_guardrail.rs
tests/boundaries/guardrails.rs
tests/contracts.rs
tests/contracts/backend.rs
tests/determinism.rs
tests/determinism/determinism.rs
tests/determinism/replay.rs
tests/determinism/replay/replay_contract.rs
tests/determinism/replay/replay_determinism.rs
tests/determinism/run_id_determinism.rs
tests/guardrails.rs
tests/schemas.rs
tests/schemas/docs_backend_invariants.rs
[bijux-runtime]
Cargo.toml
README.md
docs/ARCHITECTURE.md
docs/ARTIFACTS.md
docs/BOUNDARY.md
docs/CHANGE_RULES.md
docs/COMPATIBILITY.md
docs/EFFECTS.md
docs/EVENTS.md
docs/EXAMPLE_RUN.md
docs/GLOSSARY.md
docs/INDEX.md
docs/OBSERVABILITY.md
docs/RECORDER.md
docs/RUNTIME_CONTRACT.md
docs/SCOPE.md
docs/TESTS.md
src/environment.rs
src/lib.rs
src/manifests.rs
src/observability/contracts.rs
src/observability/mod.rs
src/observability/reports.rs
src/observability/telemetry.rs
src/provenance.rs
src/recording/io.rs
src/recording/manifests.rs
src/recording/metrics.rs
src/recording/mod.rs
src/recording/provenance.rs
src/recording/telemetry.rs
src/run.rs
src/run_layout.rs
src/runner.rs
src/telemetry/events.rs
src/telemetry/mod.rs
tests/boundaries.rs
tests/boundaries/guardrails.rs
tests/contracts.rs
tests/contracts/canonical_writer.rs
tests/contracts/contracts.rs
tests/contracts/manifest_integrity.rs
tests/contracts/reference.rs
tests/contracts/reference/docs_reference_example.rs
tests/contracts/reference/reference_example.rs
tests/contracts/run_layout_contract.rs
tests/determinism.rs
tests/determinism/fixture_stability.rs
tests/fixtures/runtime_schema/default/CASE.md
tests/fixtures/runtime_schema/default/run_layout_v1.json
tests/fixtures/runtime_schema/default/run_manifest_v1.json
tests/fixtures/runtime_schema/default/run_provenance_v1.json
tests/fixtures/runtime_schema/default/run_record_v1.json
tests/guardrails.rs
tests/schemas.rs
tests/schemas/schema.rs
tests/schemas/schema/runtime_schema_snapshots.rs
[bijux-stage-contract]
Cargo.toml
README.md
docs/ARCHITECTURE.md
docs/CHANGE_RULES.md
docs/CONTRACT.md
docs/EFFECTS.md
docs/EXAMPLE_PLAN.json
docs/EXAMPLE_PLAN.md
docs/INDEX.md
docs/MINIMALITY.md
docs/PUBLIC_API.md
docs/SCHEMAS.md
docs/SCOPE.md
docs/TESTS.md
docs/VERSIONING.md
src/execution_plan.rs
src/lib.rs
src/plan_run.rs
src/stage_plan.rs
src/stage_plugin.rs
tests/boundaries.rs
tests/boundaries/guardrails.rs
tests/boundaries/guardrails/guardrails.rs
tests/boundaries/guardrails/no_execution_scan.rs
tests/boundaries/guardrails/tree_contract.rs
tests/contracts.rs
tests/contracts/versioning.rs
tests/contracts/versioning/ssot.rs
tests/contracts/versioning/versioning.rs
tests/determinism.rs
tests/determinism/fixture_stability.rs
tests/fixtures/public_types/default/CASE.md
tests/fixtures/public_types/default/execution_plan.json
tests/fixtures/public_types/default/run_execution_plan.json
tests/fixtures/public_types/default/stage_invocation.json
tests/fixtures/public_types/default/stage_plan.json
tests/fixtures/public_types/default/stage_plugin_output.json
tests/fixtures/stage_contract_schema/default/CASE.md
tests/fixtures/stage_contract_schema/default/stage_contract_schema.json
tests/guardrails.rs
tests/schemas.rs
tests/schemas/schema.rs
tests/schemas/schema/docs_public_type_snapshots.rs
tests/schemas/schema/public_type_snapshots.rs
tests/schemas/schema/schema_snapshots.rs
[bijux-stages-bam]
Cargo.toml
README.md
docs/ADD_OBSERVER.md
docs/ARCHITECTURE.md
docs/CHANGE_RULES.md
docs/EFFECTS.md
docs/FIXTURES.md
docs/INDEX.md
docs/OBSERVERS.md
docs/PHASES.md
docs/REFERENCES.md
docs/SCOPE.md
docs/STAGE_CONTRACTS.md
docs/STAGE_LIST.md
docs/TESTS.md
docs/TOOL_COVERAGE.md
docs/TOOL_ROSTER.md
src/lib.rs
src/metrics.rs
src/observer.rs
src/plugin.rs
src/stage_specs.rs
tests/boundaries.rs
tests/boundaries/guardrails.rs
tests/boundaries/pipeline_guardrails.rs
tests/boundaries/purity.rs
tests/boundaries/purity/purity.rs
tests/contracts.rs
tests/contracts/contract_snapshots.rs
tests/contracts/contracts.rs
tests/contracts/observer.rs
tests/contracts/observer/observer_completeness.rs
tests/contracts/observer/observer_determinism.rs
tests/contracts/observer/observer_parsers.rs
tests/contracts/observer/observer_snapshots.rs
tests/contracts/registry_completeness.rs
tests/contracts/structure_contract.rs
tests/determinism.rs
tests/determinism/fixture_stability.rs
tests/fixtures/observer/default/CASE.md
tests/fixtures/observer/default/contamination.json
tests/fixtures/observer/default/damageprofiler.json
tests/fixtures/observer/default/flagstat.txt
tests/fixtures/observer/default/idxstats.txt
tests/fixtures/observer/default/mapdamage2.txt
tests/fixtures/observer/default/mosdepth.summary.txt
tests/fixtures/observer/default/preseq.txt
tests/fixtures/observer/default/pydamage.json
tests/fixtures/observer/default/samtools.depth.txt
tests/fixtures/observer/default/sex.json
tests/fixtures/observer/default/stats.txt
tests/fixtures/observer_snapshot/default/CASE.md
tests/fixtures/observer_snapshot/default/observer_snapshot.json
tests/fixtures/observer_snapshots/default/CASE.md
tests/fixtures/observer_snapshots/default/contamination.json
tests/fixtures/observer_snapshots/default/damageprofiler.json
tests/fixtures/observer_snapshots/default/flagstat.json
tests/fixtures/observer_snapshots/default/idxstats.json
tests/fixtures/observer_snapshots/default/mapdamage2.json
tests/fixtures/observer_snapshots/default/mosdepth.json
tests/fixtures/observer_snapshots/default/preseq.json
tests/fixtures/observer_snapshots/default/pydamage.json
tests/fixtures/observer_snapshots/default/samtools_depth.json
tests/fixtures/observer_snapshots/default/samtools_stats.json
tests/fixtures/observer_snapshots/default/sex.json
tests/fixtures/stage_contracts/default/CASE.md
tests/fixtures/stage_contracts/default/stage_contracts.json
tests/guardrails.rs
tests/semantics.rs
tests/semantics/metrics.rs
tests/semantics/metrics/metrics_completeness.rs
[bijux-stages-fastq]
Cargo.toml
README.md
docs/ADD_OBSERVER.md
docs/ARCHITECTURE.md
docs/CHANGE_RULES.md
docs/EFFECTS.md
docs/INDEX.md
docs/OBSERVERS.md
docs/REFERENCES.md
docs/SCOPE.md
docs/STAGE_CONTRACTS.md
docs/STAGE_LIST.md
docs/TESTS.md
docs/TOOL_ROSTER.md
src/lib.rs
src/metrics/fastqc.rs
src/metrics/filters.rs
src/metrics/mod.rs
src/observer/artifacts.rs
src/observer/mod.rs
src/observer/parse.rs
src/plugin.rs
src/stage_specs.rs
tests/boundaries.rs
tests/boundaries/guardrails.rs
tests/boundaries/pipeline_guardrails.rs
tests/boundaries/purity.rs
tests/boundaries/purity/architecture.rs
tests/boundaries/purity/purity.rs
tests/contracts.rs
tests/contracts/contract_snapshots.rs
tests/contracts/contracts.rs
tests/contracts/observer.rs
tests/contracts/observer/observer_determinism.rs
tests/contracts/observer/observer_parsers.rs
tests/contracts/registry_completeness.rs
tests/contracts/structure_contract.rs
tests/contracts/symmetry.rs
tests/determinism.rs
tests/determinism/fixture_stability.rs
tests/fixtures/fastqvalidator/default/CASE.md
tests/fixtures/fastqvalidator/default/fastqvalidator_v1.txt
tests/fixtures/screen/default/CASE.md
tests/fixtures/screen/default/screen_report_bad.tsv
tests/fixtures/screen/default/screen_report_v1.tsv
tests/fixtures/seqkit/default/CASE.md
tests/fixtures/seqkit/default/seqkit_stats_v1.txt
tests/fixtures/seqkit_stats/default/CASE.md
tests/fixtures/seqkit_stats/default/seqkit_stats.json
tests/fixtures/stage_contracts/default/CASE.md
tests/fixtures/stage_contracts/default/stage_contracts.json
tests/guardrails.rs
tests/snapshots/bijux-stages-fastq__schemas__fastq_filter_metrics_shape.json
tests/snapshots/bijux-stages-fastq__schemas__fastq_filter_stage_report_shape.json
tests/snapshots/bijux-stages-fastq__schemas__fastq_merge_metrics_shape.json
tests/snapshots/bijux-stages-fastq__schemas__fastq_merge_stage_report_shape.json
tests/snapshots/bijux-stages-fastq__schemas__fastq_trim_metrics_shape.json
tests/snapshots/bijux-stages-fastq__schemas__fastq_trim_stage_report_shape.json
tests/snapshots/bijux-stages-fastq__schemas__fastq_validate_pre_metrics_shape.json
tests/snapshots/bijux-stages-fastq__schemas__fastq_validate_pre_stage_report_shape.json
[bijux-testkit]
Cargo.toml
README.md
docs/ADD_FIXTURE.md
docs/ADD_RULES.md
docs/ARCHITECTURE.md
docs/CHANGE_RULES.md
docs/DETERMINISM.md
docs/EFFECTS.md
docs/FIXTURE_STANDARDS.md
docs/INDEX.md
docs/PUBLIC_API.md
docs/SCOPE.md
docs/SNAPSHOT_POLICY.md
docs/TESTS.md
docs/USAGE.md
src/lib.rs
tests/.gitkeep
tests/boundaries.rs
tests/boundaries/dev_dep_boundary.rs
tests/boundaries/guardrails.rs
tests/contracts.rs
tests/guardrails.rs
tests/schemas.rs
tests/schemas/docs_lightweight.rs
tests/schemas/public_api_snapshot.rs
tests/schemas/public_api_surface.rs
tests/snapshots/bijux-testkit__schemas__public_api.txt
