---
source: crates/bijux-policies/tests/boundaries/surface/docs_spine_contract.rs
assertion_line: 34
expression: "bijux_testkit::snapshot_normalize_text(&lines.join(\"\\n\"))"
---
[bijux-analyze]
# bijux-analyze Docs Index

## Scope
See `SCOPE.md` for what belongs here.

## Effects
See `EFFECTS.md` for allowed effects.

## Boundaries
See `ARCHITECTURE.md` for internal boundaries.

## Contracts
- `REPORT_CONTRACT.md`
- `DETERMINISM.md`
- `SCHEMA.md`

## Failure handling
- `FAILURE_TAXONOMY.md`
- `FAILURE_ANALYSIS.md`

## Extension Points
See `CHANGE_RULES.md` for safe extension guidelines.

## How to Test
See `TESTS.md` for test mapping and fixtures.

[bijux-api]
# bijux-api Docs Index

## Scope
See `SCOPE.md` for what belongs here.

## Effects
See `EFFECTS.md` for allowed effects.

## Boundaries
See `BOUNDARIES.md` for internal boundaries.

## Extension Points
See `CHANGE_RULES.md` for safe extension guidelines.

## How to Test
See `TESTS.md` for test mapping and fixtures.

## API docs
- `API.md` for the public endpoint surface.
- `API_STABILITY.md` for compatibility rules.
- `REQUEST_FLOW.md` for how requests map to planners/engine/artifacts.
- Schema snapshots:
  `tests/snapshots/bijux-api__schemas__plan_response_schema.snap`,
  `tests/snapshots/bijux-api__schemas__execute_response_schema.snap`,
  `tests/snapshots/bijux-api__schemas__dry_run_response_schema.snap`,
  `tests/snapshots/bijux-api__schemas__status_schema.snap`,
  `tests/snapshots/bijux-api__schemas__explain_schema.snap`,
  `tests/snapshots/bijux-api__schemas__policy_audit_schema.snap`.

[bijux-benchmark]
# bijux-benchmark Docs Index

## Scope
See `SCOPE.md` for what belongs here.

## Effects
See `EFFECTS.md` for allowed effects.

## Boundaries
See `ARCHITECTURE.md` for internal boundaries.

## Legacy
See `LEGACY.md` for the deprecation/freeze statement on legacy benchmarks.

## Extension Points
See `CHANGE_RULES.md` for safe extension guidelines.

## How to Test
See `TESTS.md` for test mapping and fixtures.

[bijux-benchmark-model]
# bijux-benchmark-model Docs Index

## Scope
See `SCOPE.md` for what belongs here.

## Effects
See `EFFECTS.md` for allowed effects.

## Boundaries
See `ARCHITECTURE.md` for internal boundaries.

## Contracts
- `MODEL_GLOSSARY.md`
- `DECISION_EXPLAINABILITY.md`
- `DETERMINISM.md`

## Extension Points
See `CHANGE_RULES.md` for safe extension guidelines.

## How to Test
See `TESTS.md` for test mapping and fixtures.

[bijux-cli]
# bijux-dna-cli Docs Index

## Scope
See `SCOPE.md` for what belongs here.

## Effects
See `EFFECTS.md` for allowed effects.

## Boundaries
See `ARCHITECTURE.md` for internal boundaries.

## Extension Points
See `CHANGE_RULES.md` for safe extension guidelines.

## Commands
See `COMMANDS.md` for the authoritative command reference.

## Output formats
See `OUTPUT_FORMATS.md` for JSON/text expectations and snapshot links.

## How to Test
See `TESTS.md` for test mapping and fixtures.

[bijux-core]
# bijux-core Docs Index

## Canonical entry
This is the canonical entry point for bijux-core documentation.

## Public surface
Public modules are `contract`, `id_catalog`, `ids`, `metrics`, and `prelude`.

## Start here
- `CONTRACT_MAP.md` for what contracts exist and where they live.
- `CONTRACT_VERSIONING.md` for breaking-change rules and hashing stability.
- `BOUNDARIES.md` for what must never live in bijux-core.

## Scope
- `SCOPE.md` for what belongs here (and what does not).
- `SSOT.md` for single-source-of-truth responsibilities.

## Effects
- `BOUNDARIES.md` for what core must never do (no execution, no network, no tool spawning).

## Boundaries
- `BOUNDARIES.md` for dependency rules and allowed imports.

## Extension Points
- `CHANGE_RULES.md` for safe extension guidelines and breaking-change rules.

## Architecture & scope
- `ARCHITECTURE.md` for module layout.

## Serialization & invariants
- `SERIALIZATION.md` for canonical JSON and hashing.
- `INVARIANTS.md` for contract invariants.

## Tests
- `TESTS.md` for the test map and fixture coverage.

## How to Test
- `TESTS.md` for the test map and fixture coverage.

[bijux-domain-bam]
# bijux-domain-bam Docs Index

## Scope
See `SCOPE.md` for what belongs here.

## Effects
See `EFFECTS.md` for allowed effects.

## Boundaries
See `ARCHITECTURE.md` for internal boundaries.

## Domain truth
- `DOMAIN_MODEL.md`
- `PHASES.md`
- `METRICS.md`
- `METRICS_GLOSSARY.md`
- `PARAMS.md`
- `INTERPRETATION.md`
- `FIXTURES.md`

## Extension Points
See `CHANGE_RULES.md` for safe extension guidelines.

## How to Test
See `TESTS.md` for test mapping and fixtures.

[bijux-domain-fastq]
# bijux-domain-fastq Docs Index

## Scope
See `SCOPE.md` for what belongs here.

## Effects
See `EFFECTS.md` for allowed effects.

## Boundaries
See `ARCHITECTURE.md` for internal boundaries.

## Domain truth
- `DOMAIN_MODEL.md`
- `METRICS.md`
- `PARAMS.md`
- `STAGES.md`
- `BANKS.md`

## Extension Points
See `CHANGE_RULES.md` for safe extension guidelines.

## How to Test
See `TESTS.md` for test mapping and fixtures.

[bijux-engine]
# bijux-engine Docs Index

## Reading order
1. `ENGINE_CONTRACT.md`
2. `RECORDING_TRUTH_SET.md`
3. `DETERMINISM.md`
4. `ERRORS.md`
5. `EFFECT_BOUNDARY.md`
6. `EFFECTS.md`

## Scope
See `SCOPE.md` for what belongs here.

## Effects
See `EFFECT_BOUNDARY.md` for forbidden effects and `EFFECTS.md` for allowed effects.

## Boundaries
See `ARCHITECTURE.md` for structural boundaries and `EFFECT_BOUNDARY.md` for execution limits.

## Model
See `ENGINE_MODEL.md` for engine concepts and boundaries.

## Extension Points
See `CHANGE_RULES.md` for safe extension guidelines.

## How to Test
See `TESTS.md` for test mapping and fixtures.

[bijux-environment]
# bijux-environment Docs Index

## Scope
See `SCOPE.md` for what belongs here.

## Effects
See `EFFECTS.md` for allowed effects.

## Boundaries
See `ARCHITECTURE.md` for internal boundaries.

## Extension Points
See `CHANGE_RULES.md` for safe extension guidelines.

## How to Test
See `TESTS.md` for test mapping and fixtures.

[bijux-environment-qa]
# bijux-environment-qa Docs Index

## Scope
See `SCOPE.md` for what belongs here.

## Effects
See `EFFECTS.md` for allowed effects.

## Boundaries
See `ARCHITECTURE.md` for internal boundaries.

## Extension Points
See `CHANGE_RULES.md` for safe extension guidelines.

## How to Test
See `TESTS.md` for test mapping and fixtures.

[bijux-infra]
# bijux-infra Docs Index

## Scope
See `SCOPE.md` for what belongs here.

## Effects
See `EFFECTS.md` for allowed effects.

## Boundaries
See `ARCHITECTURE.md` for internal boundaries.

## Extension Points
See `CHANGE_RULES.md` for safe extension guidelines.
If you add a utility here, prove it is deterministic and does not duplicate
core canonicalization (see bijux-core `contract::canonical` and policy
`no_duplicate_canonicalizers`).

## How to Test
See `TESTS.md` for test mapping and fixtures.

[bijux-pipelines]
# bijux-pipelines Docs Index

## Scope
See `SCOPE.md` for what belongs here.

## Effects
See `EFFECTS.md` for allowed effects.

## Boundaries
See `ARCHITECTURE.md` for internal boundaries.

## Extension Points
See `CHANGE_RULES.md` for safe extension guidelines.

## How to Test
See `TESTS.md` for test mapping and fixtures.

[bijux-planner-bam]
# bijux-planner-bam Docs Index

## Scope
See `SCOPE.md` for what belongs here.

## Effects
See `EFFECTS.md` for allowed effects.

## Boundaries
See `ARCHITECTURE.md` for internal boundaries.

## Extension Points
See `CHANGE_RULES.md` for safe extension guidelines.

## Tooling
See `TOOL_SELECTION.md` and `TOOL_ROSTER.md` for selection inputs + roster.

## How to Test
See `TESTS.md` for test mapping and fixtures.

[bijux-planner-fastq]
# bijux-planner-fastq Docs Index

## Scope
See `SCOPE.md` for what belongs here.

## Effects
See `EFFECTS.md` for allowed effects.

## Boundaries
See `ARCHITECTURE.md` for internal boundaries.

## Extension Points
See `CHANGE_RULES.md` for safe extension guidelines.

## How to Test
See `TESTS.md` for test mapping and fixtures.

[bijux-policies]
# bijux-policies Docs Index

## Scope
Defines the policy suite that governs architecture, purity, and documentation placement.

## Entry points
- `ENFORCEMENT.md` — how to run policy gates.
- `TESTS.md` — mapping of tests to intent.
- `POLICY_MATRIX.md` — authoritative registry of policy tests.
- `POLICY_DIAGNOSTICS.md` — WHAT/WHY/HOW/MORE diagnostics format.
- `CHANGE_RULES.md` — breaking vs non-breaking policy changes.

## Effects
No runtime effects; policies only inspect source/layout.

## Extension Points
Add new policies in `tests/surface`, `tests/deps`, `tests/data`, or `tests/tooling` and document them in `TESTS.md` and `POLICY_MATRIX.md`.
Style policies must also be listed in `docs/40-policies/POLICY_MATRIX.md`.

## Boundaries
Policies enforce architectural boundaries across crates and ensure documentation and snapshots stay consistent.

## How to Test
Run `make guardrails`, `make policies`, and `make structure-check` as documented in `ENFORCEMENT.md`.

## Policy modules
Use the test file list in `TESTS.md` as the authoritative index.

[bijux-runner]
# bijux-runner Docs Index

## Scope
See `SCOPE.md` for what belongs here.

## Effects
See `EFFECTS.md` for allowed effects.

## Boundaries
See `ARCHITECTURE.md` for internal boundaries.

## Extension Points
See `CHANGE_RULES.md` for safe extension guidelines.

## How to Test
See `TESTS.md` for test mapping and fixtures.

[bijux-runtime]
# bijux-runtime Docs Index

## Start here
- `RUNTIME_CONTRACT.md` for the authoritative contract narrative.
- `ARTIFACTS.md` for run-layout file inventory.
- `OBSERVABILITY.md` for ownership and event model.
- `EVENTS.md` for telemetry contracts.

## Scope
See `SCOPE.md` for what belongs here.

## Effects
See `EFFECTS.md` for allowed effects.

## Boundaries
See `BOUNDARY.md` for internal boundaries.

## Extension Points
See `CHANGE_RULES.md` for safe extension guidelines.

## How to Test
See `TESTS.md` for test mapping and fixtures.

[bijux-stage-contract]
# bijux-stage-contract Docs Index

## Scope
See `SCOPE.md` for what belongs here.

## Effects
See `EFFECTS.md` for allowed effects.

## Public API
See `PUBLIC_API.md` for exported types and snapshots.

## Contract
See `CONTRACT.md` for versioning, terminology, and examples.

## Boundaries
See `ARCHITECTURE.md` for internal boundaries.

## Extension Points
See `CHANGE_RULES.md` for safe extension guidelines.

## How to Test
See `TESTS.md` for test mapping and fixtures.

[bijux-stages-bam]
# bijux-stages-bam Docs Index

## Scope
See `SCOPE.md` for what belongs here.

## Effects
See `EFFECTS.md` for allowed effects.

## Boundaries
See `ARCHITECTURE.md` for internal boundaries.

## Observers
See `OBSERVERS.md` for parsing rules and determinism.

## Fixtures
See `FIXTURES.md` for fixture inventory and intent.

## Tool coverage
See `TOOL_COVERAGE.md` for supported outputs and planned gaps.

## Extension Points
See `CHANGE_RULES.md` for safe extension guidelines.

## How to Test
See `TESTS.md` for test mapping and fixtures.

[bijux-stages-fastq]
# bijux-stages-fastq Docs Index

## Scope
See `SCOPE.md` for what belongs here.

## Effects
See `EFFECTS.md` for allowed effects.

## Boundaries
See `ARCHITECTURE.md` for internal boundaries.

## Extension Points
See `CHANGE_RULES.md` for safe extension guidelines.

## How to Test
See `TESTS.md` for test mapping and fixtures.

[bijux-testkit]
# bijux-testkit Docs Index

This crate exists for shared fixtures and lightweight test helpers.

## Scope
See `SCOPE.md` for what belongs here.

## Effects
See `EFFECTS.md` for allowed effects.

## Boundaries
See `ARCHITECTURE.md` for internal boundaries.

## Fixtures
- `FIXTURE_STANDARDS.md`
- `ADD_FIXTURE.md`

## Extension Points
See `CHANGE_RULES.md` for safe extension guidelines.

## How to Test
See `TESTS.md` for test mapping and fixtures.
