---
source: crates/bijux-policies/tests/surface/crate_tree_contract.rs
expression: output
---
[bijux-analyze]
- Cargo.toml
- docs/
- src/
- tests/

[bijux-api]
- Cargo.toml
- docs/
- src/
- tests/

[bijux-benchmark]
- Cargo.toml
- docs/
- src/
- tests/

[bijux-benchmark-model]
- Cargo.toml
- docs/
- src/
- tests/

[bijux-cli]
- Cargo.toml
- docs/
- src/
- tests/

[bijux-core]
- Cargo.toml
- docs/
- src/
- tests/

[bijux-domain-bam]
- Cargo.toml
- docs/
- src/
- tests/

[bijux-domain-fastq]
- Cargo.toml
- docs/
- src/
- tests/

[bijux-engine]
- Cargo.toml
- docs/
- src/
- tests/

[bijux-environment]
- Cargo.toml
- docs/
- src/
- tests/

[bijux-environment-qa]
- Cargo.toml
- docs/
- src/
- tests/

[bijux-infra]
- Cargo.toml
- docs/
- src/
- tests/

[bijux-pipelines]
- Cargo.toml
- docs/
- src/
- tests/

[bijux-planner-bam]
- Cargo.toml
- docs/
- src/
- tests/

[bijux-planner-fastq]
- Cargo.toml
- docs/
- src/
- tests/

[bijux-policies]
- Cargo.toml
- docs/
- src/
- tests/

[bijux-runner]
- Cargo.toml
- docs/
- src/
- tests/

[bijux-runtime]
- Cargo.toml
- docs/
- src/
- tests/

[bijux-stage-contract]
- Cargo.toml
- docs/
- src/
- tests/

[bijux-stages-bam]
- Cargo.toml
- docs/
- src/
- tests/

[bijux-stages-fastq]
- Cargo.toml
- docs/
- src/
- tests/

[bijux-testkit]
- Cargo.toml
- docs/
- src/
- tests/
