---
source: crates/bijux-policies/tests/surface/docs_tree_contract.rs
expression: crate_docs_tree_contract
---
[bijux-analyze]
ARCHITECTURE.md
CHANGE_RULES.md
EFFECTS.md
INDEX.md
PERFORMANCE_BUDGET.md
SCOPE.md
TESTS.md
[bijux-api]
ARCHITECTURE.md
CHANGE_RULES.md
EFFECTS.md
INDEX.md
SCOPE.md
TESTS.md
[bijux-benchmark]
ARCHITECTURE.md
CHANGE_RULES.md
EFFECTS.md
INDEX.md
SCOPE.md
TESTS.md
[bijux-benchmark-model]
ARCHITECTURE.md
CHANGE_RULES.md
EFFECTS.md
INDEX.md
SCOPE.md
TESTS.md
[bijux-cli]
ARCHITECTURE.md
CHANGE_RULES.md
EFFECTS.md
INDEX.md
SCOPE.md
TESTS.md
[bijux-core]
ARCHITECTURE.md
CHANGE_RULES.md
CONTRACTS.md
EFFECTS.md
INDEX.md
INVARIANTS.md
PUBLIC_API.md
SCOPE.md
SERIALIZATION.md
SSOT.md
TESTS.md
[bijux-domain-bam]
ARCHITECTURE.md
CHANGE_RULES.md
DOMAIN_MODEL.md
EFFECTS.md
INDEX.md
METRICS.md
PARAMS.md
PHASES.md
REFERENCES.md
SCOPE.md
TESTS.md
[bijux-domain-fastq]
ARCHITECTURE.md
CHANGE_RULES.md
DOMAIN_MODEL.md
EFFECTS.md
INDEX.md
METRICS.md
PARAMS.md
REFERENCES.md
SCOPE.md
STAGES.md
TESTS.md
[bijux-engine]
CHANGE_RULES.md
DETERMINISM.md
EFFECTS.md
ENGINE_MODEL.md
ERROR_TAXONOMY.md
INDEX.md
RECORDING_TRUTH_SET.md
SCOPE.md
TESTS.md
[bijux-environment]
ARCHITECTURE.md
BOUNDARY.md
CHANGE_RULES.md
EFFECTS.md
ENV_MATRIX.md
ENV_REFERENCE.md
INDEX.md
SCHEMAS.md
SCOPE.md
TESTS.md
[bijux-environment-qa]
APPTAINER_PLAN.md
ARCHITECTURE.md
CHANGE_RULES.md
DATASETS.md
EFFECTS.md
INDEX.md
QA_MATRIX.md
RUNBOOK.md
SCOPE.md
TESTS.md
[bijux-infra]
ARCHITECTURE.md
CHANGE_RULES.md
EFFECTS.md
INDEX.md
LOGGING.md
NO_DOMAIN.md
PATHS.md
SCOPE.md
TESTS.md
WHY_YAML.md
[bijux-pipelines]
ARCHITECTURE.md
CHANGE_RULES.md
DEFAULTS_LEDGER.md
EFFECTS.md
INDEX.md
PIPELINES.md
PIPELINE_MODEL.md
PIPELINE_VERSIONING.md
SCOPE.md
TESTS.md
[bijux-planner-bam]
ARCHITECTURE.md
CHANGE_RULES.md
EFFECTS.md
EXPLAIN_OUTPUT.md
INDEX.md
PLANNER_MODEL.md
SCOPE.md
STAGE_MAPPING.md
TESTS.md
TOOL_SELECTION.md
[bijux-planner-fastq]
ARCHITECTURE.md
CHANGE_RULES.md
EFFECTS.md
EXPLAIN_OUTPUT.md
INDEX.md
PLANNER_MODEL.md
SCOPE.md
STAGE_MAPPING.md
TESTS.md
TOOL_SELECTION.md
[bijux-policies]
ARCHITECTURE.md
CHANGE_RULES.md
EFFECTS.md
EVOLUTION.md
EXCEPTIONS.md
INDEX.md
POLICY_DIAGNOSTICS.md
SCOPE.md
TESTS.md
[bijux-runner]
ARCHITECTURE.md
BACKENDS.md
CHANGE_RULES.md
EFFECTS.md
EXECUTION_SPEC.md
INDEX.md
REPLAY.md
SCOPE.md
SECURITY.md
TESTS.md
[bijux-runtime]
ARCHITECTURE.md
BOUNDARY.md
CHANGE_RULES.md
EFFECTS.md
EVENTS.md
GLOSSARY.md
INDEX.md
RUNTIME_CONTRACT.md
SCOPE.md
TESTS.md
[bijux-stage-contract]
ARCHITECTURE.md
CHANGE_RULES.md
CONTRACT.md
EFFECTS.md
INDEX.md
MINIMALITY.md
SCHEMAS.md
SCOPE.md
TESTS.md
VERSIONING.md
[bijux-stages-bam]
ARCHITECTURE.md
CHANGE_RULES.md
EFFECTS.md
INDEX.md
OBSERVERS.md
PHASES.md
REFERENCES.md
SCOPE.md
STAGE_CONTRACTS.md
STAGE_LIST.md
TESTS.md
[bijux-stages-fastq]
ARCHITECTURE.md
CHANGE_RULES.md
EFFECTS.md
INDEX.md
OBSERVERS.md
REFERENCES.md
SCOPE.md
STAGE_CONTRACTS.md
STAGE_LIST.md
TESTS.md
TOOL_ROSTER.md
[bijux-testkit]
ARCHITECTURE.md
CHANGE_RULES.md
EFFECTS.md
INDEX.md
SCOPE.md
TESTS.md
