---
source: crates/bijux-dna-planner-bam/tests/contracts/explain/explainability.rs
expression: reason_json
---
{
  "details": {
    "contract_hash": "24c5eb9d5b1e8bc15726472f94fe20c31d57529ae3929f3bb42fffc0baa1f5f8",
    "defaults_diff": {},
    "resource_plan": {
      "cpu_threads": 2,
      "disk_gb": 2,
      "input_bytes": 0,
      "input_origin": "real",
      "input_scale": "tiny",
      "io_profile": "streaming_reads_with_sidecar_metrics",
      "memory_gb": 2,
      "notes": [
        "damage tools stream BAM plus sidecar summaries"
      ],
      "requires_index": true,
      "schema_version": "bijux.bam.resource_plan.v1",
      "scratch_gb": 2,
      "stage_id": "bam.damage",
      "walltime_minutes": 15
    }
  },
  "kind": "default",
  "summary": "tool pydamage selected by planner"
}
