---
source: crates/bijux-api/tests/v1_cross_api_stability.rs
expression: json
---
{
  "graph": {
    "contract_version": {
      "major": 1,
      "minor": 0
    },
    "deterministic_scheduler": true,
    "edges": [],
    "pipeline_id": "fastq-to-fastq__default__v1",
    "planner_version": "planner.test",
    "policy": "PreferAccuracy",
    "retry_policy": {
      "max_attempts": 1,
      "retry_on_exit_codes": []
    },
    "schema_version": "bijux.execution_graph.v1",
    "step_timeout_s": null,
    "steps": [
      {
        "aux_images": {},
        "command": {
          "template": [
            "echo",
            "hello"
          ]
        },
        "expected_artifact_ids": [],
        "image": {
          "digest": "sha256:deadbeef",
          "image": "example/tool:1.0"
        },
        "io": {
          "inputs": [
            {
              "name": "input",
              "optional": false,
              "path": "input",
              "role": "reads"
            }
          ],
          "outputs": [
            {
              "name": "output",
              "optional": false,
              "path": "output",
              "role": "reads"
            }
          ]
        },
        "metrics_schema_ids": [],
        "out_dir": "out",
        "resources": {
          "mem_gb": 1,
          "runtime": "local",
          "threads": 1,
          "tmp_gb": 1
        },
        "stage_id": "core.test",
        "step_id": "core.test"
      }
    ]
  },
  "graph_hash": "934c4ac4579c0d17d2b467b1c1fd777757f6c050fa34f40c71aac13fbce0b37b",
  "manifest": {
    "cache_key": {
      "env_digest": "unknown",
      "input_fingerprint": "unknown",
      "parameters_fingerprint": "unknown",
      "tool_version": "unknown"
    },
    "contract_version": {
      "major": 1,
      "minor": 0
    },
    "dataset_fingerprints": [],
    "failures": [],
    "graph_hash": "934c4ac4579c0d17d2b467b1c1fd777757f6c050fa34f40c71aac13fbce0b37b",
    "output_artifacts": [],
    "pipeline_id": "fastq-to-fastq__default__v1",
    "profile_id": "default",
    "run_id": "plan-only",
    "schema_version": "bijux.run_manifest.v3",
    "stages": [],
    "tool_invocations": [],
    "toolchain_versions": []
  }
}
