---
source: crates/bijux-dna-pipelines/tests/contracts/profiles/profiles.rs
assertion_line: 216
expression: "bijux_dna_testkit::snapshot_normalize_json(&serde_json::json!(hashes))"
---
{
  "bam-to-bam__adna_capture__v1": {
    "drift_components": {
      "param_bindings": {
        "bam.authenticity": "7c7899cf9ab029db7328b1f9d02947a276fcb6c27db18089cc35fde6fb3c15cc",
        "bam.contamination": "052f8338d978b8923e0adf167dd2d960adc90cc50105cad9bf99f89a07eda600",
        "bam.coverage": "4e08e0fe3d9d60e17b5a2fb00312c712cc9cf182d2665960d41747cb376b9493",
        "bam.damage": "f4033357035aeb868a5082fff2a55f0cd367f03658cd845df490cc1dc400efc6",
        "bam.duplication_metrics": "d16177884920cd9cac3df9ab44826211fe3caa008a78b8838a3854d5ce95c440",
        "bam.endogenous_content": "b450c62e0e5512f2e5c193a7b44984fc92158c695c327f3d7d29e02641bdb4f5",
        "bam.filter": "8e1c62080596f4b3ecf57123656d83a9abd09b270d00d8474a7b04714302013c",
        "bam.length_filter": "05f99969eb491376ac21b147d9ada1d4a432d3e4f8a408f1b7bd966cad13b693",
        "bam.mapping_summary": "1ecb015a182d5b4089e50b33b96106648a2b528f96c9f5c3e40da54e780da0b9",
        "bam.mapq_filter": "3c12047dbf7a2291032a79d74221ef035b20895673722ef282efddf3a0a6b23e",
        "bam.sex": "baefa9d6f18b22287ff81b048816e8f7da64b8a198b86341d32ec09563e22a48",
        "bam.validate": "f73b69e6270cf767e0d8a99e2a78c8a3d5b241d8ad0bf4c8ba8f5626fcafc9c2"
      },
      "param_bindings_hash": "587aabf03691f64e3bef56ce82f2a08fadb179e17c3f467dad5769866f014cbd",
      "tool_bindings": {
        "bam.authenticity": "authenticct",
        "bam.contamination": "authenticct",
        "bam.coverage": "mosdepth",
        "bam.damage": "pydamage",
        "bam.duplication_metrics": "samtools",
        "bam.endogenous_content": "samtools",
        "bam.filter": "samtools",
        "bam.length_filter": "samtools",
        "bam.mapping_summary": "samtools",
        "bam.mapq_filter": "samtools",
        "bam.sex": "rxy",
        "bam.validate": "samtools"
      },
      "tool_bindings_hash": "5e5dd8e4bd9048651036a92e0f6ded621925c0354dceb4c94f14ae3d1cc68b67"
    },
    "manifest": {
      "invariants_preset": "adna",
      "library_model": {
        "assay_kind": "capture",
        "layout": "paired_end",
        "platform_hint": "illumina",
        "udg_treatment": "none"
      },
      "param_hashes": {
        "bam.authenticity": "7c7899cf9ab029db7328b1f9d02947a276fcb6c27db18089cc35fde6fb3c15cc",
        "bam.contamination": "052f8338d978b8923e0adf167dd2d960adc90cc50105cad9bf99f89a07eda600",
        "bam.coverage": "4e08e0fe3d9d60e17b5a2fb00312c712cc9cf182d2665960d41747cb376b9493",
        "bam.damage": "f4033357035aeb868a5082fff2a55f0cd367f03658cd845df490cc1dc400efc6",
        "bam.duplication_metrics": "d16177884920cd9cac3df9ab44826211fe3caa008a78b8838a3854d5ce95c440",
        "bam.endogenous_content": "b450c62e0e5512f2e5c193a7b44984fc92158c695c327f3d7d29e02641bdb4f5",
        "bam.filter": "8e1c62080596f4b3ecf57123656d83a9abd09b270d00d8474a7b04714302013c",
        "bam.length_filter": "05f99969eb491376ac21b147d9ada1d4a432d3e4f8a408f1b7bd966cad13b693",
        "bam.mapping_summary": "1ecb015a182d5b4089e50b33b96106648a2b528f96c9f5c3e40da54e780da0b9",
        "bam.mapq_filter": "3c12047dbf7a2291032a79d74221ef035b20895673722ef282efddf3a0a6b23e",
        "bam.sex": "baefa9d6f18b22287ff81b048816e8f7da64b8a198b86341d32ec09563e22a48",
        "bam.validate": "f73b69e6270cf767e0d8a99e2a78c8a3d5b241d8ad0bf4c8ba8f5626fcafc9c2"
      },
      "pipeline_id": "bam-to-bam__adna_capture__v1",
      "schema_version": "bijux.profile_manifest.v1",
      "schema_versions": {
        "defaults_ledger": "bijux.defaults_ledger.v1",
        "params": "by_stage",
        "profile_manifest": "bijux.profile_manifest.v1"
      },
      "stage_list": [
        "bam.authenticity",
        "bam.contamination",
        "bam.coverage",
        "bam.damage",
        "bam.duplication_metrics",
        "bam.endogenous_content",
        "bam.filter",
        "bam.length_filter",
        "bam.mapping_summary",
        "bam.mapq_filter",
        "bam.sex",
        "bam.validate"
      ],
      "tool_ids": {
        "bam.authenticity": "authenticct",
        "bam.contamination": "authenticct",
        "bam.coverage": "mosdepth",
        "bam.damage": "pydamage",
        "bam.duplication_metrics": "samtools",
        "bam.endogenous_content": "samtools",
        "bam.filter": "samtools",
        "bam.length_filter": "samtools",
        "bam.mapping_summary": "samtools",
        "bam.mapq_filter": "samtools",
        "bam.sex": "rxy",
        "bam.validate": "samtools"
      }
    },
    "profile_hash": "494937d0009e96ce9e944ae706109cffb2e3614157a466586cfcaed3bffccece"
  },
  "bam-to-bam__adna_shotgun__v1": {
    "drift_components": {
      "param_bindings": {
        "bam.authenticity": "7c7899cf9ab029db7328b1f9d02947a276fcb6c27db18089cc35fde6fb3c15cc",
        "bam.contamination": "052f8338d978b8923e0adf167dd2d960adc90cc50105cad9bf99f89a07eda600",
        "bam.coverage": "4e08e0fe3d9d60e17b5a2fb00312c712cc9cf182d2665960d41747cb376b9493",
        "bam.damage": "f4033357035aeb868a5082fff2a55f0cd367f03658cd845df490cc1dc400efc6",
        "bam.duplication_metrics": "d16177884920cd9cac3df9ab44826211fe3caa008a78b8838a3854d5ce95c440",
        "bam.endogenous_content": "b450c62e0e5512f2e5c193a7b44984fc92158c695c327f3d7d29e02641bdb4f5",
        "bam.filter": "bc17955610700ea43bcdc5a11db198d8524d23afcd0af978dec7dac0560fdbb6",
        "bam.length_filter": "05f99969eb491376ac21b147d9ada1d4a432d3e4f8a408f1b7bd966cad13b693",
        "bam.mapping_summary": "1ecb015a182d5b4089e50b33b96106648a2b528f96c9f5c3e40da54e780da0b9",
        "bam.mapq_filter": "3c12047dbf7a2291032a79d74221ef035b20895673722ef282efddf3a0a6b23e",
        "bam.sex": "baefa9d6f18b22287ff81b048816e8f7da64b8a198b86341d32ec09563e22a48",
        "bam.validate": "f73b69e6270cf767e0d8a99e2a78c8a3d5b241d8ad0bf4c8ba8f5626fcafc9c2"
      },
      "param_bindings_hash": "8b3651212069a88f5c12b8b0dbba413594bad52ed6d279ea01c8740467ece281",
      "tool_bindings": {
        "bam.authenticity": "authenticct",
        "bam.contamination": "authenticct",
        "bam.coverage": "mosdepth",
        "bam.damage": "pydamage",
        "bam.duplication_metrics": "samtools",
        "bam.endogenous_content": "samtools",
        "bam.filter": "samtools",
        "bam.length_filter": "samtools",
        "bam.mapping_summary": "samtools",
        "bam.mapq_filter": "samtools",
        "bam.sex": "rxy",
        "bam.validate": "samtools"
      },
      "tool_bindings_hash": "5e5dd8e4bd9048651036a92e0f6ded621925c0354dceb4c94f14ae3d1cc68b67"
    },
    "manifest": {
      "invariants_preset": "adna",
      "library_model": {
        "assay_kind": "shotgun",
        "layout": "paired_end",
        "platform_hint": "illumina",
        "udg_treatment": "none"
      },
      "param_hashes": {
        "bam.authenticity": "7c7899cf9ab029db7328b1f9d02947a276fcb6c27db18089cc35fde6fb3c15cc",
        "bam.contamination": "052f8338d978b8923e0adf167dd2d960adc90cc50105cad9bf99f89a07eda600",
        "bam.coverage": "4e08e0fe3d9d60e17b5a2fb00312c712cc9cf182d2665960d41747cb376b9493",
        "bam.damage": "f4033357035aeb868a5082fff2a55f0cd367f03658cd845df490cc1dc400efc6",
        "bam.duplication_metrics": "d16177884920cd9cac3df9ab44826211fe3caa008a78b8838a3854d5ce95c440",
        "bam.endogenous_content": "b450c62e0e5512f2e5c193a7b44984fc92158c695c327f3d7d29e02641bdb4f5",
        "bam.filter": "bc17955610700ea43bcdc5a11db198d8524d23afcd0af978dec7dac0560fdbb6",
        "bam.length_filter": "05f99969eb491376ac21b147d9ada1d4a432d3e4f8a408f1b7bd966cad13b693",
        "bam.mapping_summary": "1ecb015a182d5b4089e50b33b96106648a2b528f96c9f5c3e40da54e780da0b9",
        "bam.mapq_filter": "3c12047dbf7a2291032a79d74221ef035b20895673722ef282efddf3a0a6b23e",
        "bam.sex": "baefa9d6f18b22287ff81b048816e8f7da64b8a198b86341d32ec09563e22a48",
        "bam.validate": "f73b69e6270cf767e0d8a99e2a78c8a3d5b241d8ad0bf4c8ba8f5626fcafc9c2"
      },
      "pipeline_id": "bam-to-bam__adna_shotgun__v1",
      "schema_version": "bijux.profile_manifest.v1",
      "schema_versions": {
        "defaults_ledger": "bijux.defaults_ledger.v1",
        "params": "by_stage",
        "profile_manifest": "bijux.profile_manifest.v1"
      },
      "stage_list": [
        "bam.authenticity",
        "bam.contamination",
        "bam.coverage",
        "bam.damage",
        "bam.duplication_metrics",
        "bam.endogenous_content",
        "bam.filter",
        "bam.length_filter",
        "bam.mapping_summary",
        "bam.mapq_filter",
        "bam.sex",
        "bam.validate"
      ],
      "tool_ids": {
        "bam.authenticity": "authenticct",
        "bam.contamination": "authenticct",
        "bam.coverage": "mosdepth",
        "bam.damage": "pydamage",
        "bam.duplication_metrics": "samtools",
        "bam.endogenous_content": "samtools",
        "bam.filter": "samtools",
        "bam.length_filter": "samtools",
        "bam.mapping_summary": "samtools",
        "bam.mapq_filter": "samtools",
        "bam.sex": "rxy",
        "bam.validate": "samtools"
      }
    },
    "profile_hash": "4ef0a6278972d2066fd683ca0289bfefe60bde3f5a8aa20a3721313961a38b7f"
  },
  "bam-to-bam__default__v1": {
    "drift_components": {
      "param_bindings": {
        "bam.coverage": "4e08e0fe3d9d60e17b5a2fb00312c712cc9cf182d2665960d41747cb376b9493",
        "bam.damage": "f4033357035aeb868a5082fff2a55f0cd367f03658cd845df490cc1dc400efc6",
        "bam.filter": "bc17955610700ea43bcdc5a11db198d8524d23afcd0af978dec7dac0560fdbb6",
        "bam.mapping_summary": "1ecb015a182d5b4089e50b33b96106648a2b528f96c9f5c3e40da54e780da0b9",
        "bam.qc_pre": "1ecb015a182d5b4089e50b33b96106648a2b528f96c9f5c3e40da54e780da0b9",
        "bam.validate": "f73b69e6270cf767e0d8a99e2a78c8a3d5b241d8ad0bf4c8ba8f5626fcafc9c2"
      },
      "param_bindings_hash": "954c5138f960582e95449ae6eac9fc5e62c5c4605ee67737d9eef86c906c7e4c",
      "tool_bindings": {
        "bam.coverage": "mosdepth",
        "bam.damage": "pydamage",
        "bam.filter": "samtools",
        "bam.mapping_summary": "samtools",
        "bam.qc_pre": "samtools",
        "bam.validate": "samtools"
      },
      "tool_bindings_hash": "d183d17add30d2b6a96febf523b237ca2db847d3fa39710c5c5bcf990a67e8fb"
    },
    "manifest": {
      "invariants_preset": null,
      "library_model": {
        "assay_kind": "unknown",
        "layout": "single_end",
        "platform_hint": "illumina",
        "udg_treatment": "unknown"
      },
      "param_hashes": {
        "bam.coverage": "4e08e0fe3d9d60e17b5a2fb00312c712cc9cf182d2665960d41747cb376b9493",
        "bam.damage": "f4033357035aeb868a5082fff2a55f0cd367f03658cd845df490cc1dc400efc6",
        "bam.filter": "bc17955610700ea43bcdc5a11db198d8524d23afcd0af978dec7dac0560fdbb6",
        "bam.mapping_summary": "1ecb015a182d5b4089e50b33b96106648a2b528f96c9f5c3e40da54e780da0b9",
        "bam.qc_pre": "1ecb015a182d5b4089e50b33b96106648a2b528f96c9f5c3e40da54e780da0b9",
        "bam.validate": "f73b69e6270cf767e0d8a99e2a78c8a3d5b241d8ad0bf4c8ba8f5626fcafc9c2"
      },
      "pipeline_id": "bam-to-bam__default__v1",
      "schema_version": "bijux.profile_manifest.v1",
      "schema_versions": {
        "defaults_ledger": "bijux.defaults_ledger.v1",
        "params": "by_stage",
        "profile_manifest": "bijux.profile_manifest.v1"
      },
      "stage_list": [
        "bam.coverage",
        "bam.damage",
        "bam.filter",
        "bam.mapping_summary",
        "bam.qc_pre",
        "bam.validate"
      ],
      "tool_ids": {
        "bam.coverage": "mosdepth",
        "bam.damage": "pydamage",
        "bam.filter": "samtools",
        "bam.mapping_summary": "samtools",
        "bam.qc_pre": "samtools",
        "bam.validate": "samtools"
      }
    },
    "profile_hash": "7fa80e43f65fb909f741c20414f30b10cc30a1aff294c18902f0d65ba2def7d6"
  },
  "bam-to-bam__reference_adna__v1": {
    "drift_components": {
      "param_bindings": {
        "bam.authenticity": "7c7899cf9ab029db7328b1f9d02947a276fcb6c27db18089cc35fde6fb3c15cc",
        "bam.contamination": "052f8338d978b8923e0adf167dd2d960adc90cc50105cad9bf99f89a07eda600",
        "bam.coverage": "4e08e0fe3d9d60e17b5a2fb00312c712cc9cf182d2665960d41747cb376b9493",
        "bam.damage": "f4033357035aeb868a5082fff2a55f0cd367f03658cd845df490cc1dc400efc6",
        "bam.duplication_metrics": "d16177884920cd9cac3df9ab44826211fe3caa008a78b8838a3854d5ce95c440",
        "bam.endogenous_content": "b450c62e0e5512f2e5c193a7b44984fc92158c695c327f3d7d29e02641bdb4f5",
        "bam.filter": "bc17955610700ea43bcdc5a11db198d8524d23afcd0af978dec7dac0560fdbb6",
        "bam.length_filter": "05f99969eb491376ac21b147d9ada1d4a432d3e4f8a408f1b7bd966cad13b693",
        "bam.mapping_summary": "1ecb015a182d5b4089e50b33b96106648a2b528f96c9f5c3e40da54e780da0b9",
        "bam.mapq_filter": "3c12047dbf7a2291032a79d74221ef035b20895673722ef282efddf3a0a6b23e",
        "bam.sex": "baefa9d6f18b22287ff81b048816e8f7da64b8a198b86341d32ec09563e22a48",
        "bam.validate": "f73b69e6270cf767e0d8a99e2a78c8a3d5b241d8ad0bf4c8ba8f5626fcafc9c2"
      },
      "param_bindings_hash": "8b3651212069a88f5c12b8b0dbba413594bad52ed6d279ea01c8740467ece281",
      "tool_bindings": {
        "bam.authenticity": "authenticct",
        "bam.contamination": "authenticct",
        "bam.coverage": "mosdepth",
        "bam.damage": "pydamage",
        "bam.duplication_metrics": "samtools",
        "bam.endogenous_content": "samtools",
        "bam.filter": "samtools",
        "bam.length_filter": "samtools",
        "bam.mapping_summary": "samtools",
        "bam.mapq_filter": "samtools",
        "bam.sex": "rxy",
        "bam.validate": "samtools"
      },
      "tool_bindings_hash": "5e5dd8e4bd9048651036a92e0f6ded621925c0354dceb4c94f14ae3d1cc68b67"
    },
    "manifest": {
      "invariants_preset": "adna",
      "library_model": {
        "assay_kind": "shotgun",
        "layout": "paired_end",
        "platform_hint": "illumina",
        "udg_treatment": "none"
      },
      "param_hashes": {
        "bam.authenticity": "7c7899cf9ab029db7328b1f9d02947a276fcb6c27db18089cc35fde6fb3c15cc",
        "bam.contamination": "052f8338d978b8923e0adf167dd2d960adc90cc50105cad9bf99f89a07eda600",
        "bam.coverage": "4e08e0fe3d9d60e17b5a2fb00312c712cc9cf182d2665960d41747cb376b9493",
        "bam.damage": "f4033357035aeb868a5082fff2a55f0cd367f03658cd845df490cc1dc400efc6",
        "bam.duplication_metrics": "d16177884920cd9cac3df9ab44826211fe3caa008a78b8838a3854d5ce95c440",
        "bam.endogenous_content": "b450c62e0e5512f2e5c193a7b44984fc92158c695c327f3d7d29e02641bdb4f5",
        "bam.filter": "bc17955610700ea43bcdc5a11db198d8524d23afcd0af978dec7dac0560fdbb6",
        "bam.length_filter": "05f99969eb491376ac21b147d9ada1d4a432d3e4f8a408f1b7bd966cad13b693",
        "bam.mapping_summary": "1ecb015a182d5b4089e50b33b96106648a2b528f96c9f5c3e40da54e780da0b9",
        "bam.mapq_filter": "3c12047dbf7a2291032a79d74221ef035b20895673722ef282efddf3a0a6b23e",
        "bam.sex": "baefa9d6f18b22287ff81b048816e8f7da64b8a198b86341d32ec09563e22a48",
        "bam.validate": "f73b69e6270cf767e0d8a99e2a78c8a3d5b241d8ad0bf4c8ba8f5626fcafc9c2"
      },
      "pipeline_id": "bam-to-bam__reference_adna__v1",
      "schema_version": "bijux.profile_manifest.v1",
      "schema_versions": {
        "defaults_ledger": "bijux.defaults_ledger.v1",
        "params": "by_stage",
        "profile_manifest": "bijux.profile_manifest.v1"
      },
      "stage_list": [
        "bam.authenticity",
        "bam.contamination",
        "bam.coverage",
        "bam.damage",
        "bam.duplication_metrics",
        "bam.endogenous_content",
        "bam.filter",
        "bam.length_filter",
        "bam.mapping_summary",
        "bam.mapq_filter",
        "bam.sex",
        "bam.validate"
      ],
      "tool_ids": {
        "bam.authenticity": "authenticct",
        "bam.contamination": "authenticct",
        "bam.coverage": "mosdepth",
        "bam.damage": "pydamage",
        "bam.duplication_metrics": "samtools",
        "bam.endogenous_content": "samtools",
        "bam.filter": "samtools",
        "bam.length_filter": "samtools",
        "bam.mapping_summary": "samtools",
        "bam.mapq_filter": "samtools",
        "bam.sex": "rxy",
        "bam.validate": "samtools"
      }
    },
    "profile_hash": "416e4f746553ddee3402397044ab20466d1586c1cf05fc0a23e8b5c3926d327f"
  },
  "fastq-to-bam__adna_shotgun__v1": {
    "drift_components": {
      "param_bindings": {
        "bam.align": "7043c7923ea578591315d8b835d059856b388598f89886505e40c696dc4959e4",
        "bam.authenticity": "7c7899cf9ab029db7328b1f9d02947a276fcb6c27db18089cc35fde6fb3c15cc",
        "bam.contamination": "052f8338d978b8923e0adf167dd2d960adc90cc50105cad9bf99f89a07eda600",
        "bam.coverage": "4e08e0fe3d9d60e17b5a2fb00312c712cc9cf182d2665960d41747cb376b9493",
        "bam.damage": "f4033357035aeb868a5082fff2a55f0cd367f03658cd845df490cc1dc400efc6",
        "bam.duplication_metrics": "d16177884920cd9cac3df9ab44826211fe3caa008a78b8838a3854d5ce95c440",
        "bam.endogenous_content": "b450c62e0e5512f2e5c193a7b44984fc92158c695c327f3d7d29e02641bdb4f5",
        "bam.filter": "bc17955610700ea43bcdc5a11db198d8524d23afcd0af978dec7dac0560fdbb6",
        "bam.length_filter": "05f99969eb491376ac21b147d9ada1d4a432d3e4f8a408f1b7bd966cad13b693",
        "bam.mapping_summary": "1ecb015a182d5b4089e50b33b96106648a2b528f96c9f5c3e40da54e780da0b9",
        "bam.mapq_filter": "3c12047dbf7a2291032a79d74221ef035b20895673722ef282efddf3a0a6b23e",
        "bam.qc_pre": "1ecb015a182d5b4089e50b33b96106648a2b528f96c9f5c3e40da54e780da0b9",
        "bam.sex": "baefa9d6f18b22287ff81b048816e8f7da64b8a198b86341d32ec09563e22a48",
        "bam.validate": "f73b69e6270cf767e0d8a99e2a78c8a3d5b241d8ad0bf4c8ba8f5626fcafc9c2",
        "core.prepare_reference": "44136fa355b3678a1146ad16f7e8649e94fb4fc21fe77e8310c060f61caaff8a",
        "fastq.correct_errors": "8b91ff3d4c5d2d832b8c03c18b098f38e33204824dc04b3665b35a379dddc5df",
        "fastq.detect_adapters": "686a4bd9ef18c0738f3030d5b56d85f59eeb02f273864e92eab4b7c3c3d88c45",
        "fastq.extract_umis": "ed924bf5ac256fcb8875f53af7f9a5ff3e6c4a9b22093b44ed6ee0f6d51010de",
        "fastq.filter_reads": "578cf743a57ec9554533b5b78fca6c48138b36cf39d1e953ea2e9dcea35b3df3",
        "fastq.merge_pairs": "50728c1c310af1925ed4edde213010ba15a1d7c0e1a553247d63176d13e29bb6",
        "fastq.profile_overrepresented_sequences": "27b81424e6b1541cfe2767a11fbfc9e285cba5ace4978f87dcec3f67930d76b4",
        "fastq.profile_read_lengths": "fddc5d881c3959d63c38b0576732d87482b02819f099f0ba22d41036988bc088",
        "fastq.profile_reads": "b77ee35203226165efe5c6b0096110334809137c1ac960739ed8dd0f7d47d5be",
        "fastq.report_qc": "297ed2acb71a2501a1a46d5e6c54c3ae7e5ea533f727ab81ff9b2a49651576d5",
        "fastq.screen_taxonomy": "629839a26906f0267a5f8452d5916b4bbb73a1e3474ff27caba8c62028975eef",
        "fastq.trim_polyg_tails": "7488c7f68e0b9fe499f063e5a21e6083008a9163c3dc2ffa05c51f64fe140a2b",
        "fastq.trim_reads": "34e3c83c409e09fc55a46a3027746ace54ab5925836028915d34966a8de6827a",
        "fastq.trim_terminal_damage": "cc0feabde576f574c4c555230b60010db695bc353e5737c2b19f873566bc0693",
        "fastq.validate_reads": "b2ddfba3215362ef80ed6605910b54efc3c17dfef041d563302aa285d639b212"
      },
      "param_bindings_hash": "3561b2c95a4919067c65b7d16bfa7f168bcf4675c42f0e52838a1f710f9c433a",
      "tool_bindings": {
        "bam.align": "bwa",
        "bam.authenticity": "authenticct",
        "bam.contamination": "authenticct",
        "bam.coverage": "mosdepth",
        "bam.damage": "pydamage",
        "bam.duplication_metrics": "samtools",
        "bam.endogenous_content": "samtools",
        "bam.filter": "samtools",
        "bam.length_filter": "samtools",
        "bam.mapping_summary": "samtools",
        "bam.mapq_filter": "samtools",
        "bam.qc_pre": "samtools",
        "bam.sex": "rxy",
        "bam.validate": "samtools",
        "core.prepare_reference": "samtools",
        "fastq.correct_errors": "rcorrector",
        "fastq.detect_adapters": "fastqc",
        "fastq.extract_umis": "umi_tools",
        "fastq.filter_reads": "fastp",
        "fastq.merge_pairs": "leehom",
        "fastq.profile_overrepresented_sequences": "fastqc",
        "fastq.profile_read_lengths": "seqkit_stats",
        "fastq.profile_reads": "seqkit_stats",
        "fastq.report_qc": "multiqc",
        "fastq.screen_taxonomy": "kraken2",
        "fastq.trim_polyg_tails": "fastp",
        "fastq.trim_reads": "adapterremoval",
        "fastq.trim_terminal_damage": "cutadapt",
        "fastq.validate_reads": "fastqvalidator"
      },
      "tool_bindings_hash": "0a8834936ff38e5dd599cc847b7d8cd6d93fe1164ffe2251e4a5f5355f5f2bc5"
    },
    "manifest": {
      "invariants_preset": "adna",
      "library_model": {
        "assay_kind": "shotgun",
        "layout": "paired_end",
        "platform_hint": "illumina",
        "udg_treatment": "none"
      },
      "param_hashes": {
        "bam.align": "7043c7923ea578591315d8b835d059856b388598f89886505e40c696dc4959e4",
        "bam.authenticity": "7c7899cf9ab029db7328b1f9d02947a276fcb6c27db18089cc35fde6fb3c15cc",
        "bam.contamination": "052f8338d978b8923e0adf167dd2d960adc90cc50105cad9bf99f89a07eda600",
        "bam.coverage": "4e08e0fe3d9d60e17b5a2fb00312c712cc9cf182d2665960d41747cb376b9493",
        "bam.damage": "f4033357035aeb868a5082fff2a55f0cd367f03658cd845df490cc1dc400efc6",
        "bam.duplication_metrics": "d16177884920cd9cac3df9ab44826211fe3caa008a78b8838a3854d5ce95c440",
        "bam.endogenous_content": "b450c62e0e5512f2e5c193a7b44984fc92158c695c327f3d7d29e02641bdb4f5",
        "bam.filter": "bc17955610700ea43bcdc5a11db198d8524d23afcd0af978dec7dac0560fdbb6",
        "bam.length_filter": "05f99969eb491376ac21b147d9ada1d4a432d3e4f8a408f1b7bd966cad13b693",
        "bam.mapping_summary": "1ecb015a182d5b4089e50b33b96106648a2b528f96c9f5c3e40da54e780da0b9",
        "bam.mapq_filter": "3c12047dbf7a2291032a79d74221ef035b20895673722ef282efddf3a0a6b23e",
        "bam.qc_pre": "1ecb015a182d5b4089e50b33b96106648a2b528f96c9f5c3e40da54e780da0b9",
        "bam.sex": "baefa9d6f18b22287ff81b048816e8f7da64b8a198b86341d32ec09563e22a48",
        "bam.validate": "f73b69e6270cf767e0d8a99e2a78c8a3d5b241d8ad0bf4c8ba8f5626fcafc9c2",
        "core.prepare_reference": "44136fa355b3678a1146ad16f7e8649e94fb4fc21fe77e8310c060f61caaff8a",
        "fastq.correct_errors": "8b91ff3d4c5d2d832b8c03c18b098f38e33204824dc04b3665b35a379dddc5df",
        "fastq.detect_adapters": "686a4bd9ef18c0738f3030d5b56d85f59eeb02f273864e92eab4b7c3c3d88c45",
        "fastq.extract_umis": "ed924bf5ac256fcb8875f53af7f9a5ff3e6c4a9b22093b44ed6ee0f6d51010de",
        "fastq.filter_reads": "578cf743a57ec9554533b5b78fca6c48138b36cf39d1e953ea2e9dcea35b3df3",
        "fastq.merge_pairs": "50728c1c310af1925ed4edde213010ba15a1d7c0e1a553247d63176d13e29bb6",
        "fastq.profile_overrepresented_sequences": "27b81424e6b1541cfe2767a11fbfc9e285cba5ace4978f87dcec3f67930d76b4",
        "fastq.profile_read_lengths": "fddc5d881c3959d63c38b0576732d87482b02819f099f0ba22d41036988bc088",
        "fastq.profile_reads": "b77ee35203226165efe5c6b0096110334809137c1ac960739ed8dd0f7d47d5be",
        "fastq.report_qc": "297ed2acb71a2501a1a46d5e6c54c3ae7e5ea533f727ab81ff9b2a49651576d5",
        "fastq.screen_taxonomy": "629839a26906f0267a5f8452d5916b4bbb73a1e3474ff27caba8c62028975eef",
        "fastq.trim_polyg_tails": "7488c7f68e0b9fe499f063e5a21e6083008a9163c3dc2ffa05c51f64fe140a2b",
        "fastq.trim_reads": "34e3c83c409e09fc55a46a3027746ace54ab5925836028915d34966a8de6827a",
        "fastq.trim_terminal_damage": "cc0feabde576f574c4c555230b60010db695bc353e5737c2b19f873566bc0693",
        "fastq.validate_reads": "b2ddfba3215362ef80ed6605910b54efc3c17dfef041d563302aa285d639b212"
      },
      "pipeline_id": "fastq-to-bam__adna_shotgun__v1",
      "schema_version": "bijux.profile_manifest.v1",
      "schema_versions": {
        "defaults_ledger": "bijux.defaults_ledger.v1",
        "params": "by_stage",
        "profile_manifest": "bijux.profile_manifest.v1"
      },
      "stage_list": [
        "bam.align",
        "bam.authenticity",
        "bam.contamination",
        "bam.coverage",
        "bam.damage",
        "bam.duplication_metrics",
        "bam.endogenous_content",
        "bam.filter",
        "bam.length_filter",
        "bam.mapping_summary",
        "bam.mapq_filter",
        "bam.qc_pre",
        "bam.sex",
        "bam.validate",
        "core.prepare_reference",
        "fastq.correct_errors",
        "fastq.detect_adapters",
        "fastq.extract_umis",
        "fastq.filter_reads",
        "fastq.merge_pairs",
        "fastq.profile_overrepresented_sequences",
        "fastq.profile_read_lengths",
        "fastq.profile_reads",
        "fastq.report_qc",
        "fastq.screen_taxonomy",
        "fastq.trim_polyg_tails",
        "fastq.trim_reads",
        "fastq.trim_terminal_damage",
        "fastq.validate_reads"
      ],
      "tool_ids": {
        "bam.align": "bwa",
        "bam.authenticity": "authenticct",
        "bam.contamination": "authenticct",
        "bam.coverage": "mosdepth",
        "bam.damage": "pydamage",
        "bam.duplication_metrics": "samtools",
        "bam.endogenous_content": "samtools",
        "bam.filter": "samtools",
        "bam.length_filter": "samtools",
        "bam.mapping_summary": "samtools",
        "bam.mapq_filter": "samtools",
        "bam.qc_pre": "samtools",
        "bam.sex": "rxy",
        "bam.validate": "samtools",
        "core.prepare_reference": "samtools",
        "fastq.correct_errors": "rcorrector",
        "fastq.detect_adapters": "fastqc",
        "fastq.extract_umis": "umi_tools",
        "fastq.filter_reads": "fastp",
        "fastq.merge_pairs": "leehom",
        "fastq.profile_overrepresented_sequences": "fastqc",
        "fastq.profile_read_lengths": "seqkit_stats",
        "fastq.profile_reads": "seqkit_stats",
        "fastq.report_qc": "multiqc",
        "fastq.screen_taxonomy": "kraken2",
        "fastq.trim_polyg_tails": "fastp",
        "fastq.trim_reads": "adapterremoval",
        "fastq.trim_terminal_damage": "cutadapt",
        "fastq.validate_reads": "fastqvalidator"
      }
    },
    "profile_hash": "89545c7c5598586e35511652f826ffc40828ea13aa9ebeb9c8cb8fb7572d238e"
  },
  "fastq-to-bam__default__v1": {
    "drift_components": {
      "param_bindings": {
        "bam.align": "7043c7923ea578591315d8b835d059856b388598f89886505e40c696dc4959e4",
        "bam.coverage": "4e08e0fe3d9d60e17b5a2fb00312c712cc9cf182d2665960d41747cb376b9493",
        "bam.damage": "f4033357035aeb868a5082fff2a55f0cd367f03658cd845df490cc1dc400efc6",
        "bam.filter": "bc17955610700ea43bcdc5a11db198d8524d23afcd0af978dec7dac0560fdbb6",
        "bam.mapping_summary": "1ecb015a182d5b4089e50b33b96106648a2b528f96c9f5c3e40da54e780da0b9",
        "bam.qc_pre": "1ecb015a182d5b4089e50b33b96106648a2b528f96c9f5c3e40da54e780da0b9",
        "bam.validate": "f73b69e6270cf767e0d8a99e2a78c8a3d5b241d8ad0bf4c8ba8f5626fcafc9c2",
        "core.prepare_reference": "44136fa355b3678a1146ad16f7e8649e94fb4fc21fe77e8310c060f61caaff8a",
        "fastq.correct_errors": "08429273c83193cbfe2b0f9ce84f868080cb4d82ef70ebcd53f3fb25bbdddf08",
        "fastq.detect_adapters": "0603326522ea26fae9d132cba533a693d708429f543ea7492b7e6d642159e82a",
        "fastq.extract_umis": "4fe98d1f16388e7c7cc6190f4353b9c8631da21cb1d03f569712bf7f7f1ad675",
        "fastq.filter_reads": "df22956ae2de0e2e2c200c2f751287ceaac742be389c24b0f5d15b121a94f030",
        "fastq.merge_pairs": "71ebfb79ab0ff937ad1d59bbf6ffd583776cfb74582138e8922060d05d679f99",
        "fastq.profile_overrepresented_sequences": "ed9075920a497ecd15d53c1d92c85532684ff3516d120389035006b10d1b6eb7",
        "fastq.profile_read_lengths": "cb2eff336e9203054e2bfa1362a585c0d8ee56802ad073482a4ca47543bb942b",
        "fastq.profile_reads": "4c449c4b3e410deb4ce394ed141383ce49b7d6f38dd1a836e88d2ec71d18e113",
        "fastq.report_qc": "cacaa6a51a94b6a1b19937dda463c483a938d9233be1aa9a01a724b29f1390e9",
        "fastq.screen_taxonomy": "45ce83782df062605cf146d79e86feec4245a1a0a7ddf561682d6cfc78250a8d",
        "fastq.trim_polyg_tails": "9f40036f31a4da6f2508782a60bdf82385dd8a43df43804817652d13aa3a90e6",
        "fastq.trim_reads": "e661dff7865360da8c5e09a773eba5feaf4ce06b3b3ab0bd81c867c97fdb88d6",
        "fastq.validate_reads": "2e19bfc31933dc710cc08780f4248866b7934b36df146d3878847dd406fa8c84"
      },
      "param_bindings_hash": "602b5af31c55c4ff28040a0868d54c9d5a601ce66967d53105df463aaabf8ec9",
      "tool_bindings": {
        "bam.align": "bwa",
        "bam.coverage": "mosdepth",
        "bam.damage": "pydamage",
        "bam.filter": "samtools",
        "bam.mapping_summary": "samtools",
        "bam.qc_pre": "samtools",
        "bam.validate": "samtools",
        "core.prepare_reference": "samtools",
        "fastq.correct_errors": "rcorrector",
        "fastq.detect_adapters": "fastqc",
        "fastq.extract_umis": "umi_tools",
        "fastq.filter_reads": "fastp",
        "fastq.merge_pairs": "pear",
        "fastq.profile_overrepresented_sequences": "fastqc",
        "fastq.profile_read_lengths": "seqkit_stats",
        "fastq.profile_reads": "seqkit_stats",
        "fastq.report_qc": "multiqc",
        "fastq.screen_taxonomy": "kraken2",
        "fastq.trim_polyg_tails": "fastp",
        "fastq.trim_reads": "fastp",
        "fastq.validate_reads": "fastqvalidator"
      },
      "tool_bindings_hash": "34c4512cde6ffd00db0c391a2696617178d2153ed5461542a7fed47ff4e02b63"
    },
    "manifest": {
      "invariants_preset": null,
      "library_model": {
        "assay_kind": "shotgun",
        "layout": "paired_end",
        "platform_hint": "illumina",
        "udg_treatment": "unknown"
      },
      "param_hashes": {
        "bam.align": "7043c7923ea578591315d8b835d059856b388598f89886505e40c696dc4959e4",
        "bam.coverage": "4e08e0fe3d9d60e17b5a2fb00312c712cc9cf182d2665960d41747cb376b9493",
        "bam.damage": "f4033357035aeb868a5082fff2a55f0cd367f03658cd845df490cc1dc400efc6",
        "bam.filter": "bc17955610700ea43bcdc5a11db198d8524d23afcd0af978dec7dac0560fdbb6",
        "bam.mapping_summary": "1ecb015a182d5b4089e50b33b96106648a2b528f96c9f5c3e40da54e780da0b9",
        "bam.qc_pre": "1ecb015a182d5b4089e50b33b96106648a2b528f96c9f5c3e40da54e780da0b9",
        "bam.validate": "f73b69e6270cf767e0d8a99e2a78c8a3d5b241d8ad0bf4c8ba8f5626fcafc9c2",
        "core.prepare_reference": "44136fa355b3678a1146ad16f7e8649e94fb4fc21fe77e8310c060f61caaff8a",
        "fastq.correct_errors": "08429273c83193cbfe2b0f9ce84f868080cb4d82ef70ebcd53f3fb25bbdddf08",
        "fastq.detect_adapters": "0603326522ea26fae9d132cba533a693d708429f543ea7492b7e6d642159e82a",
        "fastq.extract_umis": "4fe98d1f16388e7c7cc6190f4353b9c8631da21cb1d03f569712bf7f7f1ad675",
        "fastq.filter_reads": "df22956ae2de0e2e2c200c2f751287ceaac742be389c24b0f5d15b121a94f030",
        "fastq.merge_pairs": "71ebfb79ab0ff937ad1d59bbf6ffd583776cfb74582138e8922060d05d679f99",
        "fastq.profile_overrepresented_sequences": "ed9075920a497ecd15d53c1d92c85532684ff3516d120389035006b10d1b6eb7",
        "fastq.profile_read_lengths": "cb2eff336e9203054e2bfa1362a585c0d8ee56802ad073482a4ca47543bb942b",
        "fastq.profile_reads": "4c449c4b3e410deb4ce394ed141383ce49b7d6f38dd1a836e88d2ec71d18e113",
        "fastq.report_qc": "cacaa6a51a94b6a1b19937dda463c483a938d9233be1aa9a01a724b29f1390e9",
        "fastq.screen_taxonomy": "45ce83782df062605cf146d79e86feec4245a1a0a7ddf561682d6cfc78250a8d",
        "fastq.trim_polyg_tails": "9f40036f31a4da6f2508782a60bdf82385dd8a43df43804817652d13aa3a90e6",
        "fastq.trim_reads": "e661dff7865360da8c5e09a773eba5feaf4ce06b3b3ab0bd81c867c97fdb88d6",
        "fastq.validate_reads": "2e19bfc31933dc710cc08780f4248866b7934b36df146d3878847dd406fa8c84"
      },
      "pipeline_id": "fastq-to-bam__default__v1",
      "schema_version": "bijux.profile_manifest.v1",
      "schema_versions": {
        "defaults_ledger": "bijux.defaults_ledger.v1",
        "params": "by_stage",
        "profile_manifest": "bijux.profile_manifest.v1"
      },
      "stage_list": [
        "bam.align",
        "bam.coverage",
        "bam.damage",
        "bam.filter",
        "bam.mapping_summary",
        "bam.qc_pre",
        "bam.validate",
        "core.prepare_reference",
        "fastq.correct_errors",
        "fastq.detect_adapters",
        "fastq.extract_umis",
        "fastq.filter_reads",
        "fastq.merge_pairs",
        "fastq.profile_overrepresented_sequences",
        "fastq.profile_read_lengths",
        "fastq.profile_reads",
        "fastq.report_qc",
        "fastq.screen_taxonomy",
        "fastq.trim_polyg_tails",
        "fastq.trim_reads",
        "fastq.validate_reads"
      ],
      "tool_ids": {
        "bam.align": "bwa",
        "bam.coverage": "mosdepth",
        "bam.damage": "pydamage",
        "bam.filter": "samtools",
        "bam.mapping_summary": "samtools",
        "bam.qc_pre": "samtools",
        "bam.validate": "samtools",
        "core.prepare_reference": "samtools",
        "fastq.correct_errors": "rcorrector",
        "fastq.detect_adapters": "fastqc",
        "fastq.extract_umis": "umi_tools",
        "fastq.filter_reads": "fastp",
        "fastq.merge_pairs": "pear",
        "fastq.profile_overrepresented_sequences": "fastqc",
        "fastq.profile_read_lengths": "seqkit_stats",
        "fastq.profile_reads": "seqkit_stats",
        "fastq.report_qc": "multiqc",
        "fastq.screen_taxonomy": "kraken2",
        "fastq.trim_polyg_tails": "fastp",
        "fastq.trim_reads": "fastp",
        "fastq.validate_reads": "fastqvalidator"
      }
    },
    "profile_hash": "d98c3ef073a989b8d9cd490d6be45e2880b72c9490d2d1b2d7149c1495166877"
  },
  "fastq-to-fastq__adna__v1": {
    "drift_components": {
      "param_bindings": {
        "fastq.correct_errors": "8b91ff3d4c5d2d832b8c03c18b098f38e33204824dc04b3665b35a379dddc5df",
        "fastq.detect_adapters": "686a4bd9ef18c0738f3030d5b56d85f59eeb02f273864e92eab4b7c3c3d88c45",
        "fastq.extract_umis": "ed924bf5ac256fcb8875f53af7f9a5ff3e6c4a9b22093b44ed6ee0f6d51010de",
        "fastq.filter_reads": "578cf743a57ec9554533b5b78fca6c48138b36cf39d1e953ea2e9dcea35b3df3",
        "fastq.merge_pairs": "50728c1c310af1925ed4edde213010ba15a1d7c0e1a553247d63176d13e29bb6",
        "fastq.profile_overrepresented_sequences": "27b81424e6b1541cfe2767a11fbfc9e285cba5ace4978f87dcec3f67930d76b4",
        "fastq.profile_read_lengths": "fddc5d881c3959d63c38b0576732d87482b02819f099f0ba22d41036988bc088",
        "fastq.profile_reads": "b77ee35203226165efe5c6b0096110334809137c1ac960739ed8dd0f7d47d5be",
        "fastq.report_qc": "297ed2acb71a2501a1a46d5e6c54c3ae7e5ea533f727ab81ff9b2a49651576d5",
        "fastq.screen_taxonomy": "629839a26906f0267a5f8452d5916b4bbb73a1e3474ff27caba8c62028975eef",
        "fastq.trim_polyg_tails": "7488c7f68e0b9fe499f063e5a21e6083008a9163c3dc2ffa05c51f64fe140a2b",
        "fastq.trim_reads": "34e3c83c409e09fc55a46a3027746ace54ab5925836028915d34966a8de6827a",
        "fastq.trim_terminal_damage": "cc0feabde576f574c4c555230b60010db695bc353e5737c2b19f873566bc0693",
        "fastq.validate_reads": "b2ddfba3215362ef80ed6605910b54efc3c17dfef041d563302aa285d639b212"
      },
      "param_bindings_hash": "0787cfa6be718b02b637e99d5800aa201e3f782760ae0fe5fbf26890f02942ad",
      "tool_bindings": {
        "fastq.correct_errors": "rcorrector",
        "fastq.detect_adapters": "fastqc",
        "fastq.extract_umis": "umi_tools",
        "fastq.filter_reads": "fastp",
        "fastq.merge_pairs": "leehom",
        "fastq.profile_overrepresented_sequences": "fastqc",
        "fastq.profile_read_lengths": "seqkit_stats",
        "fastq.profile_reads": "seqkit_stats",
        "fastq.report_qc": "multiqc",
        "fastq.screen_taxonomy": "kraken2",
        "fastq.trim_polyg_tails": "fastp",
        "fastq.trim_reads": "adapterremoval",
        "fastq.trim_terminal_damage": "cutadapt",
        "fastq.validate_reads": "fastqvalidator"
      },
      "tool_bindings_hash": "5652b00331a48c42b24b248db84bfeb62a8c7b126d37df41a99909b0a0cb1aa7"
    },
    "manifest": {
      "invariants_preset": "adna",
      "library_model": {
        "assay_kind": "shotgun",
        "layout": "paired_end",
        "platform_hint": "illumina",
        "udg_treatment": "none"
      },
      "param_hashes": {
        "fastq.correct_errors": "8b91ff3d4c5d2d832b8c03c18b098f38e33204824dc04b3665b35a379dddc5df",
        "fastq.detect_adapters": "686a4bd9ef18c0738f3030d5b56d85f59eeb02f273864e92eab4b7c3c3d88c45",
        "fastq.extract_umis": "ed924bf5ac256fcb8875f53af7f9a5ff3e6c4a9b22093b44ed6ee0f6d51010de",
        "fastq.filter_reads": "578cf743a57ec9554533b5b78fca6c48138b36cf39d1e953ea2e9dcea35b3df3",
        "fastq.merge_pairs": "50728c1c310af1925ed4edde213010ba15a1d7c0e1a553247d63176d13e29bb6",
        "fastq.profile_overrepresented_sequences": "27b81424e6b1541cfe2767a11fbfc9e285cba5ace4978f87dcec3f67930d76b4",
        "fastq.profile_read_lengths": "fddc5d881c3959d63c38b0576732d87482b02819f099f0ba22d41036988bc088",
        "fastq.profile_reads": "b77ee35203226165efe5c6b0096110334809137c1ac960739ed8dd0f7d47d5be",
        "fastq.report_qc": "297ed2acb71a2501a1a46d5e6c54c3ae7e5ea533f727ab81ff9b2a49651576d5",
        "fastq.screen_taxonomy": "629839a26906f0267a5f8452d5916b4bbb73a1e3474ff27caba8c62028975eef",
        "fastq.trim_polyg_tails": "7488c7f68e0b9fe499f063e5a21e6083008a9163c3dc2ffa05c51f64fe140a2b",
        "fastq.trim_reads": "34e3c83c409e09fc55a46a3027746ace54ab5925836028915d34966a8de6827a",
        "fastq.trim_terminal_damage": "cc0feabde576f574c4c555230b60010db695bc353e5737c2b19f873566bc0693",
        "fastq.validate_reads": "b2ddfba3215362ef80ed6605910b54efc3c17dfef041d563302aa285d639b212"
      },
      "pipeline_id": "fastq-to-fastq__adna__v1",
      "schema_version": "bijux.profile_manifest.v1",
      "schema_versions": {
        "defaults_ledger": "bijux.defaults_ledger.v1",
        "params": "by_stage",
        "profile_manifest": "bijux.profile_manifest.v1"
      },
      "stage_list": [
        "fastq.correct_errors",
        "fastq.detect_adapters",
        "fastq.extract_umis",
        "fastq.filter_reads",
        "fastq.merge_pairs",
        "fastq.profile_overrepresented_sequences",
        "fastq.profile_read_lengths",
        "fastq.profile_reads",
        "fastq.report_qc",
        "fastq.screen_taxonomy",
        "fastq.trim_polyg_tails",
        "fastq.trim_reads",
        "fastq.trim_terminal_damage",
        "fastq.validate_reads"
      ],
      "tool_ids": {
        "fastq.correct_errors": "rcorrector",
        "fastq.detect_adapters": "fastqc",
        "fastq.extract_umis": "umi_tools",
        "fastq.filter_reads": "fastp",
        "fastq.merge_pairs": "leehom",
        "fastq.profile_overrepresented_sequences": "fastqc",
        "fastq.profile_read_lengths": "seqkit_stats",
        "fastq.profile_reads": "seqkit_stats",
        "fastq.report_qc": "multiqc",
        "fastq.screen_taxonomy": "kraken2",
        "fastq.trim_polyg_tails": "fastp",
        "fastq.trim_reads": "adapterremoval",
        "fastq.trim_terminal_damage": "cutadapt",
        "fastq.validate_reads": "fastqvalidator"
      }
    },
    "profile_hash": "8735c312c5cd365c44039fb462ea7882a52ca9c2e3792c761b18062d21614c3b"
  },
  "fastq-to-fastq__default__v1": {
    "drift_components": {
      "param_bindings": {
        "fastq.correct_errors": "08429273c83193cbfe2b0f9ce84f868080cb4d82ef70ebcd53f3fb25bbdddf08",
        "fastq.detect_adapters": "0603326522ea26fae9d132cba533a693d708429f543ea7492b7e6d642159e82a",
        "fastq.extract_umis": "4fe98d1f16388e7c7cc6190f4353b9c8631da21cb1d03f569712bf7f7f1ad675",
        "fastq.filter_reads": "df22956ae2de0e2e2c200c2f751287ceaac742be389c24b0f5d15b121a94f030",
        "fastq.merge_pairs": "71ebfb79ab0ff937ad1d59bbf6ffd583776cfb74582138e8922060d05d679f99",
        "fastq.profile_overrepresented_sequences": "ed9075920a497ecd15d53c1d92c85532684ff3516d120389035006b10d1b6eb7",
        "fastq.profile_read_lengths": "cb2eff336e9203054e2bfa1362a585c0d8ee56802ad073482a4ca47543bb942b",
        "fastq.profile_reads": "4c449c4b3e410deb4ce394ed141383ce49b7d6f38dd1a836e88d2ec71d18e113",
        "fastq.report_qc": "cacaa6a51a94b6a1b19937dda463c483a938d9233be1aa9a01a724b29f1390e9",
        "fastq.screen_taxonomy": "45ce83782df062605cf146d79e86feec4245a1a0a7ddf561682d6cfc78250a8d",
        "fastq.trim_polyg_tails": "9f40036f31a4da6f2508782a60bdf82385dd8a43df43804817652d13aa3a90e6",
        "fastq.trim_reads": "e661dff7865360da8c5e09a773eba5feaf4ce06b3b3ab0bd81c867c97fdb88d6",
        "fastq.validate_reads": "2e19bfc31933dc710cc08780f4248866b7934b36df146d3878847dd406fa8c84"
      },
      "param_bindings_hash": "b5f9a3d780ff477eb0d96338cbd5b4d2e1af88c9db0d47ee36d8af1c334ab699",
      "tool_bindings": {
        "fastq.correct_errors": "rcorrector",
        "fastq.detect_adapters": "fastqc",
        "fastq.extract_umis": "umi_tools",
        "fastq.filter_reads": "fastp",
        "fastq.merge_pairs": "pear",
        "fastq.profile_overrepresented_sequences": "fastqc",
        "fastq.profile_read_lengths": "seqkit_stats",
        "fastq.profile_reads": "seqkit_stats",
        "fastq.report_qc": "multiqc",
        "fastq.screen_taxonomy": "kraken2",
        "fastq.trim_polyg_tails": "fastp",
        "fastq.trim_reads": "fastp",
        "fastq.validate_reads": "fastqvalidator"
      },
      "tool_bindings_hash": "4c2d1c9c127bcc26e950752316285076fc58d3411afd6c544ad797aa645a5c4c"
    },
    "manifest": {
      "invariants_preset": null,
      "library_model": {
        "assay_kind": "unknown",
        "layout": "single_end",
        "platform_hint": "illumina",
        "udg_treatment": "unknown"
      },
      "param_hashes": {
        "fastq.correct_errors": "08429273c83193cbfe2b0f9ce84f868080cb4d82ef70ebcd53f3fb25bbdddf08",
        "fastq.detect_adapters": "0603326522ea26fae9d132cba533a693d708429f543ea7492b7e6d642159e82a",
        "fastq.extract_umis": "4fe98d1f16388e7c7cc6190f4353b9c8631da21cb1d03f569712bf7f7f1ad675",
        "fastq.filter_reads": "df22956ae2de0e2e2c200c2f751287ceaac742be389c24b0f5d15b121a94f030",
        "fastq.merge_pairs": "71ebfb79ab0ff937ad1d59bbf6ffd583776cfb74582138e8922060d05d679f99",
        "fastq.profile_overrepresented_sequences": "ed9075920a497ecd15d53c1d92c85532684ff3516d120389035006b10d1b6eb7",
        "fastq.profile_read_lengths": "cb2eff336e9203054e2bfa1362a585c0d8ee56802ad073482a4ca47543bb942b",
        "fastq.profile_reads": "4c449c4b3e410deb4ce394ed141383ce49b7d6f38dd1a836e88d2ec71d18e113",
        "fastq.report_qc": "cacaa6a51a94b6a1b19937dda463c483a938d9233be1aa9a01a724b29f1390e9",
        "fastq.screen_taxonomy": "45ce83782df062605cf146d79e86feec4245a1a0a7ddf561682d6cfc78250a8d",
        "fastq.trim_polyg_tails": "9f40036f31a4da6f2508782a60bdf82385dd8a43df43804817652d13aa3a90e6",
        "fastq.trim_reads": "e661dff7865360da8c5e09a773eba5feaf4ce06b3b3ab0bd81c867c97fdb88d6",
        "fastq.validate_reads": "2e19bfc31933dc710cc08780f4248866b7934b36df146d3878847dd406fa8c84"
      },
      "pipeline_id": "fastq-to-fastq__default__v1",
      "schema_version": "bijux.profile_manifest.v1",
      "schema_versions": {
        "defaults_ledger": "bijux.defaults_ledger.v1",
        "params": "by_stage",
        "profile_manifest": "bijux.profile_manifest.v1"
      },
      "stage_list": [
        "fastq.correct_errors",
        "fastq.detect_adapters",
        "fastq.extract_umis",
        "fastq.filter_reads",
        "fastq.merge_pairs",
        "fastq.profile_overrepresented_sequences",
        "fastq.profile_read_lengths",
        "fastq.profile_reads",
        "fastq.report_qc",
        "fastq.screen_taxonomy",
        "fastq.trim_polyg_tails",
        "fastq.trim_reads",
        "fastq.validate_reads"
      ],
      "tool_ids": {
        "fastq.correct_errors": "rcorrector",
        "fastq.detect_adapters": "fastqc",
        "fastq.extract_umis": "umi_tools",
        "fastq.filter_reads": "fastp",
        "fastq.merge_pairs": "pear",
        "fastq.profile_overrepresented_sequences": "fastqc",
        "fastq.profile_read_lengths": "seqkit_stats",
        "fastq.profile_reads": "seqkit_stats",
        "fastq.report_qc": "multiqc",
        "fastq.screen_taxonomy": "kraken2",
        "fastq.trim_polyg_tails": "fastp",
        "fastq.trim_reads": "fastp",
        "fastq.validate_reads": "fastqvalidator"
      }
    },
    "profile_hash": "5b7559ab284966c8ab2ad4e116ae09c41d2113f01ba2c04f2137e98da12dc2bd"
  },
  "fastq-to-fastq__minimal__v1": {
    "drift_components": {
      "param_bindings": {
        "fastq.correct_errors": "08429273c83193cbfe2b0f9ce84f868080cb4d82ef70ebcd53f3fb25bbdddf08",
        "fastq.detect_adapters": "0603326522ea26fae9d132cba533a693d708429f543ea7492b7e6d642159e82a",
        "fastq.extract_umis": "4fe98d1f16388e7c7cc6190f4353b9c8631da21cb1d03f569712bf7f7f1ad675",
        "fastq.filter_reads": "df22956ae2de0e2e2c200c2f751287ceaac742be389c24b0f5d15b121a94f030",
        "fastq.merge_pairs": "71ebfb79ab0ff937ad1d59bbf6ffd583776cfb74582138e8922060d05d679f99",
        "fastq.profile_overrepresented_sequences": "ed9075920a497ecd15d53c1d92c85532684ff3516d120389035006b10d1b6eb7",
        "fastq.profile_read_lengths": "cb2eff336e9203054e2bfa1362a585c0d8ee56802ad073482a4ca47543bb942b",
        "fastq.profile_reads": "4c449c4b3e410deb4ce394ed141383ce49b7d6f38dd1a836e88d2ec71d18e113",
        "fastq.report_qc": "cacaa6a51a94b6a1b19937dda463c483a938d9233be1aa9a01a724b29f1390e9",
        "fastq.screen_taxonomy": "45ce83782df062605cf146d79e86feec4245a1a0a7ddf561682d6cfc78250a8d",
        "fastq.trim_polyg_tails": "9f40036f31a4da6f2508782a60bdf82385dd8a43df43804817652d13aa3a90e6",
        "fastq.trim_reads": "e661dff7865360da8c5e09a773eba5feaf4ce06b3b3ab0bd81c867c97fdb88d6",
        "fastq.validate_reads": "2e19bfc31933dc710cc08780f4248866b7934b36df146d3878847dd406fa8c84"
      },
      "param_bindings_hash": "b5f9a3d780ff477eb0d96338cbd5b4d2e1af88c9db0d47ee36d8af1c334ab699",
      "tool_bindings": {
        "fastq.correct_errors": "rcorrector",
        "fastq.detect_adapters": "fastqc",
        "fastq.extract_umis": "umi_tools",
        "fastq.filter_reads": "fastp",
        "fastq.merge_pairs": "pear",
        "fastq.profile_overrepresented_sequences": "fastqc",
        "fastq.profile_read_lengths": "seqkit_stats",
        "fastq.profile_reads": "seqkit_stats",
        "fastq.report_qc": "multiqc",
        "fastq.screen_taxonomy": "kraken2",
        "fastq.trim_polyg_tails": "fastp",
        "fastq.trim_reads": "fastp",
        "fastq.validate_reads": "fastqvalidator"
      },
      "tool_bindings_hash": "4c2d1c9c127bcc26e950752316285076fc58d3411afd6c544ad797aa645a5c4c"
    },
    "manifest": {
      "invariants_preset": null,
      "library_model": {
        "assay_kind": "unknown",
        "layout": "single_end",
        "platform_hint": "illumina",
        "udg_treatment": "unknown"
      },
      "param_hashes": {
        "fastq.correct_errors": "08429273c83193cbfe2b0f9ce84f868080cb4d82ef70ebcd53f3fb25bbdddf08",
        "fastq.detect_adapters": "0603326522ea26fae9d132cba533a693d708429f543ea7492b7e6d642159e82a",
        "fastq.extract_umis": "4fe98d1f16388e7c7cc6190f4353b9c8631da21cb1d03f569712bf7f7f1ad675",
        "fastq.filter_reads": "df22956ae2de0e2e2c200c2f751287ceaac742be389c24b0f5d15b121a94f030",
        "fastq.merge_pairs": "71ebfb79ab0ff937ad1d59bbf6ffd583776cfb74582138e8922060d05d679f99",
        "fastq.profile_overrepresented_sequences": "ed9075920a497ecd15d53c1d92c85532684ff3516d120389035006b10d1b6eb7",
        "fastq.profile_read_lengths": "cb2eff336e9203054e2bfa1362a585c0d8ee56802ad073482a4ca47543bb942b",
        "fastq.profile_reads": "4c449c4b3e410deb4ce394ed141383ce49b7d6f38dd1a836e88d2ec71d18e113",
        "fastq.report_qc": "cacaa6a51a94b6a1b19937dda463c483a938d9233be1aa9a01a724b29f1390e9",
        "fastq.screen_taxonomy": "45ce83782df062605cf146d79e86feec4245a1a0a7ddf561682d6cfc78250a8d",
        "fastq.trim_polyg_tails": "9f40036f31a4da6f2508782a60bdf82385dd8a43df43804817652d13aa3a90e6",
        "fastq.trim_reads": "e661dff7865360da8c5e09a773eba5feaf4ce06b3b3ab0bd81c867c97fdb88d6",
        "fastq.validate_reads": "2e19bfc31933dc710cc08780f4248866b7934b36df146d3878847dd406fa8c84"
      },
      "pipeline_id": "fastq-to-fastq__minimal__v1",
      "schema_version": "bijux.profile_manifest.v1",
      "schema_versions": {
        "defaults_ledger": "bijux.defaults_ledger.v1",
        "params": "by_stage",
        "profile_manifest": "bijux.profile_manifest.v1"
      },
      "stage_list": [
        "fastq.correct_errors",
        "fastq.detect_adapters",
        "fastq.extract_umis",
        "fastq.filter_reads",
        "fastq.merge_pairs",
        "fastq.profile_overrepresented_sequences",
        "fastq.profile_read_lengths",
        "fastq.profile_reads",
        "fastq.report_qc",
        "fastq.screen_taxonomy",
        "fastq.trim_polyg_tails",
        "fastq.trim_reads",
        "fastq.validate_reads"
      ],
      "tool_ids": {
        "fastq.correct_errors": "rcorrector",
        "fastq.detect_adapters": "fastqc",
        "fastq.extract_umis": "umi_tools",
        "fastq.filter_reads": "fastp",
        "fastq.merge_pairs": "pear",
        "fastq.profile_overrepresented_sequences": "fastqc",
        "fastq.profile_read_lengths": "seqkit_stats",
        "fastq.profile_reads": "seqkit_stats",
        "fastq.report_qc": "multiqc",
        "fastq.screen_taxonomy": "kraken2",
        "fastq.trim_polyg_tails": "fastp",
        "fastq.trim_reads": "fastp",
        "fastq.validate_reads": "fastqvalidator"
      }
    },
    "profile_hash": "b789201d8eba58a5f98c039042321edc8f69b02e9c096e5235831c2a518d0ada"
  },
  "fastq-to-fastq__reference_adna__v1": {
    "drift_components": {
      "param_bindings": {
        "fastq.correct_errors": "8b91ff3d4c5d2d832b8c03c18b098f38e33204824dc04b3665b35a379dddc5df",
        "fastq.detect_adapters": "686a4bd9ef18c0738f3030d5b56d85f59eeb02f273864e92eab4b7c3c3d88c45",
        "fastq.extract_umis": "ed924bf5ac256fcb8875f53af7f9a5ff3e6c4a9b22093b44ed6ee0f6d51010de",
        "fastq.filter_low_complexity": "9f87c0a7b5bd23cfe60b142cce2543a36e028dc02c5b5353d6c7971772c4eb50",
        "fastq.filter_reads": "578cf743a57ec9554533b5b78fca6c48138b36cf39d1e953ea2e9dcea35b3df3",
        "fastq.merge_pairs": "50728c1c310af1925ed4edde213010ba15a1d7c0e1a553247d63176d13e29bb6",
        "fastq.profile_overrepresented_sequences": "27b81424e6b1541cfe2767a11fbfc9e285cba5ace4978f87dcec3f67930d76b4",
        "fastq.profile_read_lengths": "fddc5d881c3959d63c38b0576732d87482b02819f099f0ba22d41036988bc088",
        "fastq.profile_reads": "b77ee35203226165efe5c6b0096110334809137c1ac960739ed8dd0f7d47d5be",
        "fastq.report_qc": "297ed2acb71a2501a1a46d5e6c54c3ae7e5ea533f727ab81ff9b2a49651576d5",
        "fastq.screen_taxonomy": "86027c65f28a8cb5c444b08f0f55e2cc4c2d29946b6e3d7f3b0061a3f8048456",
        "fastq.trim_polyg_tails": "7488c7f68e0b9fe499f063e5a21e6083008a9163c3dc2ffa05c51f64fe140a2b",
        "fastq.trim_reads": "34e3c83c409e09fc55a46a3027746ace54ab5925836028915d34966a8de6827a",
        "fastq.trim_terminal_damage": "cc0feabde576f574c4c555230b60010db695bc353e5737c2b19f873566bc0693",
        "fastq.validate_reads": "b2ddfba3215362ef80ed6605910b54efc3c17dfef041d563302aa285d639b212"
      },
      "param_bindings_hash": "8b0ff2431b2ded858b955c4288a9270074b8efb9b52f28d231bc5f5e6a440404",
      "tool_bindings": {
        "fastq.correct_errors": "rcorrector",
        "fastq.detect_adapters": "fastqc",
        "fastq.extract_umis": "umi_tools",
        "fastq.filter_low_complexity": "bbduk",
        "fastq.filter_reads": "fastp",
        "fastq.merge_pairs": "vsearch",
        "fastq.profile_overrepresented_sequences": "fastqc",
        "fastq.profile_read_lengths": "seqkit_stats",
        "fastq.profile_reads": "seqkit_stats",
        "fastq.report_qc": "multiqc",
        "fastq.screen_taxonomy": "kraken2",
        "fastq.trim_polyg_tails": "fastp",
        "fastq.trim_reads": "fastp",
        "fastq.trim_terminal_damage": "cutadapt",
        "fastq.validate_reads": "fastqvalidator"
      },
      "tool_bindings_hash": "3d34f79517d4edcbb6fd24bbef54ffa8f16766a3a345de208e4347657960110b"
    },
    "manifest": {
      "invariants_preset": "reference_adna",
      "library_model": {
        "assay_kind": "shotgun",
        "layout": "paired_end",
        "platform_hint": "illumina",
        "udg_treatment": "none"
      },
      "param_hashes": {
        "fastq.correct_errors": "8b91ff3d4c5d2d832b8c03c18b098f38e33204824dc04b3665b35a379dddc5df",
        "fastq.detect_adapters": "686a4bd9ef18c0738f3030d5b56d85f59eeb02f273864e92eab4b7c3c3d88c45",
        "fastq.extract_umis": "ed924bf5ac256fcb8875f53af7f9a5ff3e6c4a9b22093b44ed6ee0f6d51010de",
        "fastq.filter_low_complexity": "9f87c0a7b5bd23cfe60b142cce2543a36e028dc02c5b5353d6c7971772c4eb50",
        "fastq.filter_reads": "578cf743a57ec9554533b5b78fca6c48138b36cf39d1e953ea2e9dcea35b3df3",
        "fastq.merge_pairs": "50728c1c310af1925ed4edde213010ba15a1d7c0e1a553247d63176d13e29bb6",
        "fastq.profile_overrepresented_sequences": "27b81424e6b1541cfe2767a11fbfc9e285cba5ace4978f87dcec3f67930d76b4",
        "fastq.profile_read_lengths": "fddc5d881c3959d63c38b0576732d87482b02819f099f0ba22d41036988bc088",
        "fastq.profile_reads": "b77ee35203226165efe5c6b0096110334809137c1ac960739ed8dd0f7d47d5be",
        "fastq.report_qc": "297ed2acb71a2501a1a46d5e6c54c3ae7e5ea533f727ab81ff9b2a49651576d5",
        "fastq.screen_taxonomy": "86027c65f28a8cb5c444b08f0f55e2cc4c2d29946b6e3d7f3b0061a3f8048456",
        "fastq.trim_polyg_tails": "7488c7f68e0b9fe499f063e5a21e6083008a9163c3dc2ffa05c51f64fe140a2b",
        "fastq.trim_reads": "34e3c83c409e09fc55a46a3027746ace54ab5925836028915d34966a8de6827a",
        "fastq.trim_terminal_damage": "cc0feabde576f574c4c555230b60010db695bc353e5737c2b19f873566bc0693",
        "fastq.validate_reads": "b2ddfba3215362ef80ed6605910b54efc3c17dfef041d563302aa285d639b212"
      },
      "pipeline_id": "fastq-to-fastq__reference_adna__v1",
      "schema_version": "bijux.profile_manifest.v1",
      "schema_versions": {
        "defaults_ledger": "bijux.defaults_ledger.v1",
        "params": "by_stage",
        "profile_manifest": "bijux.profile_manifest.v1"
      },
      "stage_list": [
        "fastq.correct_errors",
        "fastq.detect_adapters",
        "fastq.extract_umis",
        "fastq.filter_low_complexity",
        "fastq.filter_reads",
        "fastq.merge_pairs",
        "fastq.profile_overrepresented_sequences",
        "fastq.profile_read_lengths",
        "fastq.profile_reads",
        "fastq.report_qc",
        "fastq.screen_taxonomy",
        "fastq.trim_polyg_tails",
        "fastq.trim_reads",
        "fastq.trim_terminal_damage",
        "fastq.validate_reads"
      ],
      "tool_ids": {
        "fastq.correct_errors": "rcorrector",
        "fastq.detect_adapters": "fastqc",
        "fastq.extract_umis": "umi_tools",
        "fastq.filter_low_complexity": "bbduk",
        "fastq.filter_reads": "fastp",
        "fastq.merge_pairs": "vsearch",
        "fastq.profile_overrepresented_sequences": "fastqc",
        "fastq.profile_read_lengths": "seqkit_stats",
        "fastq.profile_reads": "seqkit_stats",
        "fastq.report_qc": "multiqc",
        "fastq.screen_taxonomy": "kraken2",
        "fastq.trim_polyg_tails": "fastp",
        "fastq.trim_reads": "fastp",
        "fastq.trim_terminal_damage": "cutadapt",
        "fastq.validate_reads": "fastqvalidator"
      }
    },
    "profile_hash": "a9f2fd007e032f0acf9aed550486da3016bbbb3731f73d709f7cd911211acdf8"
  },
  "vcf-to-vcf__minimal__v1": {
    "drift_components": {
      "param_bindings": {
        "vcf.call": "86635f907526ee71a5832140ca0e32346b3bc2346974a64724717443ab9fefe7",
        "vcf.filter": "f7f4033433954107f82f9256052d713383e60e86effbcb5249a3722a64a45e8a",
        "vcf.stats": "89ae757a4c8c53f0fa0355b78a1af49f7514a35ee4a13900f7ed3485aea6d4ab"
      },
      "param_bindings_hash": "8dba1a5e94a202244194ca7e10966805ef199d0685c9097b5cbd9ac1442f5f7f",
      "tool_bindings": {
        "vcf.call": "bcftools",
        "vcf.filter": "bcftools",
        "vcf.stats": "bcftools"
      },
      "tool_bindings_hash": "498b8150aafedaeacaaec258fef4e873ee9dd5b4d3b8010623b794f5757603ee"
    },
    "manifest": {
      "invariants_preset": "vcf_minimal",
      "library_model": {
        "assay_kind": "unknown",
        "layout": "single_end",
        "platform_hint": "unknown",
        "udg_treatment": "unknown"
      },
      "param_hashes": {
        "vcf.call": "86635f907526ee71a5832140ca0e32346b3bc2346974a64724717443ab9fefe7",
        "vcf.filter": "f7f4033433954107f82f9256052d713383e60e86effbcb5249a3722a64a45e8a",
        "vcf.stats": "89ae757a4c8c53f0fa0355b78a1af49f7514a35ee4a13900f7ed3485aea6d4ab"
      },
      "pipeline_id": "vcf-to-vcf__minimal__v1",
      "schema_version": "bijux.profile_manifest.v1",
      "schema_versions": {
        "defaults_ledger": "bijux.defaults_ledger.v1",
        "params": "by_stage",
        "profile_manifest": "bijux.profile_manifest.v1"
      },
      "stage_list": [
        "vcf.call",
        "vcf.filter",
        "vcf.stats"
      ],
      "tool_ids": {
        "vcf.call": "bcftools",
        "vcf.filter": "bcftools",
        "vcf.stats": "bcftools"
      }
    },
    "profile_hash": "789ec3e9926c03ecb90f71f28115116e140accb996020dd20602caaf59b2937c"
  },
  "vcf-to-vcf__reference_basic__v1": {
    "drift_components": {
      "param_bindings": {
        "vcf.call": "b8bee7fe08a5db3e4929bea921f5cd4e0f7f7e2da7bc5cf44b58bf8093d5305f",
        "vcf.filter": "cd6beb5eb4a18b41354d57a05e19913a94061532f7e89d3ba1be0e7d9e2aceb4",
        "vcf.stats": "89ae757a4c8c53f0fa0355b78a1af49f7514a35ee4a13900f7ed3485aea6d4ab"
      },
      "param_bindings_hash": "5f5918672a54f9daeb95c1365e9a8d260c2630ee133f23ba99087a1b0722aa84",
      "tool_bindings": {
        "vcf.call": "bcftools",
        "vcf.filter": "bcftools",
        "vcf.stats": "bcftools"
      },
      "tool_bindings_hash": "498b8150aafedaeacaaec258fef4e873ee9dd5b4d3b8010623b794f5757603ee"
    },
    "manifest": {
      "invariants_preset": "vcf_minimal",
      "library_model": {
        "assay_kind": "unknown",
        "layout": "single_end",
        "platform_hint": "unknown",
        "udg_treatment": "unknown"
      },
      "param_hashes": {
        "vcf.call": "b8bee7fe08a5db3e4929bea921f5cd4e0f7f7e2da7bc5cf44b58bf8093d5305f",
        "vcf.filter": "cd6beb5eb4a18b41354d57a05e19913a94061532f7e89d3ba1be0e7d9e2aceb4",
        "vcf.stats": "89ae757a4c8c53f0fa0355b78a1af49f7514a35ee4a13900f7ed3485aea6d4ab"
      },
      "pipeline_id": "vcf-to-vcf__reference_basic__v1",
      "schema_version": "bijux.profile_manifest.v1",
      "schema_versions": {
        "defaults_ledger": "bijux.defaults_ledger.v1",
        "params": "by_stage",
        "profile_manifest": "bijux.profile_manifest.v1"
      },
      "stage_list": [
        "vcf.call",
        "vcf.filter",
        "vcf.stats"
      ],
      "tool_ids": {
        "vcf.call": "bcftools",
        "vcf.filter": "bcftools",
        "vcf.stats": "bcftools"
      }
    },
    "profile_hash": "ab8b21a7ab514828e0bd73d7ee1dd4ef9efdfaf8a6197d91615bef7dcdd279a8"
  }
}
